
 Start         Length     Name                   Class
 0001:00401000 0001A1D8H .text                   CODE
 0002:0041C000 00000164H .itext                  ICODE
 0003:0041D000 000000DCH .data                   DATA
 0004:0041E000 00000038H .bss                    BSS
 0005:00000000 00000000H .tls                    TLS


Detailed map of segments

 0001:00000000 000002C6 C=CODE     S=.text    G=(none)   M=System   ACBP=A9
 0001:000002C8 000001C3 C=CODE     S=.text    G=(none)   M=SysInit  ACBP=A9
 0001:0000048C 000000AC C=CODE     S=.text    G=(none)   M=Windows  ACBP=A9
 0001:00000538 00000196 C=CODE     S=.text    G=(none)   M=Classes  ACBP=A9
 0001:000006D0 00000006 C=CODE     S=.text    G=(none)   M=TypInfo  ACBP=A9
 0001:000006D8 00000086 C=CODE     S=.text    G=(none)   M=SysUtils ACBP=A9
 0001:00000760 000001BE C=CODE     S=.text    G=(none)   M=Variants ACBP=A9
 0001:00000920 00000006 C=CODE     S=.text    G=(none)   M=VarUtils ACBP=A9
 0001:00000928 00000016 C=CODE     S=.text    G=(none)   M=SyncObjs ACBP=A9
 0001:00000940 000002F1 C=CODE     S=.text    G=(none)   M=MethodCallBack ACBP=A9
 0001:00000C34 00000036 C=CODE     S=.text    G=(none)   M=Registry ACBP=A9
 0001:00000C6C 00000006 C=CODE     S=.text    G=(none)   M=IniFiles ACBP=A9
 0001:00000C74 00015081 C=CODE     S=.text    G=(none)   M=PythonEngine ACBP=A9
 0001:00015CF8 00000006 C=CODE     S=.text    G=(none)   M=Graphics ACBP=A9
 0001:00015D00 0000000E C=CODE     S=.text    G=(none)   M=Controls ACBP=A9
 0001:00015D10 00000006 C=CODE     S=.text    G=(none)   M=ActnList ACBP=A9
 0001:00015D18 00000006 C=CODE     S=.text    G=(none)   M=Themes   ACBP=A9
 0001:00015D20 00000006 C=CODE     S=.text    G=(none)   M=Menus    ACBP=A9
 0001:00015D28 00000006 C=CODE     S=.text    G=(none)   M=UxTheme  ACBP=A9
 0001:00015D30 00000006 C=CODE     S=.text    G=(none)   M=MultiMon ACBP=A9
 0001:00015D38 00000006 C=CODE     S=.text    G=(none)   M=DwmApi   ACBP=A9
 0001:00015D40 00000006 C=CODE     S=.text    G=(none)   M=Forms    ACBP=A9
 0001:00015D48 00000006 C=CODE     S=.text    G=(none)   M=HelpIntfs ACBP=A9
 0001:00015D50 0000000E C=CODE     S=.text    G=(none)   M=Dialogs  ACBP=A9
 0001:00015D60 00000006 C=CODE     S=.text    G=(none)   M=Printers ACBP=A9
 0001:00015D68 00000006 C=CODE     S=.text    G=(none)   M=ExtCtrls ACBP=A9
 0001:00015D70 00000006 C=CODE     S=.text    G=(none)   M=GraphUtil ACBP=A9
 0001:00015D78 00000006 C=CODE     S=.text    G=(none)   M=Clipbrd  ACBP=A9
 0001:00015D80 00000006 C=CODE     S=.text    G=(none)   M=FlatSB   ACBP=A9
 0001:00015D88 00000006 C=CODE     S=.text    G=(none)   M=ComCtrls ACBP=A9
 0001:00015D90 00000006 C=CODE     S=.text    G=(none)   M=ExtActns ACBP=A9
 0001:00015D98 00000006 C=CODE     S=.text    G=(none)   M=ExtDlgs  ACBP=A9
 0001:00015DA0 00000006 C=CODE     S=.text    G=(none)   M=Buttons  ACBP=A9
 0001:00015DA8 00000006 C=CODE     S=.text    G=(none)   M=Mapi     ACBP=A9
 0001:00015DB0 00000352 C=CODE     S=.text    G=(none)   M=PythonGUIInputOutput ACBP=A9
 0001:00016104 00000006 C=CODE     S=.text    G=(none)   M=ComObj   ACBP=A9
 0001:0001610C 000007FE C=CODE     S=.text    G=(none)   M=PythonAtom ACBP=A9
 0001:0001690C 0000016E C=CODE     S=.text    G=(none)   M=AtomPythonEngine ACBP=A9
 0001:00016A7C 0000350A C=CODE     S=.text    G=(none)   M=VarPyth  ACBP=A9
 0001:00019F88 0000024F C=CODE     S=.text    G=(none)   M=.Python_d7 ACBP=A9
 0002:00000000 00000006 C=ICODE    S=.itext   G=(none)   M=System   ACBP=A9
 0002:00000008 00000011 C=ICODE    S=.itext   G=(none)   M=Windows  ACBP=A9
 0002:0000001C 00000006 C=ICODE    S=.itext   G=(none)   M=Classes  ACBP=A9
 0002:00000024 00000006 C=ICODE    S=.itext   G=(none)   M=TypInfo  ACBP=A9
 0002:0000002C 00000006 C=ICODE    S=.itext   G=(none)   M=SysUtils ACBP=A9
 0002:00000034 00000006 C=ICODE    S=.itext   G=(none)   M=Variants ACBP=A9
 0002:0000003C 00000006 C=ICODE    S=.itext   G=(none)   M=VarUtils ACBP=A9
 0002:00000044 0000001B C=ICODE    S=.itext   G=(none)   M=MethodCallBack ACBP=A9
 0002:00000060 00000006 C=ICODE    S=.itext   G=(none)   M=Registry ACBP=A9
 0002:00000068 00000006 C=ICODE    S=.itext   G=(none)   M=IniFiles ACBP=A9
 0002:00000070 00000008 C=ICODE    S=.itext   G=(none)   M=PythonEngine ACBP=A9
 0002:00000078 00000006 C=ICODE    S=.itext   G=(none)   M=Graphics ACBP=A9
 0002:00000080 00000006 C=ICODE    S=.itext   G=(none)   M=Controls ACBP=A9
 0002:00000088 00000006 C=ICODE    S=.itext   G=(none)   M=ActnList ACBP=A9
 0002:00000090 00000006 C=ICODE    S=.itext   G=(none)   M=Themes   ACBP=A9
 0002:00000098 00000006 C=ICODE    S=.itext   G=(none)   M=Menus    ACBP=A9
 0002:000000A0 00000006 C=ICODE    S=.itext   G=(none)   M=UxTheme  ACBP=A9
 0002:000000A8 00000006 C=ICODE    S=.itext   G=(none)   M=MultiMon ACBP=A9
 0002:000000B0 00000006 C=ICODE    S=.itext   G=(none)   M=DwmApi   ACBP=A9
 0002:000000B8 00000006 C=ICODE    S=.itext   G=(none)   M=Forms    ACBP=A9
 0002:000000C0 00000006 C=ICODE    S=.itext   G=(none)   M=HelpIntfs ACBP=A9
 0002:000000C8 00000006 C=ICODE    S=.itext   G=(none)   M=Dialogs  ACBP=A9
 0002:000000D0 00000006 C=ICODE    S=.itext   G=(none)   M=Printers ACBP=A9
 0002:000000D8 00000006 C=ICODE    S=.itext   G=(none)   M=ExtCtrls ACBP=A9
 0002:000000E0 00000006 C=ICODE    S=.itext   G=(none)   M=GraphUtil ACBP=A9
 0002:000000E8 00000006 C=ICODE    S=.itext   G=(none)   M=Clipbrd  ACBP=A9
 0002:000000F0 00000006 C=ICODE    S=.itext   G=(none)   M=FlatSB   ACBP=A9
 0002:000000F8 00000006 C=ICODE    S=.itext   G=(none)   M=ComCtrls ACBP=A9
 0002:00000100 00000006 C=ICODE    S=.itext   G=(none)   M=ExtActns ACBP=A9
 0002:00000108 00000006 C=ICODE    S=.itext   G=(none)   M=ExtDlgs  ACBP=A9
 0002:00000110 00000006 C=ICODE    S=.itext   G=(none)   M=Buttons  ACBP=A9
 0002:00000118 00000006 C=ICODE    S=.itext   G=(none)   M=Mapi     ACBP=A9
 0002:00000120 00000008 C=ICODE    S=.itext   G=(none)   M=PythonGUIInputOutput ACBP=A9
 0002:00000128 00000006 C=ICODE    S=.itext   G=(none)   M=ComObj   ACBP=A9
 0002:00000130 00000008 C=ICODE    S=.itext   G=(none)   M=PythonAtom ACBP=A9
 0002:00000138 00000008 C=ICODE    S=.itext   G=(none)   M=AtomPythonEngine ACBP=A9
 0002:00000140 0000001B C=ICODE    S=.itext   G=(none)   M=VarPyth  ACBP=A9
 0002:0000015C 00000005 C=ICODE    S=.itext   G=(none)   M=.Python_d7 ACBP=A9
 0003:00000000 00000030 C=DATA     S=.data    G=DGROUP   M=SysInit  ACBP=A9
 0003:00000030 0000002A C=DATA     S=.data    G=DGROUP   M=MethodCallBack ACBP=A9
 0003:0000005C 00000074 C=DATA     S=.data    G=DGROUP   M=PythonEngine ACBP=A9
 0003:000000D0 00000004 C=DATA     S=.data    G=DGROUP   M=VarPyth  ACBP=A9
 0004:00000000 0000000C C=BSS      S=.bss     G=DGROUP   M=SysInit  ACBP=A9
 0004:0000000C 00000008 C=BSS      S=.bss     G=DGROUP   M=Windows  ACBP=A9
 0004:00000014 00000008 C=BSS      S=.bss     G=DGROUP   M=MethodCallBack ACBP=A9
 0004:0000001C 0000000C C=BSS      S=.bss     G=DGROUP   M=PythonEngine ACBP=A9
 0004:00000028 00000004 C=BSS      S=.bss     G=DGROUP   M=PythonGUIInputOutput ACBP=A9
 0004:0000002C 00000004 C=BSS      S=.bss     G=DGROUP   M=PythonAtom ACBP=A9
 0004:00000030 00000004 C=BSS      S=.bss     G=DGROUP   M=AtomPythonEngine ACBP=A9
 0004:00000034 00000004 C=BSS      S=.bss     G=DGROUP   M=VarPyth  ACBP=A9


  Address             Publics by Name

 0002:0000015C       .Python_d7..Python_d7
 0001:0001A1B8       .Python_d7.@GetPackageInfoTable
 0001:0001A1C0       .Python_d7.@PackageLoad
 0001:0001A1CC       .Python_d7.@PackageUnload
 0004:00000030       AtomPythonEngine..2
 0001:0001690C       AtomPythonEngine..TAtomPythonEngine
 0002:00000138       AtomPythonEngine.AtomPythonEngine
 0001:00016A4C       AtomPythonEngine.Finalization
 0001:00016A20       AtomPythonEngine.Register
 0001:000169EC       AtomPythonEngine.TAtomPythonEngine.PyObjectAsVariant
 0004:00000014       MethodCallBack..1
 0003:00000040       MethodCallBack.C1
 0003:00000044       MethodCallBack.C2
 0003:00000048       MethodCallBack.C3
 0004:00000018       MethodCallBack.CallBackList
 0001:00000BA0       MethodCallBack.DeleteCallBack
 0001:00000BFC       MethodCallBack.Finalization
 0001:00000BBC       MethodCallBack.FreeCallBacks
 0001:00000A80       MethodCallBack.GetCallBack
 0001:00000A4C       MethodCallBack.GetDDECallBack
 0001:00000A68       MethodCallBack.GetOfObjectCallBack
 0002:00000044       MethodCallBack.MethodCallBack
 0003:00000030       MethodCallBack.S1
 0004:0000002C       PythonAtom..2
 0001:00016190       PythonAtom..TPythonAtom
 0001:000168DC       PythonAtom.Finalization
 0001:00016218       PythonAtom.GetAtom
 0001:0001646C       PythonAtom.IsBasicType
 0001:000164C4       PythonAtom.IsCallableType
 0002:00000130       PythonAtom.PythonAtom
 0001:000168CC       PythonAtom.TPythonAtom.AddRef
 0001:00016260       PythonAtom.TPythonAtom.Create
 0001:000162A4       PythonAtom.TPythonAtom.Destroy
 0001:000162DC       PythonAtom.TPythonAtom.GetAsAtom
 0001:00016348       PythonAtom.TPythonAtom.GetIDsOfNames
 0001:00016454       PythonAtom.TPythonAtom.GetTypeInfo
 0001:00016460       PythonAtom.TPythonAtom.GetTypeInfoCount
 0001:000164F4       PythonAtom.TPythonAtom.Invoke
 0001:00016880       PythonAtom.TPythonAtom.PythonAddRef
 0001:00016898       PythonAtom.TPythonAtom.PythonRelease
 0001:000168D4       PythonAtom.TPythonAtom.Release
 0001:000168B0       PythonAtom.TPythonAtom.SetPythonObject
 0001:00016238       PythonAtom.WideCharToShortString
 0004:0000001C       PythonEngine..77
 0001:000010B8       PythonEngine..EDLLImportError
 0001:00001030       PythonEngine..EDLLLoadError
 0001:00001398       PythonEngine..EPyArithmeticError
 0001:000014B8       PythonEngine..EPyAssertionError
 0001:00001548       PythonEngine..EPyAttributeError
 0001:0000268C       PythonEngine..EPyDeprecationWarning
 0001:000016F4       PythonEngine..EPyEnvironmentError
 0001:000015D8       PythonEngine..EPyEOFError
 0001:00001280       PythonEngine..EPyException
 0001:000011F8       PythonEngine..EPyExecError
 0001:0000165C       PythonEngine..EPyFloatingPointError
 0001:00001890       PythonEngine..EPyImportError
 0001:00001E34       PythonEngine..EPyIndentationError
 0001:0000191C       PythonEngine..EPyIndexError
 0001:00001788       PythonEngine..EPyIOError
 0001:00001A28       PythonEngine..EPyKeyboardInterrupt
 0001:000019A4       PythonEngine..EPyKeyError
 0001:0000142C       PythonEngine..EPyLookupError
 0001:00001AC0       PythonEngine..EPyMemoryError
 0001:00001B4C       PythonEngine..EPyNameError
 0001:00001CF0       PythonEngine..EPyNotImplementedError
 0001:0000180C       PythonEngine..EPyOSError
 0001:00001BD4       PythonEngine..EPyOverflowError
 0001:000028DC       PythonEngine..EPyOverflowWarning
 0001:00002A00       PythonEngine..EPyReferenceError
 0001:00001C64       PythonEngine..EPyRuntimeError
 0001:00002970       PythonEngine..EPyRuntimeWarning
 0001:00001308       PythonEngine..EPyStandardError
 0001:000024EC       PythonEngine..EPyStopIteration
 0001:00001D8C       PythonEngine..EPySyntaxError
 0001:0000284C       PythonEngine..EPySyntaxWarning
 0001:00001F4C       PythonEngine..EPySystemError
 0001:00001FD8       PythonEngine..EPySystemExit
 0001:00001EC8       PythonEngine..EPyTabError
 0001:00001158       PythonEngine..EPythonError
 0001:00002060       PythonEngine..EPyTypeError
 0001:000020E8       PythonEngine..EPyUnboundLocalError
 0001:00002208       PythonEngine..EPyUnicodeError
 0001:00002600       PythonEngine..EPyUserWarning
 0001:00002180       PythonEngine..EPyValueError
 0001:0000257C       PythonEngine..EPyWarning
 0001:00002A90       PythonEngine..EPyWindowsError
 0001:00002454       PythonEngine..EPyZeroDivisionError
 0001:000027C4       PythonEngine..FutureWarning
 0001:00002724       PythonEngine..PendingDeprecationWarning
 0001:00002D38       PythonEngine..TDynamicDll
 0001:000035E0       PythonEngine..TEngineClient
 0001:00003DA8       PythonEngine..TError
 0001:00003EE8       PythonEngine..TErrors
 0001:00003814       PythonEngine..TEventDef
 0001:00003934       PythonEngine..TEventDefs
 0001:00003BA8       PythonEngine..TGetSetContainer
 0001:00003AD8       PythonEngine..TMembersContainer
 0001:000039E8       PythonEngine..TMethodsContainer
 0001:00003CB4       PythonEngine..TParentClassError
 0001:00004104       PythonEngine..TPyObject
 0001:00004AC8       PythonEngine..TPythonDelphiVar
 0001:0000336C       PythonEngine..TPythonEngine
 0001:00002B98       PythonEngine..TPythonInputOutput
 0001:00002FE8       PythonEngine..TPythonInterface
 0001:00003F94       PythonEngine..TPythonModule
 0001:00004EA4       PythonEngine..TPythonThread
 0001:000032DC       PythonEngine..TPythonTraceback
 0001:00004800       PythonEngine..TPythonType
 0001:00004CA8       PythonEngine..TPyVar
 0001:00003234       PythonEngine..TTracebackItem
 0001:000046BC       PythonEngine..TTypeServices
 0001:00002328       PythonEngine..UnicodeDecodeError
 0001:00002294       PythonEngine..UnicodeEncodeError
 0001:000023BC       PythonEngine..UnicodeTranslateError
 0001:00014BD8       PythonEngine.AdjustName
 0001:0000DDE8       PythonEngine.ArrayVarDim1
 0001:0000DED0       PythonEngine.ArrayVarDim2
 0001:0000E05C       PythonEngine.ArrayVarDim3
 0001:00011328       PythonEngine.CheckName
 0001:00014A70       PythonEngine.CheckVarName
 0001:0000C558       PythonEngine.Define
 0001:0000C604       PythonEngine.DefineSyntaxError
 0001:00005004       PythonEngine.DropLine
 0001:0000E9E4       PythonEngine.ExtractDate
 0001:00015CB0       PythonEngine.Finalization
 0001:000116C0       PythonEngine.FindParentClass
 0001:0001580C       PythonEngine.FindType
 0001:00013CC0       PythonEngine.FreeSubtypeInst
 0001:0000FFF8       PythonEngine.GetBit
 0001:0000B46C       PythonEngine.GetDateTimeTypes
 0001:000159B0       PythonEngine.GetPythonEngine
 0001:0000F008       PythonEngine.GetSequenceItem
 0001:0000E904       PythonEngine.GetStructMember
 0001:0000B3C0       PythonEngine.GetTimeStructType
 0001:0000CA9C       PythonEngine.GetTypeAsString
 0001:0000B334       PythonEngine.GetVal
 0004:00000020       PythonEngine.gPythonEngine
 0003:000000C0       PythonEngine.GUID_NULL
 0004:00000024       PythonEngine.gVarType
 0001:0001577C       PythonEngine.HandleType
 0001:00015A8C       PythonEngine.IsDelphiObject
 0001:00015888       PythonEngine.pyio_GetTypesStats
 0001:00015608       PythonEngine.pyio_read
 0001:000156B4       PythonEngine.pyio_SetDelayWrites
 0001:0001571C       PythonEngine.pyio_SetMaxLines
 0001:000154CC       PythonEngine.pyio_write
 0001:00012DB4       PythonEngine.PyObjectDestructor
 0002:00000070       PythonEngine.PythonEngine
 0001:00015A64       PythonEngine.PythonOK
 0001:00012CF8       PythonEngine.PythonToDelphi
 0003:0000005C       PythonEngine.PYTHON_KNOWN_VERSIONS
 0001:00015B08       PythonEngine.PyType_HasFeature
 0001:00015AB4       PythonEngine.Register
 0001:000100D8       PythonEngine.SetBit
 0001:0000B238       PythonEngine.SetFlag
 0001:00005624       PythonEngine.TDynamicDll.AfterLoad
 0001:00005610       PythonEngine.TDynamicDll.BeforeLoad
 0001:00005638       PythonEngine.TDynamicDll.BeforeUnload
 0001:000054A0       PythonEngine.TDynamicDll.Create
 0001:000054E8       PythonEngine.TDynamicDll.Destroy
 0001:000052C4       PythonEngine.TDynamicDll.DoOpenDll
 0001:0000533C       PythonEngine.TDynamicDll.GetDllPath
 0001:0000564C       PythonEngine.TDynamicDll.GetQuitMessage
 0001:0000551C       PythonEngine.TDynamicDll.Import
 0001:00005720       PythonEngine.TDynamicDll.IsAPIVersionStored
 0001:00005728       PythonEngine.TDynamicDll.IsDllNameStored
 0001:000055D4       PythonEngine.TDynamicDll.IsHandleValid
 0001:00005730       PythonEngine.TDynamicDll.IsRegVersionStored
 0001:000055DC       PythonEngine.TDynamicDll.LoadDll
 0001:000055B4       PythonEngine.TDynamicDll.Loaded
 0001:0000539C       PythonEngine.TDynamicDll.OpenDll
 0001:000056AC       PythonEngine.TDynamicDll.Quit
 0001:000055E8       PythonEngine.TDynamicDll.UnloadDll
 0001:00010510       PythonEngine.TEngineClient.CheckEngine
 0001:00010508       PythonEngine.TEngineClient.ClearEngine
 0001:000103A8       PythonEngine.TEngineClient.Create
 0001:00010444       PythonEngine.TEngineClient.Destroy
 0001:000104E8       PythonEngine.TEngineClient.Finalize
 0001:000104C8       PythonEngine.TEngineClient.Initialize
 0001:00010484       PythonEngine.TEngineClient.Loaded
 0001:000104A0       PythonEngine.TEngineClient.Notification
 0001:0001037C       PythonEngine.TEngineClient.SetEngine
 0003:000000B8       PythonEngine.tenthousand
 0001:00011680       PythonEngine.TError.Assign
 0001:000118D0       PythonEngine.TError.BuildError
 0001:00011608       PythonEngine.TError.Create
 0001:00011650       PythonEngine.TError.Destroy
 0001:00011304       PythonEngine.TError.GetDisplayName
 0001:00011D10       PythonEngine.TError.Owner
 0001:00011AC0       PythonEngine.TError.RaiseError
 0001:00011B00       PythonEngine.TError.RaiseErrorObj
 0001:000115C8       PythonEngine.TError.SetErrorType
 0001:00011548       PythonEngine.TError.SetName
 0001:000115F0       PythonEngine.TError.SetParentClass
 0001:000115A0       PythonEngine.TError.SetText
 0001:00011D9C       PythonEngine.TErrors.Add
 0001:00011D58       PythonEngine.TErrors.Create
 0001:00011D30       PythonEngine.TErrors.GetError
 0001:00011D4C       PythonEngine.TErrors.GetOwner
 0001:00011DA8       PythonEngine.TErrors.Owner
 0001:00011D44       PythonEngine.TErrors.SetError
 0001:00011D50       PythonEngine.TErrors.Update
 0001:0001077C       PythonEngine.TEventDef.Assign
 0001:00010574       PythonEngine.TEventDef.Create
 0001:0001063C       PythonEngine.TEventDef.Destroy
 0001:0001066C       PythonEngine.TEventDef.GetDisplayName
 0001:00010680       PythonEngine.TEventDef.GetDocString
 0001:0001074C       PythonEngine.TEventDef.Owner
 0001:0001070C       PythonEngine.TEventDef.PythonEvent
 0001:00010760       PythonEngine.TEventDef.SetDisplayName
 0001:000107BC       PythonEngine.TEventDef.SetDocString
 0001:00010830       PythonEngine.TEventDefs.Add
 0001:000107CC       PythonEngine.TEventDefs.Create
 0001:00010810       PythonEngine.TEventDefs.GetItems
 0001:0001082C       PythonEngine.TEventDefs.GetOwner
 0001:0001083C       PythonEngine.TEventDefs.RegisterEvents
 0001:00010824       PythonEngine.TEventDefs.SetItems
 0001:00011008       PythonEngine.TGetSetContainer.AddGetSet
 0001:0001105C       PythonEngine.TGetSetContainer.AllocGetSets
 0001:0001111C       PythonEngine.TGetSetContainer.ClearGetSets
 0001:00011140       PythonEngine.TGetSetContainer.Create
 0001:0001117C       PythonEngine.TGetSetContainer.Destroy
 0001:000111A8       PythonEngine.TGetSetContainer.Finalize
 0001:000111C4       PythonEngine.TGetSetContainer.FreeGetSets
 0001:000111F0       PythonEngine.TGetSetContainer.GetGetSet
 0001:0001127C       PythonEngine.TGetSetContainer.ReallocGetSets
 0001:00010C14       PythonEngine.TMembersContainer.AddMember
 0001:00010DD8       PythonEngine.TMembersContainer.AllocMembers
 0001:00010E8C       PythonEngine.TMembersContainer.ClearMembers
 0001:00010EA8       PythonEngine.TMembersContainer.Create
 0001:00010EE4       PythonEngine.TMembersContainer.Destroy
 0001:00010F10       PythonEngine.TMembersContainer.Finalize
 0001:00010F2C       PythonEngine.TMembersContainer.FreeMembers
 0001:00010F4C       PythonEngine.TMembersContainer.GetMembers
 0001:00010C10       PythonEngine.TMembersContainer.GetMembersStartOffset
 0001:00010FD0       PythonEngine.TMembersContainer.ReallocMembers
 0001:00010B84       PythonEngine.TMethodsContainer.AddDelphiMethod
 0001:00010B40       PythonEngine.TMethodsContainer.AddMethod
 0001:00010BB8       PythonEngine.TMethodsContainer.AddMethodWithExtraArg
 0001:000108D4       PythonEngine.TMethodsContainer.AllocMethods
 0001:00010BF8       PythonEngine.TMethodsContainer.ClearMethods
 0001:00010A84       PythonEngine.TMethodsContainer.Create
 0001:00010AD4       PythonEngine.TMethodsContainer.Destroy
 0001:00010B24       PythonEngine.TMethodsContainer.Finalize
 0001:00010988       PythonEngine.TMethodsContainer.FreeMethods
 0001:000109DC       PythonEngine.TMethodsContainer.GetMethods
 0001:00010B10       PythonEngine.TMethodsContainer.Initialize
 0001:000109A8       PythonEngine.TMethodsContainer.ReallocMethods
 0001:00010A64       PythonEngine.TMethodsContainer.StoreEventDefs
 0001:000112C4       PythonEngine.TParentClassError.AssignTo
 0001:00012874       PythonEngine.TPyObject.Adjust
 0001:00012B44       PythonEngine.TPyObject.Call
 0001:00012B4C       PythonEngine.TPyObject.Clear
 0001:00012AEC       PythonEngine.TPyObject.Compare
 0001:00012744       PythonEngine.TPyObject.Create
 0001:0001279C       PythonEngine.TPyObject.CreateWith
 0001:000127DC       PythonEngine.TPyObject.Destroy
 0001:00012844       PythonEngine.TPyObject.FreeInstance
 0001:000128E4       PythonEngine.TPyObject.GetAttr
 0001:00012AFC       PythonEngine.TPyObject.GetAttrO
 0001:00012884       PythonEngine.TPyObject.GetModule
 0001:00012860       PythonEngine.TPyObject.GetSelf
 0001:00012898       PythonEngine.TPyObject.Get_ob_refcnt
 0001:000128A8       PythonEngine.TPyObject.Get_ob_type
 0001:00012AF0       PythonEngine.TPyObject.Hash
 0001:00012864       PythonEngine.TPyObject.IncRef
 0001:00012B5C       PythonEngine.TPyObject.Init
 0001:00012B54       PythonEngine.TPyObject.Iter
 0001:00012B58       PythonEngine.TPyObject.IterNext
 0001:00012C58       PythonEngine.TPyObject.MpAssSubscript
 0001:00012C48       PythonEngine.TPyObject.MpLength
 0001:00012C4C       PythonEngine.TPyObject.MpSubscript
 0001:00012B8C       PythonEngine.TPyObject.NbAbsolute
 0001:00012B60       PythonEngine.TPyObject.NbAdd
 0001:00012BA0       PythonEngine.TPyObject.NbAnd
 0001:00012BAC       PythonEngine.TPyObject.NbCoerce
 0001:00012B6C       PythonEngine.TPyObject.NbDivide
 0001:00012B7C       PythonEngine.TPyObject.NbDivmod
 0001:00012BB8       PythonEngine.TPyObject.NbFloat
 0001:00012B70       PythonEngine.TPyObject.NbFloorDivide
 0001:00012BC0       PythonEngine.TPyObject.NbHex
 0001:00012BC4       PythonEngine.TPyObject.NbInplaceAdd
 0001:00012BC8       PythonEngine.TPyObject.NbInplaceAnd
 0001:00012BCC       PythonEngine.TPyObject.NbInplaceDivide
 0001:00012BD0       PythonEngine.TPyObject.NbInplaceFloorDivide
 0001:00012BD8       PythonEngine.TPyObject.NbInplaceLshift
 0001:00012BDC       PythonEngine.TPyObject.NbInplaceMultiply
 0001:00012BE0       PythonEngine.TPyObject.NbInplaceOr
 0001:00012BE4       PythonEngine.TPyObject.NbInplacePower
 0001:00012BE8       PythonEngine.TPyObject.NbInplaceRemainder
 0001:00012BEC       PythonEngine.TPyObject.NbInplaceRshift
 0001:00012BF0       PythonEngine.TPyObject.NbInplaceSubtract
 0001:00012BD4       PythonEngine.TPyObject.NbInplaceTrueDivide
 0001:00012BF4       PythonEngine.TPyObject.NbInplaceXor
 0001:00012BB0       PythonEngine.TPyObject.NbInt
 0001:00012B94       PythonEngine.TPyObject.NbInvert
 0001:00012BB4       PythonEngine.TPyObject.NbLong
 0001:00012B98       PythonEngine.TPyObject.NbLShift
 0001:00012B68       PythonEngine.TPyObject.NbMultiply
 0001:00012B84       PythonEngine.TPyObject.NbNegative
 0001:00012B90       PythonEngine.TPyObject.NbNonZero
 0001:00012BBC       PythonEngine.TPyObject.NbOct
 0001:00012BA8       PythonEngine.TPyObject.NbOr
 0001:00012B88       PythonEngine.TPyObject.NbPositive
 0001:00012B80       PythonEngine.TPyObject.NbPower
 0001:00012B78       PythonEngine.TPyObject.NbRemainder
 0001:00012B9C       PythonEngine.TPyObject.NbRShift
 0001:00012B64       PythonEngine.TPyObject.NbSubstract
 0001:00012B74       PythonEngine.TPyObject.NbTrueDivide
 0001:00012BA4       PythonEngine.TPyObject.NbXor
 0001:00012818       PythonEngine.TPyObject.NewInstance
 0001:000128E0       PythonEngine.TPyObject.Print
 0001:00012C64       PythonEngine.TPyObject.RegisterGetSets
 0001:00012C60       PythonEngine.TPyObject.RegisterMembers
 0001:00012C5C       PythonEngine.TPyObject.RegisterMethods
 0001:00012A50       PythonEngine.TPyObject.Repr
 0001:00012B50       PythonEngine.TPyObject.RichCompare
 0001:000129A8       PythonEngine.TPyObject.SetAttr
 0001:00012B1C       PythonEngine.TPyObject.SetAttrO
 0001:000128B8       PythonEngine.TPyObject.Set_ob_refcnt
 0001:000128CC       PythonEngine.TPyObject.Set_ob_type
 0001:00012C2C       PythonEngine.TPyObject.SqAssItem
 0001:00012C30       PythonEngine.TPyObject.SqAssSlice
 0001:00012BFC       PythonEngine.TPyObject.SqConcat
 0001:00012C3C       PythonEngine.TPyObject.SqContains
 0001:00012C40       PythonEngine.TPyObject.SqInplaceConcat
 0001:00012C44       PythonEngine.TPyObject.SqInplaceRepeat
 0001:00012C14       PythonEngine.TPyObject.SqItem
 0001:00012BF8       PythonEngine.TPyObject.SqLength
 0001:00012C08       PythonEngine.TPyObject.SqRepeat
 0001:00012C20       PythonEngine.TPyObject.SqSlice
 0001:00012AF4       PythonEngine.TPyObject.Str
 0001:00012B48       PythonEngine.TPyObject.Traverse
 0001:00014CF4       PythonEngine.TPythonDelphiVar.Create
 0001:00014698       PythonEngine.TPythonDelphiVar.CreateVar
 0001:00014628       PythonEngine.TPythonDelphiVar.CreateVarType
 0001:00014DB0       PythonEngine.TPythonDelphiVar.Finalize
 0001:00014804       PythonEngine.TPythonDelphiVar.GetValue
 0001:000148B8       PythonEngine.TPythonDelphiVar.GetValueAsPyObject
 0001:000149B4       PythonEngine.TPythonDelphiVar.GetValueAsString
 0001:00014D90       PythonEngine.TPythonDelphiVar.Initialize
 0001:00014964       PythonEngine.TPythonDelphiVar.IsVariantOk
 0001:00014860       PythonEngine.TPythonDelphiVar.SetValue
 0001:0001490C       PythonEngine.TPythonDelphiVar.SetValueFromPyObject
 0001:00014BA0       PythonEngine.TPythonDelphiVar.SetVarName
 0001:0000DB3C       PythonEngine.TPythonEngine.AddClient
 0001:0000B150       PythonEngine.TPythonEngine.AfterLoad
 0001:0000F8A4       PythonEngine.TPythonEngine.ArrayToPyDict
 0001:0000F714       PythonEngine.TPythonEngine.ArrayToPyList
 0001:0000F654       PythonEngine.TPythonEngine.ArrayToPyTuple
 0001:0000B248       PythonEngine.TPythonEngine.AssignPyFlags
 0001:0000B164       PythonEngine.TPythonEngine.BeforeLoad
 0001:000101CC       PythonEngine.TPythonEngine.CheckError
 0001:0000C50C       PythonEngine.TPythonEngine.CheckEvalSyntax
 0001:0000C518       PythonEngine.TPythonEngine.CheckExecSyntax
 0001:0000B918       PythonEngine.TPythonEngine.CheckRegistry
 0001:0000C524       PythonEngine.TPythonEngine.CheckSyntax
 0001:0000BDF0       PythonEngine.TPythonEngine.CleanString
 0001:00015B14       PythonEngine.TPythonEngine.ClearModuleDictionary
 0001:0000ACE0       PythonEngine.TPythonEngine.Create
 0001:0000AE68       PythonEngine.TPythonEngine.Destroy
 0001:0000B180       PythonEngine.TPythonEngine.DoOpenDll
 0001:0000D7FC       PythonEngine.TPythonEngine.DoRedirectIO
 0001:0000BF8C       PythonEngine.TPythonEngine.EvalFunction
 0001:0000C014       PythonEngine.TPythonEngine.EvalFunctionNoArgs
 0001:0000BE78       PythonEngine.TPythonEngine.EvalPyFunction
 0001:0000C104       PythonEngine.TPythonEngine.EvalString
 0001:0000C07C       PythonEngine.TPythonEngine.EvalStringAsStr
 0001:0000C098       PythonEngine.TPythonEngine.EvalStringAsStrUseDict
 0001:0000C42C       PythonEngine.TPythonEngine.EvalStrings
 0001:0000C49C       PythonEngine.TPythonEngine.EvalStringsAsStr
 0001:0000C110       PythonEngine.TPythonEngine.ExecString
 0001:0000C3B8       PythonEngine.TPythonEngine.ExecStrings
 0001:0000C154       PythonEngine.TPythonEngine.ExecStringUseDict
 0001:0000AEDC       PythonEngine.TPythonEngine.Finalize
 0001:0000DB80       PythonEngine.TPythonEngine.FindClient
 0001:0000FF50       PythonEngine.TPythonEngine.FindFunction
 0001:0000FF10       PythonEngine.TPythonEngine.FindModule
 0001:0000BDAC       PythonEngine.TPythonEngine.GetAttrString
 0001:0000B884       PythonEngine.TPythonEngine.GetClientCount
 0001:0000B890       PythonEngine.TPythonEngine.GetClients
 0001:0000B828       PythonEngine.TPythonEngine.GetInterpreterState
 0001:000101F4       PythonEngine.TPythonEngine.GetMainModule
 0001:0000B844       PythonEngine.TPythonEngine.GetThreadState
 0001:0000B694       PythonEngine.TPythonEngine.Initialize
 0001:0000BB90       PythonEngine.TPythonEngine.InitWinConsole
 0001:0000BDA4       PythonEngine.TPythonEngine.IsType
 0001:00010120       PythonEngine.TPythonEngine.ListToSet
 0001:0000B138       PythonEngine.TPythonEngine.Lock
 0001:0000F5B4       PythonEngine.TPythonEngine.MakePyList
 0001:0000F514       PythonEngine.TPythonEngine.MakePyTuple
 0001:0000DD38       PythonEngine.TPythonEngine.MethodsByName
 0001:0000DC8C       PythonEngine.TPythonEngine.ModuleByName
 0001:0000B8A8       PythonEngine.TPythonEngine.Notification
 0001:00010248       PythonEngine.TPythonEngine.PyDateTime_Check
 0001:00010254       PythonEngine.TPythonEngine.PyDateTime_CheckExact
 0001:0001030C       PythonEngine.TPythonEngine.PyDateTime_DATE_GET_HOUR
 0001:00010324       PythonEngine.TPythonEngine.PyDateTime_DATE_GET_MICROSECOND
 0001:00010314       PythonEngine.TPythonEngine.PyDateTime_DATE_GET_MINUTE
 0001:0001031C       PythonEngine.TPythonEngine.PyDateTime_DATE_GET_SECOND
 0001:00010304       PythonEngine.TPythonEngine.PyDateTime_GET_DAY
 0001:000102FC       PythonEngine.TPythonEngine.PyDateTime_GET_MONTH
 0001:000102E8       PythonEngine.TPythonEngine.PyDateTime_GET_YEAR
 0001:00010344       PythonEngine.TPythonEngine.PyDateTime_TIME_GET_HOUR
 0001:0001035C       PythonEngine.TPythonEngine.PyDateTime_TIME_GET_MICROSECOND
 0001:0001034C       PythonEngine.TPythonEngine.PyDateTime_TIME_GET_MINUTE
 0001:00010354       PythonEngine.TPythonEngine.PyDateTime_TIME_GET_SECOND
 0001:00010224       PythonEngine.TPythonEngine.PyDate_Check
 0001:00010230       PythonEngine.TPythonEngine.PyDate_CheckExact
 0001:00010298       PythonEngine.TPythonEngine.PyDelta_Check
 0001:000102A4       PythonEngine.TPythonEngine.PyDelta_CheckExact
 0001:0000FC08       PythonEngine.TPythonEngine.PyListToStrings
 0001:0000D71C       PythonEngine.TPythonEngine.PyObjectAsString
 0001:0000F070       PythonEngine.TPythonEngine.PyObjectAsVariant
 0001:0001020C       PythonEngine.TPythonEngine.PyTimeStruct_Check
 0001:00010270       PythonEngine.TPythonEngine.PyTime_Check
 0001:0001027C       PythonEngine.TPythonEngine.PyTime_CheckExact
 0001:0000FCEC       PythonEngine.TPythonEngine.PyTupleToStrings
 0001:000102C0       PythonEngine.TPythonEngine.PyTZInfo_Check
 0001:000102CC       PythonEngine.TPythonEngine.PyTZInfo_CheckExact
 0001:0000FDD4       PythonEngine.TPythonEngine.PyUnicode_AsWideString
 0001:0000FED8       PythonEngine.TPythonEngine.PyUnicode_FromWideString
 0001:0000CAE4       PythonEngine.TPythonEngine.RaiseError
 0001:0000DB48       PythonEngine.TPythonEngine.RemoveClient
 0001:0000FEFC       PythonEngine.TPythonEngine.ReturnNone
 0001:0000C22C       PythonEngine.TPythonEngine.Run_CommandAsObject
 0001:0000C1E8       PythonEngine.TPythonEngine.Run_CommandAsString
 0001:0000BBCC       PythonEngine.TPythonEngine.SetGlobalVars
 0001:0000B818       PythonEngine.TPythonEngine.SetInitScript
 0001:0000B858       PythonEngine.TPythonEngine.SetInitThreads
 0001:0000BC74       PythonEngine.TPythonEngine.SetLocalVars
 0001:0000BA78       PythonEngine.TPythonEngine.SetProgramArgs
 0001:0000BD1C       PythonEngine.TPythonEngine.SetPyFlags
 0001:00010044       PythonEngine.TPythonEngine.SetToList
 0001:0000BBB8       PythonEngine.TPythonEngine.SetUseWindowsConsole
 0001:0000FA38       PythonEngine.TPythonEngine.StringsToPyList
 0001:0000FB20       PythonEngine.TPythonEngine.StringsToPyTuple
 0001:0000DBDC       PythonEngine.TPythonEngine.TypeByName
 0001:0000B144       PythonEngine.TPythonEngine.Unlock
 0001:0000E284       PythonEngine.TPythonEngine.VariantAsPyObject
 0001:0000F2AC       PythonEngine.TPythonEngine.VarRecAsPyObject
 0001:00005240       PythonEngine.TPythonInputOutput.AddPendingWrite
 0001:000051D4       PythonEngine.TPythonInputOutput.AddWrite
 0001:00004F38       PythonEngine.TPythonInputOutput.Create
 0001:00004FAC       PythonEngine.TPythonInputOutput.Destroy
 0001:0000528C       PythonEngine.TPythonInputOutput.GetCurrentThreadLine
 0001:00005244       PythonEngine.TPythonInputOutput.GetCurrentThreadSlotIdx
 0001:00004FEC       PythonEngine.TPythonInputOutput.Lock
 0001:0000521C       PythonEngine.TPythonInputOutput.ReceiveData
 0001:00005204       PythonEngine.TPythonInputOutput.SendData
 0001:00004FF8       PythonEngine.TPythonInputOutput.Unlock
 0001:000052A8       PythonEngine.TPythonInputOutput.UpdateCurrentThreadLine
 0001:00005058       PythonEngine.TPythonInputOutput.Write
 0001:00005174       PythonEngine.TPythonInputOutput.WriteLine
 0001:00005798       PythonEngine.TPythonInterface.AfterLoad
 0001:000058B4       PythonEngine.TPythonInterface.CheckPython
 0001:00005738       PythonEngine.TPythonInterface.Create
 0001:00005894       PythonEngine.TPythonInterface.GetInitialized
 0001:00005828       PythonEngine.TPythonInterface.GetQuitMessage
 0001:00005908       PythonEngine.TPythonInterface.GetUnicodeTypeSuffix
 0001:0000593C       PythonEngine.TPythonInterface.MapDll
 0001:0000A214       PythonEngine.TPythonInterface.PyArg_Parse
 0001:0000A250       PythonEngine.TPythonInterface.PyArg_ParseTuple
 0001:0000A754       PythonEngine.TPythonInterface.PyBaseString_Check
 0001:0000A73C       PythonEngine.TPythonInterface.PyBool_Check
 0001:0000A594       PythonEngine.TPythonInterface.PyClass_Check
 0001:0000A28C       PythonEngine.TPythonInterface.PyCode_Addr2Line
 0001:0000A5E8       PythonEngine.TPythonInterface.PyDict_Check
 0001:0000A5F4       PythonEngine.TPythonInterface.PyDict_CheckExact
 0001:0000A760       PythonEngine.TPythonInterface.PyEnum_Check
 0001:0000A4EC       PythonEngine.TPythonInterface.PyFloat_Check
 0001:0000A4F8       PythonEngine.TPythonInterface.PyFloat_CheckExact
 0001:0000A648       PythonEngine.TPythonInterface.PyFunction_Check
 0001:0000A320       PythonEngine.TPythonInterface.PyImport_ExecCodeModule
 0001:0000A57C       PythonEngine.TPythonInterface.PyInstance_Check
 0001:0000A510       PythonEngine.TPythonInterface.PyInt_Check
 0001:0000A51C       PythonEngine.TPythonInterface.PyInt_CheckExact
 0001:0000A5C4       PythonEngine.TPythonInterface.PyList_Check
 0001:0000A5D0       PythonEngine.TPythonInterface.PyList_CheckExact
 0001:0000A534       PythonEngine.TPythonInterface.PyLong_Check
 0001:0000A540       PythonEngine.TPythonInterface.PyLong_CheckExact
 0001:0000A5AC       PythonEngine.TPythonInterface.PyMethod_Check
 0001:0000A60C       PythonEngine.TPythonInterface.PyModule_Check
 0001:0000A618       PythonEngine.TPythonInterface.PyModule_CheckExact
 0001:0000A69C       PythonEngine.TPythonInterface.PyObject_IS_GC
 0001:0000A778       PythonEngine.TPythonInterface.PyObject_TypeCheck
 0001:0000A630       PythonEngine.TPythonInterface.PySlice_Check
 0001:0000A4C8       PythonEngine.TPythonInterface.PyString_Check
 0001:0000A4D4       PythonEngine.TPythonInterface.PyString_CheckExact
 0001:0000A558       PythonEngine.TPythonInterface.PyTuple_Check
 0001:0000A564       PythonEngine.TPythonInterface.PyTuple_CheckExact
 0001:0000A68C       PythonEngine.TPythonInterface.PyType_IS_GC
 0001:0000A668       PythonEngine.TPythonInterface.PyUnicode_Check
 0001:0000A674       PythonEngine.TPythonInterface.PyUnicode_CheckExact
 0001:0000A6D4       PythonEngine.TPythonInterface.PyWeakref_Check
 0001:0000A71C       PythonEngine.TPythonInterface.PyWeakref_CheckProxy
 0001:0000A704       PythonEngine.TPythonInterface.PyWeakref_CheckRef
 0001:0000A1C4       PythonEngine.TPythonInterface.Py_BuildValue
 0001:0000A184       PythonEngine.TPythonInterface.Py_DECREF
 0001:0000A2F8       PythonEngine.TPythonInterface.Py_GetBuildInfo
 0001:0000A1B0       PythonEngine.TPythonInterface.Py_GetPlatform
 0001:0000A180       PythonEngine.TPythonInterface.Py_INCREF
 0001:0000A7B4       PythonEngine.TPythonInterface.Py_InitModule
 0001:0000A1A4       PythonEngine.TPythonInterface.Py_XDECREF
 0001:0000A198       PythonEngine.TPythonInterface.Py_XINCREF
 0001:00012190       PythonEngine.TPythonModule.AddClient
 0001:000122F4       PythonEngine.TPythonModule.BuildErrors
 0001:00011F04       PythonEngine.TPythonModule.Create
 0001:00011FBC       PythonEngine.TPythonModule.DefineDocString
 0001:00012550       PythonEngine.TPythonModule.DeleteVar
 0001:00011F6C       PythonEngine.TPythonModule.Destroy
 0001:0001219C       PythonEngine.TPythonModule.ErrorByName
 0001:00011DC8       PythonEngine.TPythonModule.GetClientCount
 0001:00011DD0       PythonEngine.TPythonModule.GetClients
 0001:00012490       PythonEngine.TPythonModule.GetVar
 0001:000126D8       PythonEngine.TPythonModule.GetVarAsVariant
 0001:000120A8       PythonEngine.TPythonModule.Initialize
 0001:00012120       PythonEngine.TPythonModule.InitializeForNewInterpreter
 0001:00012070       PythonEngine.TPythonModule.MakeModule
 0001:00012230       PythonEngine.TPythonModule.RaiseError
 0001:00012250       PythonEngine.TPythonModule.RaiseErrorFmt
 0001:000122CC       PythonEngine.TPythonModule.RaiseErrorObj
 0001:00011FAC       PythonEngine.TPythonModule.SetDocString
 0001:00011DE4       PythonEngine.TPythonModule.SetErrors
 0001:00011EC8       PythonEngine.TPythonModule.SetModuleName
 0001:00012378       PythonEngine.TPythonModule.SetVar
 0001:0001266C       PythonEngine.TPythonModule.SetVarFromVariant
 0001:00015398       PythonEngine.TPythonThread.Execute
 0001:0001548C       PythonEngine.TPythonThread.Py_Begin_Allow_Threads
 0001:000154BC       PythonEngine.TPythonThread.Py_Begin_Block_Threads
 0001:000154C4       PythonEngine.TPythonThread.Py_Begin_Unblock_Threads
 0001:000154A4       PythonEngine.TPythonThread.Py_End_Allow_Threads
 0001:0000A878       PythonEngine.TPythonTraceback.Clear
 0001:0000A7F8       PythonEngine.TPythonTraceback.Create
 0001:0000A844       PythonEngine.TPythonTraceback.Destroy
 0001:0000A7E4       PythonEngine.TPythonTraceback.GetItem
 0001:0000A7DC       PythonEngine.TPythonTraceback.GetItemCount
 0001:0000A8AC       PythonEngine.TPythonTraceback.Refresh
 0001:000143B8       PythonEngine.TPythonType.AddTypeVar
 0001:00013CA4       PythonEngine.TPythonType.AllocSubtypeInst
 0001:00013AE4       PythonEngine.TPythonType.Call
 0001:00013B1C       PythonEngine.TPythonType.Clear
 0001:00013A70       PythonEngine.TPythonType.Compare
 0001:000141BC       PythonEngine.TPythonType.Create
 0001:0001431C       PythonEngine.TPythonType.CreateInstance
 0001:00014368       PythonEngine.TPythonType.CreateInstanceWith
 0001:00012F00       PythonEngine.TPythonType.CreateMethod
 0001:00014248       PythonEngine.TPythonType.Destroy
 0001:000142F8       PythonEngine.TPythonType.Finalize
 0001:00013A28       PythonEngine.TPythonType.GetAttr
 0001:00013AB0       PythonEngine.TPythonType.GetAttrO
 0001:00014620       PythonEngine.TPythonType.GetMembersStartOffset
 0001:00014284       PythonEngine.TPythonType.GetTypePtr
 0001:00013A88       PythonEngine.TPythonType.Hash
 0001:0001428C       PythonEngine.TPythonType.Initialize
 0001:00012F10       PythonEngine.TPythonType.InitServices
 0001:00013C20       PythonEngine.TPythonType.InitSubtype
 0001:00013BF8       PythonEngine.TPythonType.Iter
 0001:00013C0C       PythonEngine.TPythonType.IterNext
 0001:00014154       PythonEngine.TPythonType.MpAssSubscript
 0001:00014124       PythonEngine.TPythonType.MpLength
 0001:0001413C       PythonEngine.TPythonType.MpSubscript
 0001:00013DDC       PythonEngine.TPythonType.NbAbsolute
 0001:00013CD8       PythonEngine.TPythonType.NbAdd
 0001:00013E48       PythonEngine.TPythonType.NbAnd
 0001:00013E90       PythonEngine.TPythonType.NbCoerce
 0001:00013D20       PythonEngine.TPythonType.NbDivide
 0001:00013D80       PythonEngine.TPythonType.NbDivmod
 0001:00013ED8       PythonEngine.TPythonType.NbFloat
 0001:00013D38       PythonEngine.TPythonType.NbFloorDivide
 0001:00013F08       PythonEngine.TPythonType.NbHex
 0001:00013F20       PythonEngine.TPythonType.NbInplaceAdd
 0001:00013F38       PythonEngine.TPythonType.NbInplaceAnd
 0001:00013F50       PythonEngine.TPythonType.NbInplaceDivide
 0001:00013F68       PythonEngine.TPythonType.NbInplaceFloorDivide
 0001:00013F98       PythonEngine.TPythonType.NbInplaceLshift
 0001:00013FB0       PythonEngine.TPythonType.NbInplaceMultiply
 0001:00013FC8       PythonEngine.TPythonType.NbInplaceOr
 0001:00013FE0       PythonEngine.TPythonType.NbInplacePower
 0001:00014000       PythonEngine.TPythonType.NbInplaceRemainder
 0001:00014018       PythonEngine.TPythonType.NbInplaceRshift
 0001:00014030       PythonEngine.TPythonType.NbInplaceSubtract
 0001:00013F80       PythonEngine.TPythonType.NbInplaceTrueDivide
 0001:00014048       PythonEngine.TPythonType.NbInplaceXor
 0001:00013EA8       PythonEngine.TPythonType.NbInt
 0001:00013E04       PythonEngine.TPythonType.NbInvert
 0001:00013EC0       PythonEngine.TPythonType.NbLong
 0001:00013E18       PythonEngine.TPythonType.NbLShift
 0001:00013D08       PythonEngine.TPythonType.NbMultiply
 0001:00013DB4       PythonEngine.TPythonType.NbNegative
 0001:00013DF0       PythonEngine.TPythonType.NbNonZero
 0001:00013EF0       PythonEngine.TPythonType.NbOct
 0001:00013E78       PythonEngine.TPythonType.NbOr
 0001:00013DC8       PythonEngine.TPythonType.NbPositive
 0001:00013D98       PythonEngine.TPythonType.NbPower
 0001:00013D68       PythonEngine.TPythonType.NbRemainder
 0001:00013E30       PythonEngine.TPythonType.NbRShift
 0001:00013CF0       PythonEngine.TPythonType.NbSubstract
 0001:00013D50       PythonEngine.TPythonType.NbTrueDivide
 0001:00013E60       PythonEngine.TPythonType.NbXor
 0001:00013C3C       PythonEngine.TPythonType.NewSubtypeInst
 0001:00012E00       PythonEngine.TPythonType.Notification
 0001:00013A0C       PythonEngine.TPythonType.Print
 0001:00013A5C       PythonEngine.TPythonType.Repr
 0001:00013B30       PythonEngine.TPythonType.RichCmp
 0001:00013A40       PythonEngine.TPythonType.SetAttr
 0001:00013AC8       PythonEngine.TPythonType.SetAttrO
 0001:00013938       PythonEngine.TPythonType.SetDocString
 0001:00012E94       PythonEngine.TPythonType.SetModule
 0001:00012E30       PythonEngine.TPythonType.SetPyObjectClass
 0001:00012EC8       PythonEngine.TPythonType.SetServices
 0001:00012ED4       PythonEngine.TPythonType.SetTypeName
 0001:000140E0       PythonEngine.TPythonType.SqAssItem
 0001:00014100       PythonEngine.TPythonType.SqAssSlice
 0001:00014078       PythonEngine.TPythonType.SqConcat
 0001:00014174       PythonEngine.TPythonType.SqContains
 0001:0001418C       PythonEngine.TPythonType.SqInplaceConcat
 0001:000141A4       PythonEngine.TPythonType.SqInplaceRepeat
 0001:000140A8       PythonEngine.TPythonType.SqItem
 0001:00014060       PythonEngine.TPythonType.SqLength
 0001:00014090       PythonEngine.TPythonType.SqRepeat
 0001:000140C0       PythonEngine.TPythonType.SqSlice
 0001:00013A9C       PythonEngine.TPythonType.Str
 0001:00013B00       PythonEngine.TPythonType.Traverse
 0001:00013948       PythonEngine.TPythonType.TypeFlagsAsInt
 0001:00014DF4       PythonEngine.TPyVar.Create
 0001:00014E2C       PythonEngine.TPyVar.CreateWith
 0001:00014EA8       PythonEngine.TPyVar.Destroy
 0001:00014EE4       PythonEngine.TPyVar.GetAttr
 0001:000150FC       PythonEngine.TPyVar.GetValue
 0001:000151C4       PythonEngine.TPyVar.GetValueAsVariant
 0001:000150F4       PythonEngine.TPyVar.RegisterMethods
 0001:00015000       PythonEngine.TPyVar.Repr
 0001:00014F68       PythonEngine.TPyVar.SetAttr
 0001:00015294       PythonEngine.TPyVar.SetValue
 0001:00015368       PythonEngine.TPyVar.SetValueFromVariant
 0001:00012CAC       PythonEngine.TTypeServices.AssignTo
 0001:00012C68       PythonEngine.TTypeServices.Create
 0001:00011DF4       PythonEngine.UpdateDependencies
 0001:00011420       PythonEngine.UpdateDependencies
 0001:0000F7D4       PythonEngine.VarRecAsString
 0004:00000028       PythonGUIInputOutput..2
 0001:00015DB0       PythonGUIInputOutput..TPythonGUIInputOutput
 0001:000160D4       PythonGUIInputOutput.Finalization
 0002:00000120       PythonGUIInputOutput.PythonGUIInputOutput
 0001:000160A8       PythonGUIInputOutput.Register
 0001:00015F5C       PythonGUIInputOutput.TPythonGUIInputOutput.AddPendingWrite
 0001:00015FD8       PythonGUIInputOutput.TPythonGUIInputOutput.Create
 0001:0001601C       PythonGUIInputOutput.TPythonGUIInputOutput.Destroy
 0001:0001604C       PythonGUIInputOutput.TPythonGUIInputOutput.DisplayString
 0001:00015EB0       PythonGUIInputOutput.TPythonGUIInputOutput.Notification
 0001:00015ED8       PythonGUIInputOutput.TPythonGUIInputOutput.pyGUIOutputWndProc
 0001:00015EFC       PythonGUIInputOutput.TPythonGUIInputOutput.ReceiveData
 0001:00015EE8       PythonGUIInputOutput.TPythonGUIInputOutput.SendData
 0001:00015F70       PythonGUIInputOutput.TPythonGUIInputOutput.WriteOutput
 0001:00000410       SysInit.@InitPkg
 0001:00000474       SysInit.@PackageLoad
 0001:00000480       SysInit.@PackageUnload
 0001:00000300       SysInit.AllocTlsBuffer
 0001:000003BC       SysInit.ExitProcessTLS
 0001:00000384       SysInit.ExitThreadTLS
 0001:000002C8       SysInit.FreeLibrary
 0001:0000030C       SysInit.GetTlsSize
 0004:00000004       SysInit.HInstance
 0001:000003E0       SysInit.InitializeModule
 0001:00000358       SysInit.InitProcessTLS
 0001:00000314       SysInit.InitThreadTLS
 0001:000002D0       SysInit.LocalAlloc
 0001:000002D8       SysInit.LocalFree
 0003:00000008       SysInit.Module
 0004:00000000       SysInit.ModuleIsLib
 0004:00000001       SysInit.ModuleIsPackage
 0003:00000004       SysInit.PtrToNil
 0001:000002E0       SysInit.TlsAlloc
 0004:00000008       SysInit.tlsBuffer
 0001:000002E8       SysInit.TlsFree
 0001:000002F0       SysInit.TlsGetValue
 0003:00000000       SysInit.TlsIndex
 0005:00000000       SysInit.TlsLast
 0003:00000020       SysInit.TlsProc
 0001:000002F8       SysInit.TlsSetValue
 0001:000003EC       SysInit.UninitializeModule
 0004:00000034       VarPyth..1
 0001:00016BCC       VarPyth..TPythonData
 0001:00016B14       VarPyth..TPythonVariantType
 0001:00018654       VarPyth.ArgAsPythonObject
 0001:0001780C       VarPyth.BuiltinModule
 0001:00017854       VarPyth.DatetimeModule
 0001:000189B0       VarPyth.DeleteObjectItem
 0001:00018CB8       VarPyth.DelSequenceSlice
 0001:00017748       VarPyth.Ellipsis
 0001:00016F48       VarPyth.ExtractPythonObjectFrom
 0001:00018A8C       VarPyth.ExtractSliceIndexes
 0001:00019F4C       VarPyth.Finalization
 0001:00016EC0       VarPyth.GetAtom
 0001:000186F0       VarPyth.GetObjectItem
 0001:00018DF4       VarPyth.GetObjectLength
 0001:00018B58       VarPyth.GetSequenceSlice
 0001:0001787C       VarPyth.Import
 0001:00019688       VarPyth.IsBasicType
 0001:000179B8       VarPyth.len
 0001:00017764       VarPyth.MainModule
 0001:000176D0       VarPyth.NewPythonDict
 0001:00017610       VarPyth.NewPythonList
 0001:00017670       VarPyth.NewPythonTuple
 0001:0001772C       VarPyth.None
 0001:00017FEC       VarPyth.ParseParam
 0003:000000D0       VarPyth.PythonVariantType
 0001:00018D14       VarPyth.SequenceContains
 0001:00017F74       VarPyth.SetClearVarToEmptyParam
 0001:000187C4       VarPyth.SetObjectItem
 0001:00018BB0       VarPyth.SetSequenceSlice
 0001:00017834       VarPyth.SysModule
 0001:00019930       VarPyth.TPythonData.Compare
 0001:0001999C       VarPyth.TPythonData.Create
 0001:00019960       VarPyth.TPythonData.Create
 0001:000199E0       VarPyth.TPythonData.Destroy
 0001:00019A18       VarPyth.TPythonData.DoAdd
 0001:00019A5C       VarPyth.TPythonData.DoAnd
 0001:00019AA0       VarPyth.TPythonData.DoDivide
 0001:00019AE4       VarPyth.TPythonData.DoIntDivide
 0001:00019B28       VarPyth.TPythonData.DoModulus
 0001:00019B9C       VarPyth.TPythonData.DoMultiply
 0001:00019BE0       VarPyth.TPythonData.DoNegate
 0001:00019C1C       VarPyth.TPythonData.DoNot
 0001:00019C58       VarPyth.TPythonData.DoOr
 0001:00019C9C       VarPyth.TPythonData.DoShiftLeft
 0001:00019CE0       VarPyth.TPythonData.DoShiftRight
 0001:00019D24       VarPyth.TPythonData.DoSubtract
 0001:00019D68       VarPyth.TPythonData.DoXor
 0001:00019DAC       VarPyth.TPythonData.Equal
 0001:00019DE0       VarPyth.TPythonData.GetAsString
 0001:00019E08       VarPyth.TPythonData.GetAsVariant
 0001:00019E30       VarPyth.TPythonData.GetAsWideString
 0001:00019EA8       VarPyth.TPythonData.GreaterOrEqualThan
 0001:00019EC0       VarPyth.TPythonData.GreaterThan
 0001:00019ED8       VarPyth.TPythonData.IsNone
 0001:00019EF0       VarPyth.TPythonData.LessOrEqualThan
 0001:00019F08       VarPyth.TPythonData.LessThan
 0001:00019F20       VarPyth.TPythonData.SetPyObject
 0001:00017B1C       VarPyth.TPythonVariantType.BinaryOp
 0001:00017CD8       VarPyth.TPythonVariantType.Cast
 0001:00017D30       VarPyth.TPythonVariantType.CastTo
 0001:00017E44       VarPyth.TPythonVariantType.Clear
 0001:00017E54       VarPyth.TPythonVariantType.CompareOp
 0001:00017F24       VarPyth.TPythonVariantType.Copy
 0001:00017F8C       VarPyth.TPythonVariantType.DispInvoke
 0001:000182A0       VarPyth.TPythonVariantType.DoDispInvoke
 0001:000185A4       VarPyth.TPythonVariantType.DoFunction
 0001:00018628       VarPyth.TPythonVariantType.DoProcedure
 0001:00018E24       VarPyth.TPythonVariantType.EvalPython
 0001:000192BC       VarPyth.TPythonVariantType.GetInstance
 0001:000192C0       VarPyth.TPythonVariantType.GetProperty
 0001:00019518       VarPyth.TPythonVariantType.GetPropertyWithArg
 0001:000195FC       VarPyth.TPythonVariantType.IsClear
 0001:0001961C       VarPyth.TPythonVariantType.LeftPromotion
 0001:00019658       VarPyth.TPythonVariantType.PyhonVarDataCreate
 0001:000196E0       VarPyth.TPythonVariantType.PythonObjectToVarData
 0001:00019798       VarPyth.TPythonVariantType.RightPromotion
 0001:000197B8       VarPyth.TPythonVariantType.SetProperty
 0001:0001983C       VarPyth.TPythonVariantType.UnaryOp
 0001:00019874       VarPyth.TPythonVariantType.VarDataToPythonObject
 0001:00016F14       VarPyth.VarAsPython
 0001:0001746C       VarPyth.VarIsBool
 0001:0001749C       VarPyth.VarIsEnum
 0001:000174CC       VarPyth.VarIsInstanceOf
 0001:000175D8       VarPyth.VarIsNone
 0001:00016EFC       VarPyth.VarIsPython
 0001:0001731C       VarPyth.VarIsPythonCallable
 0001:0001722C       VarPyth.VarIsPythonClass
 0001:000173AC       VarPyth.VarIsPythonDate
 0001:0001737C       VarPyth.VarIsPythonDateTime
 0001:0001740C       VarPyth.VarIsPythonDateTimeDelta
 0001:000171FC       VarPyth.VarIsPythonDict
 0001:0001716C       VarPyth.VarIsPythonFloat
 0001:000172BC       VarPyth.VarIsPythonFunction
 0001:0001725C       VarPyth.VarIsPythonInstance
 0001:0001713C       VarPyth.VarIsPythonInteger
 0001:000171CC       VarPyth.VarIsPythonList
 0001:000170AC       VarPyth.VarIsPythonMapping
 0001:0001728C       VarPyth.VarIsPythonMethod
 0001:000172EC       VarPyth.VarIsPythonModule
 0001:000170DC       VarPyth.VarIsPythonNumber
 0001:0001707C       VarPyth.VarIsPythonSequence
 0001:0001710C       VarPyth.VarIsPythonString
 0001:000173DC       VarPyth.VarIsPythonTime
 0001:0001719C       VarPyth.VarIsPythonTuple
 0001:0001743C       VarPyth.VarIsPythonTZInfo
 0001:0001734C       VarPyth.VarIsPythonUnicode
 0001:00016F64       VarPyth.VarIsSame
 0001:00016FE8       VarPyth.VarIsSameType
 0001:00017524       VarPyth.VarIsSubclassOf
 0001:0001757C       VarPyth.VarIsSubtypeOf
 0001:00017604       VarPyth.VarIsTrue
 0002:00000140       VarPyth.VarPyth
 0001:00016EF0       VarPyth.VarPython
 0001:00016C54       VarPyth.VarPythonCreate
 0001:00016CFC       VarPyth.VarPythonCreate
 0001:00016C84       VarPyth.VarPythonCreate
 0001:00016E60       VarPyth.VarPythonEval
 0001:00017A80       VarPyth._type
 0004:0000000C       Windows..3
 0001:0000048C       Windows.AllocConsole
 0001:00000494       Windows.ExitProcess
 0001:000004F4       Windows.Finalization
 0001:0000049C       Windows.FreeConsole
 0001:000004A4       Windows.FreeLibrary
 0001:000004D4       Windows.GetActiveWindow
 0001:000004AC       Windows.GetCurrentThreadId
 0001:000004B4       Windows.GetLastError
 0001:000004BC       Windows.GetProcAddress
 0004:00000010       Windows.HtmlHelpModule
 0001:000004C4       Windows.LoadLibrary
 0001:000004DC       Windows.MessageBox
 0001:000004E4       Windows.PostMessage
 0001:000004EC       Windows.SendMessage
 0001:000004CC       Windows.SetConsoleTitle
 0002:00000008       Windows.Windows


  Address             Publics by Value

 0001:000002C8       SysInit.FreeLibrary
 0001:000002D0       SysInit.LocalAlloc
 0001:000002D8       SysInit.LocalFree
 0001:000002E0       SysInit.TlsAlloc
 0001:000002E8       SysInit.TlsFree
 0001:000002F0       SysInit.TlsGetValue
 0001:000002F8       SysInit.TlsSetValue
 0001:00000300       SysInit.AllocTlsBuffer
 0001:0000030C       SysInit.GetTlsSize
 0001:00000314       SysInit.InitThreadTLS
 0001:00000358       SysInit.InitProcessTLS
 0001:00000384       SysInit.ExitThreadTLS
 0001:000003BC       SysInit.ExitProcessTLS
 0001:000003E0       SysInit.InitializeModule
 0001:000003EC       SysInit.UninitializeModule
 0001:00000410       SysInit.@InitPkg
 0001:00000474       SysInit.@PackageLoad
 0001:00000480       SysInit.@PackageUnload
 0001:0000048C       Windows.AllocConsole
 0001:00000494       Windows.ExitProcess
 0001:0000049C       Windows.FreeConsole
 0001:000004A4       Windows.FreeLibrary
 0001:000004AC       Windows.GetCurrentThreadId
 0001:000004B4       Windows.GetLastError
 0001:000004BC       Windows.GetProcAddress
 0001:000004C4       Windows.LoadLibrary
 0001:000004CC       Windows.SetConsoleTitle
 0001:000004D4       Windows.GetActiveWindow
 0001:000004DC       Windows.MessageBox
 0001:000004E4       Windows.PostMessage
 0001:000004EC       Windows.SendMessage
 0001:000004F4       Windows.Finalization
 0001:00000A4C       MethodCallBack.GetDDECallBack
 0001:00000A68       MethodCallBack.GetOfObjectCallBack
 0001:00000A80       MethodCallBack.GetCallBack
 0001:00000BA0       MethodCallBack.DeleteCallBack
 0001:00000BBC       MethodCallBack.FreeCallBacks
 0001:00000BFC       MethodCallBack.Finalization
 0001:00001030       PythonEngine..EDLLLoadError
 0001:000010B8       PythonEngine..EDLLImportError
 0001:00001158       PythonEngine..EPythonError
 0001:000011F8       PythonEngine..EPyExecError
 0001:00001280       PythonEngine..EPyException
 0001:00001308       PythonEngine..EPyStandardError
 0001:00001398       PythonEngine..EPyArithmeticError
 0001:0000142C       PythonEngine..EPyLookupError
 0001:000014B8       PythonEngine..EPyAssertionError
 0001:00001548       PythonEngine..EPyAttributeError
 0001:000015D8       PythonEngine..EPyEOFError
 0001:0000165C       PythonEngine..EPyFloatingPointError
 0001:000016F4       PythonEngine..EPyEnvironmentError
 0001:00001788       PythonEngine..EPyIOError
 0001:0000180C       PythonEngine..EPyOSError
 0001:00001890       PythonEngine..EPyImportError
 0001:0000191C       PythonEngine..EPyIndexError
 0001:000019A4       PythonEngine..EPyKeyError
 0001:00001A28       PythonEngine..EPyKeyboardInterrupt
 0001:00001AC0       PythonEngine..EPyMemoryError
 0001:00001B4C       PythonEngine..EPyNameError
 0001:00001BD4       PythonEngine..EPyOverflowError
 0001:00001C64       PythonEngine..EPyRuntimeError
 0001:00001CF0       PythonEngine..EPyNotImplementedError
 0001:00001D8C       PythonEngine..EPySyntaxError
 0001:00001E34       PythonEngine..EPyIndentationError
 0001:00001EC8       PythonEngine..EPyTabError
 0001:00001F4C       PythonEngine..EPySystemError
 0001:00001FD8       PythonEngine..EPySystemExit
 0001:00002060       PythonEngine..EPyTypeError
 0001:000020E8       PythonEngine..EPyUnboundLocalError
 0001:00002180       PythonEngine..EPyValueError
 0001:00002208       PythonEngine..EPyUnicodeError
 0001:00002294       PythonEngine..UnicodeEncodeError
 0001:00002328       PythonEngine..UnicodeDecodeError
 0001:000023BC       PythonEngine..UnicodeTranslateError
 0001:00002454       PythonEngine..EPyZeroDivisionError
 0001:000024EC       PythonEngine..EPyStopIteration
 0001:0000257C       PythonEngine..EPyWarning
 0001:00002600       PythonEngine..EPyUserWarning
 0001:0000268C       PythonEngine..EPyDeprecationWarning
 0001:00002724       PythonEngine..PendingDeprecationWarning
 0001:000027C4       PythonEngine..FutureWarning
 0001:0000284C       PythonEngine..EPySyntaxWarning
 0001:000028DC       PythonEngine..EPyOverflowWarning
 0001:00002970       PythonEngine..EPyRuntimeWarning
 0001:00002A00       PythonEngine..EPyReferenceError
 0001:00002A90       PythonEngine..EPyWindowsError
 0001:00002B98       PythonEngine..TPythonInputOutput
 0001:00002D38       PythonEngine..TDynamicDll
 0001:00002FE8       PythonEngine..TPythonInterface
 0001:00003234       PythonEngine..TTracebackItem
 0001:000032DC       PythonEngine..TPythonTraceback
 0001:0000336C       PythonEngine..TPythonEngine
 0001:000035E0       PythonEngine..TEngineClient
 0001:00003814       PythonEngine..TEventDef
 0001:00003934       PythonEngine..TEventDefs
 0001:000039E8       PythonEngine..TMethodsContainer
 0001:00003AD8       PythonEngine..TMembersContainer
 0001:00003BA8       PythonEngine..TGetSetContainer
 0001:00003CB4       PythonEngine..TParentClassError
 0001:00003DA8       PythonEngine..TError
 0001:00003EE8       PythonEngine..TErrors
 0001:00003F94       PythonEngine..TPythonModule
 0001:00004104       PythonEngine..TPyObject
 0001:000046BC       PythonEngine..TTypeServices
 0001:00004800       PythonEngine..TPythonType
 0001:00004AC8       PythonEngine..TPythonDelphiVar
 0001:00004CA8       PythonEngine..TPyVar
 0001:00004EA4       PythonEngine..TPythonThread
 0001:00004F38       PythonEngine.TPythonInputOutput.Create
 0001:00004FAC       PythonEngine.TPythonInputOutput.Destroy
 0001:00004FEC       PythonEngine.TPythonInputOutput.Lock
 0001:00004FF8       PythonEngine.TPythonInputOutput.Unlock
 0001:00005004       PythonEngine.DropLine
 0001:00005058       PythonEngine.TPythonInputOutput.Write
 0001:00005174       PythonEngine.TPythonInputOutput.WriteLine
 0001:000051D4       PythonEngine.TPythonInputOutput.AddWrite
 0001:00005204       PythonEngine.TPythonInputOutput.SendData
 0001:0000521C       PythonEngine.TPythonInputOutput.ReceiveData
 0001:00005240       PythonEngine.TPythonInputOutput.AddPendingWrite
 0001:00005244       PythonEngine.TPythonInputOutput.GetCurrentThreadSlotIdx
 0001:0000528C       PythonEngine.TPythonInputOutput.GetCurrentThreadLine
 0001:000052A8       PythonEngine.TPythonInputOutput.UpdateCurrentThreadLine
 0001:000052C4       PythonEngine.TDynamicDll.DoOpenDll
 0001:0000533C       PythonEngine.TDynamicDll.GetDllPath
 0001:0000539C       PythonEngine.TDynamicDll.OpenDll
 0001:000054A0       PythonEngine.TDynamicDll.Create
 0001:000054E8       PythonEngine.TDynamicDll.Destroy
 0001:0000551C       PythonEngine.TDynamicDll.Import
 0001:000055B4       PythonEngine.TDynamicDll.Loaded
 0001:000055D4       PythonEngine.TDynamicDll.IsHandleValid
 0001:000055DC       PythonEngine.TDynamicDll.LoadDll
 0001:000055E8       PythonEngine.TDynamicDll.UnloadDll
 0001:00005610       PythonEngine.TDynamicDll.BeforeLoad
 0001:00005624       PythonEngine.TDynamicDll.AfterLoad
 0001:00005638       PythonEngine.TDynamicDll.BeforeUnload
 0001:0000564C       PythonEngine.TDynamicDll.GetQuitMessage
 0001:000056AC       PythonEngine.TDynamicDll.Quit
 0001:00005720       PythonEngine.TDynamicDll.IsAPIVersionStored
 0001:00005728       PythonEngine.TDynamicDll.IsDllNameStored
 0001:00005730       PythonEngine.TDynamicDll.IsRegVersionStored
 0001:00005738       PythonEngine.TPythonInterface.Create
 0001:00005798       PythonEngine.TPythonInterface.AfterLoad
 0001:00005828       PythonEngine.TPythonInterface.GetQuitMessage
 0001:00005894       PythonEngine.TPythonInterface.GetInitialized
 0001:000058B4       PythonEngine.TPythonInterface.CheckPython
 0001:00005908       PythonEngine.TPythonInterface.GetUnicodeTypeSuffix
 0001:0000593C       PythonEngine.TPythonInterface.MapDll
 0001:0000A180       PythonEngine.TPythonInterface.Py_INCREF
 0001:0000A184       PythonEngine.TPythonInterface.Py_DECREF
 0001:0000A198       PythonEngine.TPythonInterface.Py_XINCREF
 0001:0000A1A4       PythonEngine.TPythonInterface.Py_XDECREF
 0001:0000A1B0       PythonEngine.TPythonInterface.Py_GetPlatform
 0001:0000A1C4       PythonEngine.TPythonInterface.Py_BuildValue
 0001:0000A214       PythonEngine.TPythonInterface.PyArg_Parse
 0001:0000A250       PythonEngine.TPythonInterface.PyArg_ParseTuple
 0001:0000A28C       PythonEngine.TPythonInterface.PyCode_Addr2Line
 0001:0000A2F8       PythonEngine.TPythonInterface.Py_GetBuildInfo
 0001:0000A320       PythonEngine.TPythonInterface.PyImport_ExecCodeModule
 0001:0000A4C8       PythonEngine.TPythonInterface.PyString_Check
 0001:0000A4D4       PythonEngine.TPythonInterface.PyString_CheckExact
 0001:0000A4EC       PythonEngine.TPythonInterface.PyFloat_Check
 0001:0000A4F8       PythonEngine.TPythonInterface.PyFloat_CheckExact
 0001:0000A510       PythonEngine.TPythonInterface.PyInt_Check
 0001:0000A51C       PythonEngine.TPythonInterface.PyInt_CheckExact
 0001:0000A534       PythonEngine.TPythonInterface.PyLong_Check
 0001:0000A540       PythonEngine.TPythonInterface.PyLong_CheckExact
 0001:0000A558       PythonEngine.TPythonInterface.PyTuple_Check
 0001:0000A564       PythonEngine.TPythonInterface.PyTuple_CheckExact
 0001:0000A57C       PythonEngine.TPythonInterface.PyInstance_Check
 0001:0000A594       PythonEngine.TPythonInterface.PyClass_Check
 0001:0000A5AC       PythonEngine.TPythonInterface.PyMethod_Check
 0001:0000A5C4       PythonEngine.TPythonInterface.PyList_Check
 0001:0000A5D0       PythonEngine.TPythonInterface.PyList_CheckExact
 0001:0000A5E8       PythonEngine.TPythonInterface.PyDict_Check
 0001:0000A5F4       PythonEngine.TPythonInterface.PyDict_CheckExact
 0001:0000A60C       PythonEngine.TPythonInterface.PyModule_Check
 0001:0000A618       PythonEngine.TPythonInterface.PyModule_CheckExact
 0001:0000A630       PythonEngine.TPythonInterface.PySlice_Check
 0001:0000A648       PythonEngine.TPythonInterface.PyFunction_Check
 0001:0000A668       PythonEngine.TPythonInterface.PyUnicode_Check
 0001:0000A674       PythonEngine.TPythonInterface.PyUnicode_CheckExact
 0001:0000A68C       PythonEngine.TPythonInterface.PyType_IS_GC
 0001:0000A69C       PythonEngine.TPythonInterface.PyObject_IS_GC
 0001:0000A6D4       PythonEngine.TPythonInterface.PyWeakref_Check
 0001:0000A704       PythonEngine.TPythonInterface.PyWeakref_CheckRef
 0001:0000A71C       PythonEngine.TPythonInterface.PyWeakref_CheckProxy
 0001:0000A73C       PythonEngine.TPythonInterface.PyBool_Check
 0001:0000A754       PythonEngine.TPythonInterface.PyBaseString_Check
 0001:0000A760       PythonEngine.TPythonInterface.PyEnum_Check
 0001:0000A778       PythonEngine.TPythonInterface.PyObject_TypeCheck
 0001:0000A7B4       PythonEngine.TPythonInterface.Py_InitModule
 0001:0000A7DC       PythonEngine.TPythonTraceback.GetItemCount
 0001:0000A7E4       PythonEngine.TPythonTraceback.GetItem
 0001:0000A7F8       PythonEngine.TPythonTraceback.Create
 0001:0000A844       PythonEngine.TPythonTraceback.Destroy
 0001:0000A878       PythonEngine.TPythonTraceback.Clear
 0001:0000A8AC       PythonEngine.TPythonTraceback.Refresh
 0001:0000ACE0       PythonEngine.TPythonEngine.Create
 0001:0000AE68       PythonEngine.TPythonEngine.Destroy
 0001:0000AEDC       PythonEngine.TPythonEngine.Finalize
 0001:0000B138       PythonEngine.TPythonEngine.Lock
 0001:0000B144       PythonEngine.TPythonEngine.Unlock
 0001:0000B150       PythonEngine.TPythonEngine.AfterLoad
 0001:0000B164       PythonEngine.TPythonEngine.BeforeLoad
 0001:0000B180       PythonEngine.TPythonEngine.DoOpenDll
 0001:0000B238       PythonEngine.SetFlag
 0001:0000B248       PythonEngine.TPythonEngine.AssignPyFlags
 0001:0000B334       PythonEngine.GetVal
 0001:0000B3C0       PythonEngine.GetTimeStructType
 0001:0000B46C       PythonEngine.GetDateTimeTypes
 0001:0000B694       PythonEngine.TPythonEngine.Initialize
 0001:0000B818       PythonEngine.TPythonEngine.SetInitScript
 0001:0000B828       PythonEngine.TPythonEngine.GetInterpreterState
 0001:0000B844       PythonEngine.TPythonEngine.GetThreadState
 0001:0000B858       PythonEngine.TPythonEngine.SetInitThreads
 0001:0000B884       PythonEngine.TPythonEngine.GetClientCount
 0001:0000B890       PythonEngine.TPythonEngine.GetClients
 0001:0000B8A8       PythonEngine.TPythonEngine.Notification
 0001:0000B918       PythonEngine.TPythonEngine.CheckRegistry
 0001:0000BA78       PythonEngine.TPythonEngine.SetProgramArgs
 0001:0000BB90       PythonEngine.TPythonEngine.InitWinConsole
 0001:0000BBB8       PythonEngine.TPythonEngine.SetUseWindowsConsole
 0001:0000BBCC       PythonEngine.TPythonEngine.SetGlobalVars
 0001:0000BC74       PythonEngine.TPythonEngine.SetLocalVars
 0001:0000BD1C       PythonEngine.TPythonEngine.SetPyFlags
 0001:0000BDA4       PythonEngine.TPythonEngine.IsType
 0001:0000BDAC       PythonEngine.TPythonEngine.GetAttrString
 0001:0000BDF0       PythonEngine.TPythonEngine.CleanString
 0001:0000BE78       PythonEngine.TPythonEngine.EvalPyFunction
 0001:0000BF8C       PythonEngine.TPythonEngine.EvalFunction
 0001:0000C014       PythonEngine.TPythonEngine.EvalFunctionNoArgs
 0001:0000C07C       PythonEngine.TPythonEngine.EvalStringAsStr
 0001:0000C098       PythonEngine.TPythonEngine.EvalStringAsStrUseDict
 0001:0000C104       PythonEngine.TPythonEngine.EvalString
 0001:0000C110       PythonEngine.TPythonEngine.ExecString
 0001:0000C154       PythonEngine.TPythonEngine.ExecStringUseDict
 0001:0000C1E8       PythonEngine.TPythonEngine.Run_CommandAsString
 0001:0000C22C       PythonEngine.TPythonEngine.Run_CommandAsObject
 0001:0000C3B8       PythonEngine.TPythonEngine.ExecStrings
 0001:0000C42C       PythonEngine.TPythonEngine.EvalStrings
 0001:0000C49C       PythonEngine.TPythonEngine.EvalStringsAsStr
 0001:0000C50C       PythonEngine.TPythonEngine.CheckEvalSyntax
 0001:0000C518       PythonEngine.TPythonEngine.CheckExecSyntax
 0001:0000C524       PythonEngine.TPythonEngine.CheckSyntax
 0001:0000C558       PythonEngine.Define
 0001:0000C604       PythonEngine.DefineSyntaxError
 0001:0000CA9C       PythonEngine.GetTypeAsString
 0001:0000CAE4       PythonEngine.TPythonEngine.RaiseError
 0001:0000D71C       PythonEngine.TPythonEngine.PyObjectAsString
 0001:0000D7FC       PythonEngine.TPythonEngine.DoRedirectIO
 0001:0000DB3C       PythonEngine.TPythonEngine.AddClient
 0001:0000DB48       PythonEngine.TPythonEngine.RemoveClient
 0001:0000DB80       PythonEngine.TPythonEngine.FindClient
 0001:0000DBDC       PythonEngine.TPythonEngine.TypeByName
 0001:0000DC8C       PythonEngine.TPythonEngine.ModuleByName
 0001:0000DD38       PythonEngine.TPythonEngine.MethodsByName
 0001:0000DDE8       PythonEngine.ArrayVarDim1
 0001:0000DED0       PythonEngine.ArrayVarDim2
 0001:0000E05C       PythonEngine.ArrayVarDim3
 0001:0000E284       PythonEngine.TPythonEngine.VariantAsPyObject
 0001:0000E904       PythonEngine.GetStructMember
 0001:0000E9E4       PythonEngine.ExtractDate
 0001:0000F008       PythonEngine.GetSequenceItem
 0001:0000F070       PythonEngine.TPythonEngine.PyObjectAsVariant
 0001:0000F2AC       PythonEngine.TPythonEngine.VarRecAsPyObject
 0001:0000F514       PythonEngine.TPythonEngine.MakePyTuple
 0001:0000F5B4       PythonEngine.TPythonEngine.MakePyList
 0001:0000F654       PythonEngine.TPythonEngine.ArrayToPyTuple
 0001:0000F714       PythonEngine.TPythonEngine.ArrayToPyList
 0001:0000F7D4       PythonEngine.VarRecAsString
 0001:0000F8A4       PythonEngine.TPythonEngine.ArrayToPyDict
 0001:0000FA38       PythonEngine.TPythonEngine.StringsToPyList
 0001:0000FB20       PythonEngine.TPythonEngine.StringsToPyTuple
 0001:0000FC08       PythonEngine.TPythonEngine.PyListToStrings
 0001:0000FCEC       PythonEngine.TPythonEngine.PyTupleToStrings
 0001:0000FDD4       PythonEngine.TPythonEngine.PyUnicode_AsWideString
 0001:0000FED8       PythonEngine.TPythonEngine.PyUnicode_FromWideString
 0001:0000FEFC       PythonEngine.TPythonEngine.ReturnNone
 0001:0000FF10       PythonEngine.TPythonEngine.FindModule
 0001:0000FF50       PythonEngine.TPythonEngine.FindFunction
 0001:0000FFF8       PythonEngine.GetBit
 0001:00010044       PythonEngine.TPythonEngine.SetToList
 0001:000100D8       PythonEngine.SetBit
 0001:00010120       PythonEngine.TPythonEngine.ListToSet
 0001:000101CC       PythonEngine.TPythonEngine.CheckError
 0001:000101F4       PythonEngine.TPythonEngine.GetMainModule
 0001:0001020C       PythonEngine.TPythonEngine.PyTimeStruct_Check
 0001:00010224       PythonEngine.TPythonEngine.PyDate_Check
 0001:00010230       PythonEngine.TPythonEngine.PyDate_CheckExact
 0001:00010248       PythonEngine.TPythonEngine.PyDateTime_Check
 0001:00010254       PythonEngine.TPythonEngine.PyDateTime_CheckExact
 0001:00010270       PythonEngine.TPythonEngine.PyTime_Check
 0001:0001027C       PythonEngine.TPythonEngine.PyTime_CheckExact
 0001:00010298       PythonEngine.TPythonEngine.PyDelta_Check
 0001:000102A4       PythonEngine.TPythonEngine.PyDelta_CheckExact
 0001:000102C0       PythonEngine.TPythonEngine.PyTZInfo_Check
 0001:000102CC       PythonEngine.TPythonEngine.PyTZInfo_CheckExact
 0001:000102E8       PythonEngine.TPythonEngine.PyDateTime_GET_YEAR
 0001:000102FC       PythonEngine.TPythonEngine.PyDateTime_GET_MONTH
 0001:00010304       PythonEngine.TPythonEngine.PyDateTime_GET_DAY
 0001:0001030C       PythonEngine.TPythonEngine.PyDateTime_DATE_GET_HOUR
 0001:00010314       PythonEngine.TPythonEngine.PyDateTime_DATE_GET_MINUTE
 0001:0001031C       PythonEngine.TPythonEngine.PyDateTime_DATE_GET_SECOND
 0001:00010324       PythonEngine.TPythonEngine.PyDateTime_DATE_GET_MICROSECOND
 0001:00010344       PythonEngine.TPythonEngine.PyDateTime_TIME_GET_HOUR
 0001:0001034C       PythonEngine.TPythonEngine.PyDateTime_TIME_GET_MINUTE
 0001:00010354       PythonEngine.TPythonEngine.PyDateTime_TIME_GET_SECOND
 0001:0001035C       PythonEngine.TPythonEngine.PyDateTime_TIME_GET_MICROSECOND
 0001:0001037C       PythonEngine.TEngineClient.SetEngine
 0001:000103A8       PythonEngine.TEngineClient.Create
 0001:00010444       PythonEngine.TEngineClient.Destroy
 0001:00010484       PythonEngine.TEngineClient.Loaded
 0001:000104A0       PythonEngine.TEngineClient.Notification
 0001:000104C8       PythonEngine.TEngineClient.Initialize
 0001:000104E8       PythonEngine.TEngineClient.Finalize
 0001:00010508       PythonEngine.TEngineClient.ClearEngine
 0001:00010510       PythonEngine.TEngineClient.CheckEngine
 0001:00010574       PythonEngine.TEventDef.Create
 0001:0001063C       PythonEngine.TEventDef.Destroy
 0001:0001066C       PythonEngine.TEventDef.GetDisplayName
 0001:00010680       PythonEngine.TEventDef.GetDocString
 0001:0001070C       PythonEngine.TEventDef.PythonEvent
 0001:0001074C       PythonEngine.TEventDef.Owner
 0001:00010760       PythonEngine.TEventDef.SetDisplayName
 0001:0001077C       PythonEngine.TEventDef.Assign
 0001:000107BC       PythonEngine.TEventDef.SetDocString
 0001:000107CC       PythonEngine.TEventDefs.Create
 0001:00010810       PythonEngine.TEventDefs.GetItems
 0001:00010824       PythonEngine.TEventDefs.SetItems
 0001:0001082C       PythonEngine.TEventDefs.GetOwner
 0001:00010830       PythonEngine.TEventDefs.Add
 0001:0001083C       PythonEngine.TEventDefs.RegisterEvents
 0001:000108D4       PythonEngine.TMethodsContainer.AllocMethods
 0001:00010988       PythonEngine.TMethodsContainer.FreeMethods
 0001:000109A8       PythonEngine.TMethodsContainer.ReallocMethods
 0001:000109DC       PythonEngine.TMethodsContainer.GetMethods
 0001:00010A64       PythonEngine.TMethodsContainer.StoreEventDefs
 0001:00010A84       PythonEngine.TMethodsContainer.Create
 0001:00010AD4       PythonEngine.TMethodsContainer.Destroy
 0001:00010B10       PythonEngine.TMethodsContainer.Initialize
 0001:00010B24       PythonEngine.TMethodsContainer.Finalize
 0001:00010B40       PythonEngine.TMethodsContainer.AddMethod
 0001:00010B84       PythonEngine.TMethodsContainer.AddDelphiMethod
 0001:00010BB8       PythonEngine.TMethodsContainer.AddMethodWithExtraArg
 0001:00010BF8       PythonEngine.TMethodsContainer.ClearMethods
 0001:00010C10       PythonEngine.TMembersContainer.GetMembersStartOffset
 0001:00010C14       PythonEngine.TMembersContainer.AddMember
 0001:00010DD8       PythonEngine.TMembersContainer.AllocMembers
 0001:00010E8C       PythonEngine.TMembersContainer.ClearMembers
 0001:00010EA8       PythonEngine.TMembersContainer.Create
 0001:00010EE4       PythonEngine.TMembersContainer.Destroy
 0001:00010F10       PythonEngine.TMembersContainer.Finalize
 0001:00010F2C       PythonEngine.TMembersContainer.FreeMembers
 0001:00010F4C       PythonEngine.TMembersContainer.GetMembers
 0001:00010FD0       PythonEngine.TMembersContainer.ReallocMembers
 0001:00011008       PythonEngine.TGetSetContainer.AddGetSet
 0001:0001105C       PythonEngine.TGetSetContainer.AllocGetSets
 0001:0001111C       PythonEngine.TGetSetContainer.ClearGetSets
 0001:00011140       PythonEngine.TGetSetContainer.Create
 0001:0001117C       PythonEngine.TGetSetContainer.Destroy
 0001:000111A8       PythonEngine.TGetSetContainer.Finalize
 0001:000111C4       PythonEngine.TGetSetContainer.FreeGetSets
 0001:000111F0       PythonEngine.TGetSetContainer.GetGetSet
 0001:0001127C       PythonEngine.TGetSetContainer.ReallocGetSets
 0001:000112C4       PythonEngine.TParentClassError.AssignTo
 0001:00011304       PythonEngine.TError.GetDisplayName
 0001:00011328       PythonEngine.CheckName
 0001:00011420       PythonEngine.UpdateDependencies
 0001:00011548       PythonEngine.TError.SetName
 0001:000115A0       PythonEngine.TError.SetText
 0001:000115C8       PythonEngine.TError.SetErrorType
 0001:000115F0       PythonEngine.TError.SetParentClass
 0001:00011608       PythonEngine.TError.Create
 0001:00011650       PythonEngine.TError.Destroy
 0001:00011680       PythonEngine.TError.Assign
 0001:000116C0       PythonEngine.FindParentClass
 0001:000118D0       PythonEngine.TError.BuildError
 0001:00011AC0       PythonEngine.TError.RaiseError
 0001:00011B00       PythonEngine.TError.RaiseErrorObj
 0001:00011D10       PythonEngine.TError.Owner
 0001:00011D30       PythonEngine.TErrors.GetError
 0001:00011D44       PythonEngine.TErrors.SetError
 0001:00011D4C       PythonEngine.TErrors.GetOwner
 0001:00011D50       PythonEngine.TErrors.Update
 0001:00011D58       PythonEngine.TErrors.Create
 0001:00011D9C       PythonEngine.TErrors.Add
 0001:00011DA8       PythonEngine.TErrors.Owner
 0001:00011DC8       PythonEngine.TPythonModule.GetClientCount
 0001:00011DD0       PythonEngine.TPythonModule.GetClients
 0001:00011DE4       PythonEngine.TPythonModule.SetErrors
 0001:00011DF4       PythonEngine.UpdateDependencies
 0001:00011EC8       PythonEngine.TPythonModule.SetModuleName
 0001:00011F04       PythonEngine.TPythonModule.Create
 0001:00011F6C       PythonEngine.TPythonModule.Destroy
 0001:00011FAC       PythonEngine.TPythonModule.SetDocString
 0001:00011FBC       PythonEngine.TPythonModule.DefineDocString
 0001:00012070       PythonEngine.TPythonModule.MakeModule
 0001:000120A8       PythonEngine.TPythonModule.Initialize
 0001:00012120       PythonEngine.TPythonModule.InitializeForNewInterpreter
 0001:00012190       PythonEngine.TPythonModule.AddClient
 0001:0001219C       PythonEngine.TPythonModule.ErrorByName
 0001:00012230       PythonEngine.TPythonModule.RaiseError
 0001:00012250       PythonEngine.TPythonModule.RaiseErrorFmt
 0001:000122CC       PythonEngine.TPythonModule.RaiseErrorObj
 0001:000122F4       PythonEngine.TPythonModule.BuildErrors
 0001:00012378       PythonEngine.TPythonModule.SetVar
 0001:00012490       PythonEngine.TPythonModule.GetVar
 0001:00012550       PythonEngine.TPythonModule.DeleteVar
 0001:0001266C       PythonEngine.TPythonModule.SetVarFromVariant
 0001:000126D8       PythonEngine.TPythonModule.GetVarAsVariant
 0001:00012744       PythonEngine.TPyObject.Create
 0001:0001279C       PythonEngine.TPyObject.CreateWith
 0001:000127DC       PythonEngine.TPyObject.Destroy
 0001:00012818       PythonEngine.TPyObject.NewInstance
 0001:00012844       PythonEngine.TPyObject.FreeInstance
 0001:00012860       PythonEngine.TPyObject.GetSelf
 0001:00012864       PythonEngine.TPyObject.IncRef
 0001:00012874       PythonEngine.TPyObject.Adjust
 0001:00012884       PythonEngine.TPyObject.GetModule
 0001:00012898       PythonEngine.TPyObject.Get_ob_refcnt
 0001:000128A8       PythonEngine.TPyObject.Get_ob_type
 0001:000128B8       PythonEngine.TPyObject.Set_ob_refcnt
 0001:000128CC       PythonEngine.TPyObject.Set_ob_type
 0001:000128E0       PythonEngine.TPyObject.Print
 0001:000128E4       PythonEngine.TPyObject.GetAttr
 0001:000129A8       PythonEngine.TPyObject.SetAttr
 0001:00012A50       PythonEngine.TPyObject.Repr
 0001:00012AEC       PythonEngine.TPyObject.Compare
 0001:00012AF0       PythonEngine.TPyObject.Hash
 0001:00012AF4       PythonEngine.TPyObject.Str
 0001:00012AFC       PythonEngine.TPyObject.GetAttrO
 0001:00012B1C       PythonEngine.TPyObject.SetAttrO
 0001:00012B44       PythonEngine.TPyObject.Call
 0001:00012B48       PythonEngine.TPyObject.Traverse
 0001:00012B4C       PythonEngine.TPyObject.Clear
 0001:00012B50       PythonEngine.TPyObject.RichCompare
 0001:00012B54       PythonEngine.TPyObject.Iter
 0001:00012B58       PythonEngine.TPyObject.IterNext
 0001:00012B5C       PythonEngine.TPyObject.Init
 0001:00012B60       PythonEngine.TPyObject.NbAdd
 0001:00012B64       PythonEngine.TPyObject.NbSubstract
 0001:00012B68       PythonEngine.TPyObject.NbMultiply
 0001:00012B6C       PythonEngine.TPyObject.NbDivide
 0001:00012B70       PythonEngine.TPyObject.NbFloorDivide
 0001:00012B74       PythonEngine.TPyObject.NbTrueDivide
 0001:00012B78       PythonEngine.TPyObject.NbRemainder
 0001:00012B7C       PythonEngine.TPyObject.NbDivmod
 0001:00012B80       PythonEngine.TPyObject.NbPower
 0001:00012B84       PythonEngine.TPyObject.NbNegative
 0001:00012B88       PythonEngine.TPyObject.NbPositive
 0001:00012B8C       PythonEngine.TPyObject.NbAbsolute
 0001:00012B90       PythonEngine.TPyObject.NbNonZero
 0001:00012B94       PythonEngine.TPyObject.NbInvert
 0001:00012B98       PythonEngine.TPyObject.NbLShift
 0001:00012B9C       PythonEngine.TPyObject.NbRShift
 0001:00012BA0       PythonEngine.TPyObject.NbAnd
 0001:00012BA4       PythonEngine.TPyObject.NbXor
 0001:00012BA8       PythonEngine.TPyObject.NbOr
 0001:00012BAC       PythonEngine.TPyObject.NbCoerce
 0001:00012BB0       PythonEngine.TPyObject.NbInt
 0001:00012BB4       PythonEngine.TPyObject.NbLong
 0001:00012BB8       PythonEngine.TPyObject.NbFloat
 0001:00012BBC       PythonEngine.TPyObject.NbOct
 0001:00012BC0       PythonEngine.TPyObject.NbHex
 0001:00012BC4       PythonEngine.TPyObject.NbInplaceAdd
 0001:00012BC8       PythonEngine.TPyObject.NbInplaceAnd
 0001:00012BCC       PythonEngine.TPyObject.NbInplaceDivide
 0001:00012BD0       PythonEngine.TPyObject.NbInplaceFloorDivide
 0001:00012BD4       PythonEngine.TPyObject.NbInplaceTrueDivide
 0001:00012BD8       PythonEngine.TPyObject.NbInplaceLshift
 0001:00012BDC       PythonEngine.TPyObject.NbInplaceMultiply
 0001:00012BE0       PythonEngine.TPyObject.NbInplaceOr
 0001:00012BE4       PythonEngine.TPyObject.NbInplacePower
 0001:00012BE8       PythonEngine.TPyObject.NbInplaceRemainder
 0001:00012BEC       PythonEngine.TPyObject.NbInplaceRshift
 0001:00012BF0       PythonEngine.TPyObject.NbInplaceSubtract
 0001:00012BF4       PythonEngine.TPyObject.NbInplaceXor
 0001:00012BF8       PythonEngine.TPyObject.SqLength
 0001:00012BFC       PythonEngine.TPyObject.SqConcat
 0001:00012C08       PythonEngine.TPyObject.SqRepeat
 0001:00012C14       PythonEngine.TPyObject.SqItem
 0001:00012C20       PythonEngine.TPyObject.SqSlice
 0001:00012C2C       PythonEngine.TPyObject.SqAssItem
[...]
   204 0001:00016286   207 0001:000162A4   209 0001:000162AF   210 0001:000162C0
   211 0001:000162CC   214 0001:000162DC   216 0001:000162F5   217 0001:00016315
   229 0001:00016348   230 0001:0001636A   231 0001:0001636D   232 0001:00016370
   233 0001:00016382   237 0001:00016390   240 0001:000163A1   241 0001:000163A7
   243 0001:000163AB   246 0001:000163BC   247 0001:000163C2   251 0001:000163C6
   254 0001:000163E7   258 0001:000163EE   259 0001:000163FB   260 0001:000163FD
   263 0001:000163FF   266 0001:00016454   268 0001:00016457   269 0001:0001645C
   272 0001:00016460   274 0001:00016463   275 0001:00016468   281 0001:0001646C
   282 0001:00016470   283 0001:00016477   288 0001:000164BF   291 0001:000164C4
   292 0001:000164C8   293 0001:000164CF   295 0001:000164F0   308 0001:000164F4
   309 0001:0001651E   311 0001:00016526   320 0001:0001652B   321 0001:0001652E
   322 0001:0001653E   323 0001:00016544   325 0001:00016558   327 0001:0001656A
   330 0001:0001656F   331 0001:0001657C   332 0001:00016586   336 0001:00016596
   339 0001:0001659F   340 0001:000165A9   344 0001:000165C3   345 0001:000165DA
   346 0001:000165E8   347 0001:000165F9   348 0001:00016607   349 0001:0001660C
   351 0001:00016615   352 0001:0001661F   353 0001:0001662C   354 0001:00016641
   355 0001:00016642   349 0001:00016643   358 0001:00016646   360 0001:00016652
   361 0001:00016669   365 0001:00016673   366 0001:00016679   367 0001:00016684
   370 0001:0001668C   371 0001:00016697   373 0001:000166B5   374 0001:000166B8
   377 0001:000166DB   380 0001:000166EE   381 0001:000166FC   383 0001:00016710
   386 0001:0001671C   390 0001:00016737   394 0001:00016766   397 0001:00016786
   402 0001:00016799   405 0001:000167A0   406 0001:000167A3   407 0001:000167B0
   408 0001:000167BE   410 0001:000167E3   415 0001:000167F6   419 0001:000167FD
   422 0001:00016880   423 0001:00016883   424 0001:00016896   427 0001:00016898
   428 0001:0001689B   429 0001:000168AE   432 0001:000168B0   433 0001:000168B6
   434 0001:000168BD   435 0001:000168C0   436 0001:000168C7   440 0001:000168CC
   441 0001:000168D2   445 0001:000168D4   446 0001:000168DA

Line numbers for PythonAtom(Sources\Core\PythonAtom.pas) segment .itext

   448 0002:00000130

Line numbers for AtomPythonEngine(Sources\Core\AtomPythonEngine.pas) segment .text

    62 0001:000169EC    63 0001:000169F5    64 0001:00016A00    65 0001:00016A13
    66 0001:00016A1C    71 0001:00016A20    72 0001:00016A21    73 0001:00016A37

Line numbers for AtomPythonEngine(Sources\Core\AtomPythonEngine.pas) segment .itext

    75 0002:00000138

Line numbers for VarPyth(Sources\Core\VarPyth.pas) segment .text

   241 0001:00016C54   242 0001:00016C5A   243 0001:00016C61   245 0001:00016C65
   246 0001:00016C6D   248 0001:00016C7E   253 0001:00016C84   254 0001:00016C90
   255 0001:00016C9B   257 0001:00016CA6   259 0001:00016CAE   260 0001:00016CBB
   261 0001:00016CC9   263 0001:00016CE0   266 0001:00016CF3   272 0001:00016CFC
   273 0001:00016D1F   275 0001:00016D27   276 0001:00016D2D   278 0001:00016D43
   279 0001:00016D57   280 0001:00016D5D   281 0001:00016D7E   282 0001:00016D8C
   284 0001:00016D9D   286 0001:00016DAE   287 0001:00016DB8   290 0001:00016DC4
   291 0001:00016DD1   292 0001:00016DD7   294 0001:00016DEE   295 0001:00016E03
   282 0001:00016E09   296 0001:00016E0C   298 0001:00016E24   301 0001:00016E37
   306 0001:00016E60   307 0001:00016E6C   309 0001:00016E74   310 0001:00016E81
   311 0001:00016E8F   313 0001:00016EA6   316 0001:00016EB9   320 0001:00016EC0
   321 0001:00016EC6   322 0001:00016ECD   324 0001:00016ED1   325 0001:00016ED9
   327 0001:00016EEC   331 0001:00016EF0   332 0001:00016EF9   335 0001:00016EFC
   336 0001:00016EFF   337 0001:00016F12   340 0001:00016F14   341 0001:00016F1A
   342 0001:00016F25   344 0001:00016F39   345 0001:00016F42   349 0001:00016F48
   350 0001:00016F4B   351 0001:00016F56   353 0001:00016F5E   354 0001:00016F60
   357 0001:00016F64   358 0001:00016F9D   359 0001:00016FB4   364 0001:00016FE8
   365 0001:00017021   366 0001:0001702B   367 0001:00017033   368 0001:0001704B
   373 0001:0001707C   374 0001:0001707F   376 0001:000170A8   379 0001:000170AC
   380 0001:000170AF   382 0001:000170D8   385 0001:000170DC   386 0001:000170DF
   388 0001:00017108   391 0001:0001710C   392 0001:0001710F   394 0001:00017137
   397 0001:0001713C   398 0001:0001713F   400 0001:00017167   403 0001:0001716C
   404 0001:0001716F   406 0001:00017197   409 0001:0001719C   410 0001:0001719F
   412 0001:000171C7   415 0001:000171CC   416 0001:000171CF   418 0001:000171F7
   421 0001:000171FC   422 0001:000171FF   424 0001:00017227   427 0001:0001722C
   428 0001:0001722F   430 0001:00017257   433 0001:0001725C   434 0001:0001725F
   436 0001:00017287   439 0001:0001728C   440 0001:0001728F   442 0001:000172B7
   445 0001:000172BC   446 0001:000172BF   448 0001:000172E7   451 0001:000172EC
   452 0001:000172EF   454 0001:00017317   457 0001:0001731C   458 0001:0001731F
   460 0001:00017348   464 0001:0001734C   465 0001:0001734F   467 0001:00017377
   471 0001:0001737C   472 0001:0001737F   474 0001:000173A7   477 0001:000173AC
   478 0001:000173AF   480 0001:000173D7   483 0001:000173DC   484 0001:000173DF
   486 0001:00017407   489 0001:0001740C   490 0001:0001740F   492 0001:00017437
   495 0001:0001743C   496 0001:0001743F   498 0001:00017467   502 0001:0001746C
   503 0001:0001746F   505 0001:00017497   508 0001:0001749C   509 0001:0001749F
   511 0001:000174C7   515 0001:000174CC   517 0001:000174D4   519 0001:000174DB
   522 0001:00017514   527 0001:0001751B   530 0001:00017524   532 0001:0001752C
   534 0001:00017533   537 0001:0001756C   542 0001:00017573   545 0001:0001757C
   547 0001:00017584   549 0001:0001758B   552 0001:000175C7   557 0001:000175CE
   560 0001:000175D8   561 0001:000175DB   563 0001:00017602   566 0001:00017604
   567 0001:00017607   568 0001:0001760E   573 0001:00017610   574 0001:0001761C
   576 0001:00017624   577 0001:00017632   578 0001:00017640   580 0001:00017657
   583 0001:0001766A   588 0001:00017670   589 0001:0001767C   591 0001:00017684
   592 0001:00017692   593 0001:000176A0   595 0001:000176B7   598 0001:000176CA
   603 0001:000176D0   604 0001:000176D9   606 0001:000176E1   607 0001:000176ED
   608 0001:000176FB   610 0001:00017712   613 0001:00017725   616 0001:0001772C
   617 0001:00017730   618 0001:00017737   619 0001:00017744   622 0001:00017748
   623 0001:0001774C   624 0001:00017753   625 0001:00017760   630 0001:00017764
   631 0001:00017768   632 0001:00017774   633 0001:0001778C   634 0001:00017795
   637 0001:0001780C   638 0001:0001780F   639 0001:0001781B   642 0001:00017834
   643 0001:00017837   644 0001:00017843   647 0001:00017854   648 0001:00017857
   649 0001:00017863   655 0001:0001787C   656 0001:00017888   658 0001:00017890
   659 0001:000178A5   660 0001:000178B3   661 0001:000178C4   663 0001:000178D9
   665 0001:000178EC   666 0001:00017906   667 0001:00017914   669 0001:0001792C
   672 0001:0001793F   676 0001:000179B8   677 0001:000179EA   678 0001:000179F6
   680 0001:00017A17   681 0001:00017A38   684 0001:00017A80   685 0001:00017AAF
   686 0001:00017ABB   688 0001:00017ACF   689 0001:00017AF0   696 0001:00017B1C
   697 0001:00017B44   698 0001:00017B54   700 0001:00017B60   702 0001:00017B68
   704 0001:00017BA2   707 0001:00017BAC   708 0001:00017BB5   710 0001:00017BF4
   712 0001:00017C04   714 0001:00017C14   716 0001:00017C21   718 0001:00017C2E
   720 0001:00017C3B   722 0001:00017C48   724 0001:00017C55   726 0001:00017C62
   728 0001:00017C6F   730 0001:00017C7C   732 0001:00017C89   735 0001:00017C90
   738 0001:00017C97   739 0001:00017C9C   745 0001:00017CD8   746 0001:00017CE2
   747 0001:00017CEE   748 0001:00017CFC   750 0001:00017D15   752 0001:00017D2A
   758 0001:00017D30   759 0001:00017D5C   760 0001:00017D69   762 0001:00017D79
   765 0001:00017D93   767 0001:00017DAD   769 0001:00017DB9   770 0001:00017DC1
   774 0001:00017DE5   775 0001:00017DF0   779 0001:00017E00   780 0001:00017E0D
   784 0001:00017E44   785 0001:00017E49   786 0001:00017E51   790 0001:00017E54
   791 0001:00017E5E   792 0001:00017E62   793 0001:00017E7B   795 0001:00017EA9
   797 0001:00017EB9   799 0001:00017ECB   801 0001:00017EDB   803 0001:00017EEB
   805 0001:00017EFB   807 0001:00017F0B   810 0001:00017F12   811 0001:00017F17
   815 0001:00017F24   816 0001:00017F30   817 0001:00017F43   820 0001:00017F50
   822 0001:00017F5F   824 0001:00017F6C   827 0001:00017F74   829 0001:00017F77
   830 0001:00017F7E   831 0001:00017F83   836 0001:00017F8A   842 0001:00017F8C
   843 0001:00017F93   844 0001:00017FA2   879 0001:00017FEC   880 0001:00018008
   881 0001:0001801B   884 0001:00018023   885 0001:00018028   888 0001:0001803F
   890 0001:00018048   891 0001:00018057   894 0001:0001805B   895 0001:00018082
   896 0001:0001808D   897 0001:0001809D   902 0001:000180AB   903 0001:000180D0
   904 0001:000180D5   905 0001:000180E5   907 0001:000180F6   911 0001:00018101
   913 0001:00018105   916 0001:00018119   917 0001:00018135   918 0001:00018148
   922 0001:0001815F   923 0001:00018168   925 0001:00018175   928 0001:00018184
   929 0001:000181A7   930 0001:000181AC   931 0001:000181BC   933 0001:000181CD
   937 0001:000181D8   938 0001:000181EE   942 0001:000181F7   943 0001:00018205
   946 0001:00018222   950 0001:00018236   951 0001:00018248   952 0001:0001825B
   955 0001:00018264   958 0001:0001826F   959 0001:00018276   965 0001:000182A0
   974 0001:000182D0   975 0001:000182DA   978 0001:000182EC   979 0001:000182F2
   980 0001:0001830C   981 0001:00018311   982 0001:0001832B   983 0001:00018336
   982 0001:00018340   986 0001:00018343   989 0001:00018362   991 0001:00018368
   995 0001:00018382   996 0001:0001838D  1001 0001:0001839B  1004 0001:000183A3
  1005 0001:000183BD  1007 0001:000183D2  1013 0001:000183E5  1015 0001:000183EB
  1017 0001:00018424  1021 0001:00018431  1022 0001:0001844F  1028 0001:0001845C
  1029 0001:00018462  1030 0001:0001846A  1032 0001:00018470  1033 0001:0001848A
  1035 0001:00018497  1037 0001:0001849D  1038 0001:000184B7  1041 0001:000184C1
  1045 0001:000184E4  1048 0001:00018506  1050 0001:00018510  1054 0001:00018518
  1055 0001:0001851B  1057 0001:0001851F  1058 0001:00018520  1059 0001:00018526
  1060 0001:0001852C  1055 0001:0001854C  1062 0001:00018550  1069 0001:000185A4
  1071 0001:000185B3  1072 0001:000185C6  1073 0001:000185D4  1075 0001:000185DC
  1077 0001:000185E2  1079 0001:00018603  1081 0001:00018618  1087 0001:00018628
  1088 0001:0001862D  1089 0001:00018638  1090 0001:0001863D  1091 0001:00018649
  1097 0001:00018654  1098 0001:00018671  1100 0001:0001868B  1101 0001:0001868F
  1102 0001:000186CA  1107 0001:000186F0  1108 0001:0001870C  1109 0001:0001871A
  1111 0001:00018722  1112 0001:0001872B  1113 0001:00018731  1114 0001:00018752
  1115 0001:00018760  1116 0001:00018774  1118 0001:00018789  1121 0001:0001879C
  1127 0001:000187C4  1128 0001:000187E9  1129 0001:000187EE  1131 0001:000187F6
  1132 0001:000187FF  1133 0001:0001880F  1134 0001:00018815  1135 0001:00018836
  1136 0001:00018844  1137 0001:00018854  1138 0001:0001885A  1139 0001:0001887B
  1140 0001:00018889  1141 0001:000188AA  1142 0001:000188B8  1144 0001:000188D6
  1145 0001:000188E4  1146 0001:000188F3  1148 0001:00018911  1150 0001:00018936
  1152 0001:00018949  1153 0001:00018951  1155 0001:0001896F  1158 0001:00018982
  1163 0001:000189B0  1164 0001:000189CC  1165 0001:000189DA  1167 0001:000189E2
  1168 0001:000189EB  1169 0001:000189F1  1170 0001:00018A12  1171 0001:00018A20
  1172 0001:00018A31  1173 0001:00018A39  1175 0001:00018A51  1178 0001:00018A64
  1181 0001:00018A8C  1182 0001:00018AB7  1184 0001:00018ABE  1185 0001:00018AD4
  1187 0001:00018ADD  1188 0001:00018AE9  1189 0001:00018AFF  1191 0001:00018B11
  1192 0001:00018B1D  1194 0001:00018B24  1199 0001:00018B58  1200 0001:00018B68
  1202 0001:00018B6F  1203 0001:00018B75  1204 0001:00018B89  1205 0001:00018B9D
  1207 0001:00018BA4  1214 0001:00018BB0  1215 0001:00018BD2  1217 0001:00018BDA
  1218 0001:00018BE3  1219 0001:00018BF6  1220 0001:00018C07  1221 0001:00018C0D
  1222 0001:00018C2E  1223 0001:00018C3C  1224 0001:00018C57  1225 0001:00018C5F
  1227 0001:00018C7A  1230 0001:00018C8D  1235 0001:00018CB8  1236 0001:00018CC8
  1238 0001:00018CCF  1239 0001:00018CD5  1240 0001:00018CE9  1241 0001:00018CFD
  1242 0001:00018D04  1244 0001:00018D0C  1250 0001:00018D14  1251 0001:00018D30
  1252 0001:00018D3E  1254 0001:00018D46  1255 0001:00018D4F  1256 0001:00018D55
  1257 0001:00018D76  1259 0001:00018D84  1264 0001:00018D97  1265 0001:00018D9F
  1267 0001:00018DBA  1270 0001:00018DCD  1273 0001:00018DF4  1274 0001:00018DF8
  1276 0001:00018DFF  1277 0001:00018E05  1278 0001:00018E17  1280 0001:00018E1E
  1289 0001:00018E24  1290 0001:00018E47  1291 0001:00018E4C  1294 0001:00018E54
  1297 0001:00018E5A  1298 0001:00018E73  1299 0001:00018E81  1301 0001:00018E8F
  1316 0001:00018EA0  1317 0001:00018EBC  1318 0001:00018ED2  1319 0001:00018EF0
  1320 0001:00018F0C  1321 0001:00018F28  1322 0001:00018F3E  1323 0001:00018F5C
  1324 0001:00018F76  1325 0001:00018F94  1326 0001:00018FB4  1327 0001:00018FD2
  1328 0001:00018FE9  1329 0001:00019005  1330 0001:00019018  1331 0001:00019029
  1335 0001:00019040  1338 0001:00019050  1339 0001:00019056  1341 0001:00019060
  1343 0001:0001906A  1349 0001:00019080  1350 0001:0001909C  1352 0001:000190A0
  1353 0001:000190AA  1354 0001:000190B8  1355 0001:000190C6  1356 0001:000190D0
  1355 0001:000190EC  1359 0001:000190EF  1360 0001:00019106  1362 0001:0001911B
  1368 0001:0001912E  1371 0001:0001913D  1374 0001:00019161  1375 0001:00019171
  1377 0001:0001917F  1378 0001:00019196  1380 0001:000191AB  1385 0001:000191BE
  1387 0001:000191EC  1390 0001:000191FF  1394 0001:000192BC  1395 0001:000192BF
  1404 0001:000192C0  1405 0001:000192D3  1407 0001:000192DB  1409 0001:000192FC
  1412 0001:00019313  1415 0001:00019323  1419 0001:00019357  1421 0001:00019360
  1422 0001:00019376  1424 0001:0001937E  1427 0001:00019391  1430 0001:000193A5
  1432 0001:000193AE  1438 0001:000193CA  1441 0001:000193F5  1443 0001:00019413
  1444 0001:00019422  1446 0001:00019430  1447 0001:00019446  1449 0001:00019457
  1450 0001:00019462  1453 0001:00019472  1457 0001:00019485  1458 0001:0001948D
  1459 0001:00019495  1460 0001:0001949B  1461 0001:000194A9  1463 0001:000194CF
  1466 0001:000194E2  1472 0001:00019518  1473 0001:00019532  1475 0001:0001953A
  1476 0001:0001953C  1477 0001:0001955B  1478 0001:00019563  1486 0001:00019569
  1488 0001:0001957B  1489 0001:00019596  1492 0001:0001959E  1493 0001:000195A4
  1494 0001:000195AA  1495 0001:000195B8  1497 0001:000195D9  1500 0001:000195EC
  1503 0001:000195FC  1504 0001:00019600  1506 0001:00019619  1510 0001:0001961C
  1512 0001:0001962D  1513 0001:00019640  1515 0001:00019647  1517 0001:0001964E
  1518 0001:00019650  1523 0001:00019658  1524 0001:0001965E  1525 0001:00019665
  1527 0001:00019669  1528 0001:00019671  1530 0001:00019682  1537 0001:00019688
  1538 0001:0001968C  1539 0001:00019693  1544 0001:000196DB  1546 0001:000196E0
  1547 0001:00019708  1548 0001:00019719  1550 0001:00019725  1552 0001:00019734
  1554 0001:0001973E  1559 0001:0001975A  1561 0001:00019766  1563 0001:0001976F
  1567 0001:00019798  1572 0001:0001979B  1574 0001:000197A1  1575 0001:000197AB
  1578 0001:000197AF  1579 0001:000197B1  1585 0001:000197B8  1586 0001:000197C7
  1588 0001:000197CF  1589 0001:000197DC  1590 0001:000197EA  1591 0001:00019809
  1593 0001:0001981E  1596 0001:00019831  1597 0001:00019833  1601 0001:0001983C
  1602 0001:0001983D  1603 0001:00019846  1605 0001:00019850  1607 0001:0001985A
  1609 0001:00019864  1612 0001:0001986B  1613 0001:00019870  1618 0001:00019874
  1619 0001:00019888  1621 0001:0001988A  1623 0001:00019894  1624 0001:0001989A
  1626 0001:000198A8  1629 0001:000198C4  1630 0001:000198C7  1632 0001:000198D0
  1633 0001:000198D6  1636 0001:000198E4  1637 0001:000198F2  1638 0001:00019900
  1639 0001:00019905  1641 0001:00019911  1642 0001:00019915  1643 0001:00019924
  1649 0001:00019930  1650 0001:00019937  1652 0001:0001993E  1653 0001:00019951
  1655 0001:00019958  1658 0001:00019960  1659 0001:00019972  1660 0001:0001997B
  1661 0001:0001997F  1664 0001:0001999C  1665 0001:000199B1  1666 0001:000199BA
  1667 0001:000199C1  1670 0001:000199E0  1671 0001:000199EB  1672 0001:000199F4
  1673 0001:000199FD  1674 0001:00019A09  1679 0001:00019A18  1680 0001:00019A1F
  1682 0001:00019A26  1683 0001:00019A39  1684 0001:00019A40  1686 0001:00019A44
  1687 0001:00019A4D  1690 0001:00019A56  1695 0001:00019A5C  1696 0001:00019A63
  1698 0001:00019A6A  1699 0001:00019A7D  1700 0001:00019A84  1702 0001:00019A88
  1703 0001:00019A91  1706 0001:00019A9A  1711 0001:00019AA0  1712 0001:00019AA7
  1715 0001:00019AAE  1719 0001:00019AC1  1720 0001:00019AC8  1722 0001:00019ACC
  1723 0001:00019AD5  1726 0001:00019ADE  1734 0001:00019AE4  1735 0001:00019AEB
  1738 0001:00019AF2  1747 0001:00019B05  1748 0001:00019B0C  1750 0001:00019B10
  1751 0001:00019B19  1754 0001:00019B22  1759 0001:00019B28  1760 0001:00019B30
  1762 0001:00019B37  1763 0001:00019B4A  1764 0001:00019B51  1767 0001:00019B6E
  1768 0001:00019B7C  1769 0001:00019B85  1770 0001:00019B8E  1773 0001:00019B97
  1778 0001:00019B9C  1779 0001:00019BA3  1781 0001:00019BAA  1782 0001:00019BBD
  1783 0001:00019BC4  1785 0001:00019BC8  1786 0001:00019BD1  1789 0001:00019BDA
  1794 0001:00019BE0  1795 0001:00019BE5  1797 0001:00019BEC  1798 0001:00019BF9
  1799 0001:00019C00  1801 0001:00019C04  1802 0001:00019C0D  1805 0001:00019C16
  1810 0001:00019C1C  1811 0001:00019C21  1813 0001:00019C28  1814 0001:00019C35
  1815 0001:00019C3C  1817 0001:00019C40  1818 0001:00019C49  1821 0001:00019C52
  1826 0001:00019C58  1827 0001:00019C5F  1829 0001:00019C66  1830 0001:00019C79
  1831 0001:00019C80  1833 0001:00019C84  1834 0001:00019C8D  1837 0001:00019C96
  1842 0001:00019C9C  1843 0001:00019CA3  1845 0001:00019CAA  1846 0001:00019CBD
  1847 0001:00019CC4  1849 0001:00019CC8  1850 0001:00019CD1  1853 0001:00019CDA
  1858 0001:00019CE0  1859 0001:00019CE7  1861 0001:00019CEE  1862 0001:00019D01
  1863 0001:00019D08  1865 0001:00019D0C  1866 0001:00019D15  1869 0001:00019D1E
  1874 0001:00019D24  1875 0001:00019D2B  1877 0001:00019D32  1878 0001:00019D45
  1879 0001:00019D4C  1881 0001:00019D50  1882 0001:00019D59  1885 0001:00019D62
  1890 0001:00019D68  1891 0001:00019D6F  1893 0001:00019D76  1894 0001:00019D89
  1895 0001:00019D90  1897 0001:00019D94  1898 0001:00019D9D  1901 0001:00019DA6
  1904 0001:00019DAC  1905 0001:00019DB4  1907 0001:00019DBB  1908 0001:00019DD1
  1910 0001:00019DD8  1913 0001:00019DE0  1914 0001:00019DE6  1915 0001:00019DEC
  1917 0001:00019DFE  1918 0001:00019E05  1921 0001:00019E08  1922 0001:00019E0E
  1923 0001:00019E14  1925 0001:00019E26  1926 0001:00019E2D  1929 0001:00019E30
  1931 0001:00019E49  1932 0001:00019E60  1935 0001:00019E71  1936 0001:00019E85
  1939 0001:00019EA8  1940 0001:00019EAE  1941 0001:00019EBC  1944 0001:00019EC0
  1945 0001:00019EC6  1946 0001:00019ED4  1949 0001:00019ED8  1950 0001:00019EDB
  1951 0001:00019EEC  1954 0001:00019EF0  1955 0001:00019EF6  1956 0001:00019F04
  1959 0001:00019F08  1960 0001:00019F0E  1961 0001:00019F1C  1964 0001:00019F20
  1965 0001:00019F27  1967 0001:00019F2E  1968 0001:00019F38  1969 0001:00019F3D
  1971 0001:00019F46  1976 0001:00019F4C  1977 0001:00019F6F

Line numbers for VarPyth(Sources\Core\VarPyth.pas) segment .itext

  1973 0002:00000140  1974 0002:00000149  1975 0002:0000015A

Line numbers for .Python_d7(Python_d7.dpk) segment .itext

    43 0002:0000015C

Bound resource files

Python_d7.res
Sources\Core\PythonEngine.dcr
Python_d7.drf


Program entry point at 0002:0000015C
