BL51 BANKED LINKER/LOCATER V6.22                                                        04/28/2015  17:26:03  PAGE 1


BL51 BANKED LINKER/LOCATER V6.22, INVOKED BY:
C:\KEIL\C51\BIN\BL51.EXE .\Temp\RingBuff.obj, .\Temp\Roller.obj, .\Temp\MiniScheduler.obj, .\Temp\ByteOrder.obj, .\Temp\
>> XilinxInterface.obj, .\Temp\OhdbMain.obj, .\Temp\TimerDrv.obj, .\Temp\UartDrv.obj, .\Temp\SpiDrv.obj, .\Temp\A2D.obj,
>>  .\Temp\Spi_A2D.obj, .\Temp\HeadData.obj, .\Temp\HeaterControl.obj, .\Temp\PrintDriver.obj, .\Temp\D2A.obj, .\Temp\E2
>> PROMInterface.obj, .\Temp\Utils.obj, .\Temp\Watchdog.obj, .\Temp\Comparator.obj, .\Temp\Bumper.obj, .\Temp\MsgDecodeO
>> HDB.obj, .\Temp\ActuatorsOHDB.obj, .\Temp\SensorsOHDB.obj, .\Temp\PotentiometerOHDB.obj, .\Temp\EdenProtocolOHDB.obj,
>>  .\Temp\HeadsVoltageReader.obj, .\Temp\SpiExtA2D.obj TO .\Temp\OHDB2 PRINT (.\Temp\OHDB2.m51) RAMSIZE (256)


MEMORY MODEL: LARGE WITH FLOATING POINT ARITHMETIC


INPUT MODULES INCLUDED:
  .\Temp\RingBuff.obj (RINGBUFF)
  .\Temp\Roller.obj (ROLLER)
  .\Temp\MiniScheduler.obj (MINISCHEDULER)
  .\Temp\ByteOrder.obj (BYTEORDER)
  .\Temp\XilinxInterface.obj (XILINXINTERFACE)
  .\Temp\OhdbMain.obj (OHDBMAIN)
  .\Temp\TimerDrv.obj (TIMERDRV)
  .\Temp\UartDrv.obj (UARTDRV)
  .\Temp\SpiDrv.obj (SPIDRV)
  .\Temp\A2D.obj (A2D)
  .\Temp\Spi_A2D.obj (SPI_A2D)
  .\Temp\HeadData.obj (HEADDATA)
  .\Temp\HeaterControl.obj (HEATERCONTROL)
  .\Temp\PrintDriver.obj (PRINTDRIVER)
  .\Temp\D2A.obj (D2A)
  .\Temp\E2PROMInterface.obj (E2PROMINTERFACE)
  .\Temp\Utils.obj (UTILS)
  .\Temp\Watchdog.obj (WATCHDOG)
  .\Temp\Comparator.obj (COMPARATOR)
  .\Temp\Bumper.obj (BUMPER)
  .\Temp\MsgDecodeOHDB.obj (MSGDECODEOHDB)
  .\Temp\ActuatorsOHDB.obj (ACTUATORSOHDB)
  .\Temp\SensorsOHDB.obj (SENSORSOHDB)
  .\Temp\PotentiometerOHDB.obj (POTENTIOMETEROHDB)
  .\Temp\EdenProtocolOHDB.obj (EDENPROTOCOLOHDB)
  .\Temp\HeadsVoltageReader.obj (HEADSVOLTAGEREADER)
  .\Temp\SpiExtA2D.obj (SPIEXTA2D)
  C:\KEIL\C51\LIB\C51FPL.LIB (?C?FPADD)
  C:\KEIL\C51\LIB\C51FPL.LIB (?C?FPMUL)
  C:\KEIL\C51\LIB\C51FPL.LIB (?C?FPDIV)
  C:\KEIL\C51\LIB\C51FPL.LIB (?C?FCAST)
  C:\KEIL\C51\LIB\C51FPL.LIB (?C?CASTF)
  C:\KEIL\C51\LIB\C51FPL.LIB (POW)
  C:\KEIL\C51\LIB\C51FPL.LIB (?C?FPGETOPN)
  C:\KEIL\C51\LIB\C51FPL.LIB (?C?CHKFLOAT)
  C:\KEIL\C51\LIB\C51FPL.LIB (?C?FPCMP)
  C:\KEIL\C51\LIB\C51FPL.LIB (?C?FPNEG)
  C:\KEIL\C51\LIB\C51FPL.LIB (EXP)
  C:\KEIL\C51\LIB\C51FPL.LIB (LOG)
  C:\KEIL\C51\LIB\C51FPL.LIB (?C?FPSERIES)
  C:\KEIL\C51\LIB\C51L.LIB (?C_STARTUP)
  C:\KEIL\C51\LIB\C51L.LIB (?C?COPY)
  C:\KEIL\C51\LIB\C51L.LIB (?C?CLDPTR)
  C:\KEIL\C51\LIB\C51L.LIB (?C?CLDOPTR)
  C:\KEIL\C51\LIB\C51L.LIB (?C?CILDPTR)
BL51 BANKED LINKER/LOCATER V6.22                                                      04/28/2015  17:26:03  PAGE 2


  C:\KEIL\C51\LIB\C51L.LIB (?C?CILDOPTR)
  C:\KEIL\C51\LIB\C51L.LIB (?C?CSTPTR)
  C:\KEIL\C51\LIB\C51L.LIB (?C?CSTOPTR)
  C:\KEIL\C51\LIB\C51L.LIB (?C?IMUL)
  C:\KEIL\C51\LIB\C51L.LIB (?C?UIDIV)
  C:\KEIL\C51\LIB\C51L.LIB (?C?SIDIV)
  C:\KEIL\C51\LIB\C51L.LIB (?C?IILDX)
  C:\KEIL\C51\LIB\C51L.LIB (?C?ILDIX)
  C:\KEIL\C51\LIB\C51L.LIB (?C?ILDPTR)
  C:\KEIL\C51\LIB\C51L.LIB (?C?ILDOPTR)
  C:\KEIL\C51\LIB\C51L.LIB (?C?ISTPTR)
  C:\KEIL\C51\LIB\C51L.LIB (?C?ISTOPTR)
  C:\KEIL\C51\LIB\C51L.LIB (?C?LMUL)
  C:\KEIL\C51\LIB\C51L.LIB (?C?SLDIV)
  C:\KEIL\C51\LIB\C51L.LIB (?C?LNEG)
  C:\KEIL\C51\LIB\C51L.LIB (?C?LLDOPTR)
  C:\KEIL\C51\LIB\C51L.LIB (?C?LSTOPTR)
  C:\KEIL\C51\LIB\C51L.LIB (?C?LLDCODE)
  C:\KEIL\C51\LIB\C51L.LIB (?C?LLDXDATA0)
  C:\KEIL\C51\LIB\C51L.LIB (?C?LLDCODE0)
  C:\KEIL\C51\LIB\C51L.LIB (?C?LSTXDATA)
  C:\KEIL\C51\LIB\C51L.LIB (?C?LSTKXDATA)
  C:\KEIL\C51\LIB\C51L.LIB (?C?OFFXADD)
  C:\KEIL\C51\LIB\C51L.LIB (?C?CCASE)
  C:\KEIL\C51\LIB\C51L.LIB (?C?ICALL)
  C:\KEIL\C51\LIB\C51L.LIB (ABS)
  C:\KEIL\C51\LIB\C51L.LIB (?C?MEMSET)
  C:\KEIL\C51\LIB\C51L.LIB (?C_INIT)
  C:\KEIL\C51\LIB\C51L.LIB (?C?ULDIV)
  C:\KEIL\C51\LIB\C51L.LIB (?C?LLDIDATA)
  C:\KEIL\C51\LIB\C51L.LIB (?C?LLDXDATA)
  C:\KEIL\C51\LIB\C51L.LIB (?C?LLDPDATA)
  C:\KEIL\C51\LIB\C51L.LIB (?C?LSTIDATA)
  C:\KEIL\C51\LIB\C51L.LIB (?C?LSTPDATA)


LINK MAP OF MODULE:  .\Temp\OHDB2 (RINGBUFF)


            TYPE    BASE      LENGTH    RELOCATION   SEGMENT NAME
            -----------------------------------------------------

            * * * * * * *   D A T A   M E M O R Y   * * * * * * *
            REG     0000H     0008H     ABSOLUTE     "REG BANK 0"
            REG     0008H     0008H     ABSOLUTE     "REG BANK 1"
            REG     0010H     0008H     ABSOLUTE     "REG BANK 2"
            REG     0018H     0008H     ABSOLUTE     "REG BANK 3"
            BIT     0020H.0   0000H.2   UNIT         ?BI?ROLLER
            BIT     0020H.2   0000H.2   UNIT         ?BI?SPIDRV
            BIT     0020H.4   0000H.1   UNIT         ?BI?_RINGBUFFREMOVE?RINGBUFF
            BIT     0020H.5   0000H.1   UNIT         ?BI?RINGBUFF
            BIT     0020H.6   0000H.1   UNIT         ?BI?UART0INIT?UARTDRV
            BIT     0020H.7   0000H.1   UNIT         ?BI?_UARTSEND?UARTDRV
            BIT     0021H.0   0000H.1   UNIT         ?BI?UARTDRV
            BIT     0021H.1   0000H.1   UNIT         ?BI?SETA2D0BUFFERREADINESS?A2D
            BIT     0021H.2   0000H.1   UNIT         ?BI?A2D
            BIT     0021H.3   0000H.1   UNIT         ?BI?HEADSVOLTAGEREADER
BL51 BANKED LINKER/LOCATER V6.22                                                      04/28/2015  17:26:03  PAGE 3


            BIT     0021H.4   0000H.1   UNIT         _BIT_GROUP_
                    0021H.5   0000H.3                *** GAP ***
            DATA    0022H     0001H     UNIT         ?DT?MSGDECODEOHDB
            DATA    0023H     0001H     UNIT         ?DT?HEADSVOLTAGEREADER
            IDATA   0024H     0003H     UNIT         ?ID?SPIEXTA2D_GETVALUES?SPIEXTA2D
            IDATA   0027H     0001H     UNIT         ?ID?_SENSORS_GETMATERIALLEVELSENSORS?SENSORSOHDB
            IDATA   0028H     0001H     UNIT         ?STACK

            * * * * * * *  X D A T A   M E M O R Y  * * * * * * *
            XDATA   0000H     020CH     UNIT         ?XD?MINISCHEDULER
            XDATA   020CH     01FEH     UNIT         ?XD?HEADDATA
            XDATA   040AH     0142H     UNIT         ?XD?EDENPROTOCOLOHDB
            XDATA   054CH     010FH     UNIT         ?XD?MSGDECODEOHDB
            XDATA   065BH     00EFH     UNIT         ?XD?HEATERCONTROL
            XDATA   074AH     00B0H     UNIT         ?XD?UARTDRV
            XDATA   07FAH     0080H     UNIT         ?XD?SPIDRV
            XDATA   087AH     006DH     UNIT         ?XD?SPI_A2D
            XDATA   08E7H     0066H     UNIT         ?XD?E2PROMINTERFACE
            XDATA   094DH     003CH     UNIT         ?XD?_HEADDATA_SETHEADDATATASK?HEADDATA
            XDATA   0989H     003BH     UNIT         ?XD?_GETHEADDATATASK?MSGDECODEOHDB
            XDATA   09C4H     0032H     UNIT         ?XD?_OHDBGETA2DREADINGSTASK?MSGDECODEOHDB
            XDATA   09F6H     002DH     UNIT         ?XD?A2D
            XDATA   0A23H     001FH     UNIT         ?XD?SPIEXTA2D
            XDATA   0A42H     001EH     UNIT         ?XD?HEATERCALCULATECURRENTTEMPEATURES?HEATERCONTROL
            XDATA   0A60H     001CH     UNIT         ?XD?_TEMEPARTUREERRNOTIFCATIONTASK?HEATERCONTROL
            XDATA   0A7CH     001CH     UNIT         ?XD?_GETHEATERSSTATUSTASK?MSGDECODEOHDB
            XDATA   0A98H     001CH     UNIT         ?XD?_GETHEATERSSTANDBYTEMPTASK?MSGDECODEOHDB
            XDATA   0AB4H     001CH     UNIT         ?XD?HEADSVOLTAGEREADER
            XDATA   0AD0H     001AH     UNIT         ?XD?_GETMATERIALLEVELTASK?MSGDECODEOHDB
            XDATA   0AEAH     0012H     UNIT         ?XD?_HEATERSETTEMPERATURES?HEATERCONTROL
            XDATA   0AFCH     0012H     UNIT         ?XD?_GETPRINTINGHEADVOLTAGETASK?MSGDECODEOHDB
            XDATA   0B0EH     0010H     UNIT         ?XD?SENSORSOHDB
            XDATA   0B1EH     000EH     UNIT         ?XD?_HEATERISTEMPRATURESOK?HEATERCONTROL
            XDATA   0B2CH     000EH     UNIT         ?XD?_GETPOWERSUPPLIESTASK?MSGDECODEOHDB
            XDATA   0B3AH     000EH     UNIT         _XDATA_GROUP_
            XDATA   0B48H     000DH     UNIT         ?XD?_E2PROMWRITEBLOCK?E2PROMINTERFACE
            XDATA   0B55H     000CH     UNIT         ?XD?_SWAPUNSIGNEDSHORTARRAY?BYTEORDER
            XDATA   0B61H     000CH     UNIT         ?XD?_SWAPUNSIGNEDLONGARRAY?BYTEORDER
            XDATA   0B6DH     000CH     UNIT         ?XD?PRINTDRIVER
            XDATA   0B79H     000CH     UNIT         ?XD?_OHDBEDENPROTOCOLSEND?EDENPROTOCOLOHDB
            XDATA   0B85H     000BH     UNIT         ?XD?HEADDATA_READDATAFROMALLE2PROMS?HEADDATA
            XDATA   0B90H     000BH     UNIT         ?XD?_PRINTDRV_FIREALLTASK?PRINTDRIVER
            XDATA   0B9BH     000AH     UNIT         ?XD?_PRINTDRV_SETFIREALLPARAMS?PRINTDRIVER
            XDATA   0BA5H     000AH     UNIT         ?XD?_E2PROMREADBLOCK?E2PROMINTERFACE
            XDATA   0BAFH     000AH     UNIT         ?XD?_MESSAGEDECODEOHDB?MSGDECODEOHDB
            XDATA   0BB9H     0009H     UNIT         ?XD?_E2PROMWRITE?E2PROMINTERFACE
            XDATA   0BC2H     0008H     UNIT         ?XD?_SWAPSHORTARRAY?BYTEORDER
            XDATA   0BCAH     0008H     UNIT         ?XD?_SWAPLONGARRAY?BYTEORDER
            XDATA   0BD2H     0008H     UNIT         ?XD?_SPISEND?SPIDRV
            XDATA   0BDAH     0008H     UNIT         ?XD?_CONVERTBLOCKREADINGSTOHEADREADINGS?HEATERCONTROL
            XDATA   0BE2H     0008H     UNIT         ?XD?_E2PROMREADBYTE?E2PROMINTERFACE
            XDATA   0BEAH     0008H     UNIT         ?XD?BUMPER
            XDATA   0BF2H     0008H     UNIT         ?XD?_RESETDRIVERCIRCUITTASK?MSGDECODEOHDB
            XDATA   0BFAH     0007H     UNIT         ?XD?_SWAPUNSIGNEDSHORT?BYTEORDER
            XDATA   0C01H     0007H     UNIT         ?XD?_SWAPUNSIGNEDLONG?BYTEORDER
            XDATA   0C08H     0007H     UNIT         ?XD?_HEATERSETSTANDBYTEMPERATURES?HEATERCONTROL
            XDATA   0C0FH     0007H     UNIT         ?XD?_UTILS_CALCULATECHECKSUM?UTILS
BL51 BANKED LINKER/LOCATER V6.22                                                      04/28/2015  17:26:03  PAGE 4


            XDATA   0C16H     0007H     UNIT         ?XD?_ISHEADTEMPOKTASK?MSGDECODEOHDB
            XDATA   0C1DH     0007H     UNIT         ?XD?_GETROLLERSTATUSTASK?MSGDECODEOHDB
            XDATA   0C24H     0006H     UNIT         ?XD?_RINGBUFFREMOVE?RINGBUFF
            XDATA   0C2AH     0006H     UNIT         ?XD?_INSERTBYTE?RINGBUFF
            XDATA   0C30H     0006H     UNIT         ?XD?XILINXINTERFACE
            XDATA   0C36H     0006H     UNIT         ?XD?MAIN?OHDBMAIN
            XDATA   0C3CH     0006H     UNIT         ?XD?_TIMERDELAY?TIMERDRV
            XDATA   0C42H     0006H     UNIT         ?XD?TIMERDRV
            XDATA   0C48H     0006H     UNIT         ?XD?_SPIA2D_GETBLOCKREADINGS?SPI_A2D
            XDATA   0C4EH     0006H     UNIT         ?XD?_SPIA2D_GETSW_VERSION?SPI_A2D
            XDATA   0C54H     0006H     UNIT         ?XD?_HEADDATA_SETHEADDATATASKPARAMS?HEADDATA
            XDATA   0C5AH     0006H     UNIT         ?XD?_HEATERCONTROLTASK?HEATERCONTROL
            XDATA   0C60H     0006H     UNIT         ?XD?_PRINTDRV_WRITETOREGISTER?PRINTDRIVER
            XDATA   0C66H     0006H     UNIT         ?XD?POTENTIOMETEROHDB
            XDATA   0C6CH     0005H     UNIT         ?XD?_GETMSGPTRBYHANDLE?RINGBUFF
            XDATA   0C71H     0005H     UNIT         ?XD?_ROLLER_SETSPEED?ROLLER
            XDATA   0C76H     0005H     UNIT         ?XD?_ROLLER_ISGETOPERATIONDONE?ROLLER
            XDATA   0C7BH     0005H     UNIT         ?XD?_XILINXWRITE?XILINXINTERFACE
            XDATA   0C80H     0005H     UNIT         ?XD?_TIMERSETTIMEOUT?TIMERDRV
            XDATA   0C85H     0005H     UNIT         ?XD?_TIMERHASTIMEOUTEXPIRED?TIMERDRV
            XDATA   0C8AH     0005H     UNIT         ?XD?_UARTSEND?UARTDRV
            XDATA   0C8FH     0005H     UNIT         ?XD?_HEADDATA_GETHEADDATA?HEADDATA
            XDATA   0C94H     0005H     UNIT         ?XD?_PRINTDRV_SETSTARTPEG?PRINTDRIVER
            XDATA   0C99H     0005H     UNIT         ?XD?_PRINTDRV_SETENDPEG?PRINTDRIVER
            XDATA   0C9EH     0005H     UNIT         ?XD?_PRINTDRV_SETNUMOFFIRES?PRINTDRIVER
            XDATA   0CA3H     0005H     UNIT         ?XD?_PRINTDRV_SETDIAGNOSTICS?PRINTDRIVER
            XDATA   0CA8H     0005H     UNIT         ?XD?_PRINTDRV_SETBUMPERENDPEG?PRINTDRIVER
            XDATA   0CADH     0005H     UNIT         ?XD?_PRINTDRV_SETBUMPERSTARTPEG?PRINTDRIVER
            XDATA   0CB2H     0005H     UNIT         ?XD?_PRINTDRV_ISGETOPERATIONDONE?PRINTDRIVER
            XDATA   0CB7H     0005H     UNIT         ?XD?_E2PROMGETRECEIVEDDATA?E2PROMINTERFACE
            XDATA   0CBCH     0005H     UNIT         ?XD?_BUMPER_SETPARAMETERS?BUMPER
            XDATA   0CC1H     0005H     UNIT         ?XD?_OHDBMESSAGEDECODETASK?MSGDECODEOHDB
            XDATA   0CC6H     0005H     UNIT         ?XD?_E2PROMREADTASK?MSGDECODEOHDB
            XDATA   0CCBH     0005H     UNIT         ?XD?_XILINXREADTASK?MSGDECODEOHDB
            XDATA   0CD0H     0005H     UNIT         ?XD?_SETPRINTINGHEADSPARAMSTASK?MSGDECODEOHDB
            XDATA   0CD5H     0005H     UNIT         ?XD?_SETPRINTINGPASSPARAMSTASK?MSGDECODEOHDB
            XDATA   0CDAH     0005H     UNIT         ?XD?_ENABLEPRINTINGCIRCUITRYTASK?MSGDECODEOHDB
            XDATA   0CDFH     0005H     UNIT         ?XD?_DISABLEPRINTINGCIRCUITRYTASK?MSGDECODEOHDB
            XDATA   0CE4H     0005H     UNIT         ?XD?_RESETDRIVERSTATETASK?MSGDECODEOHDB
            XDATA   0CE9H     0005H     UNIT         ?XD?_APPLYDEFAULTPARAMSTASK?MSGDECODEOHDB
            XDATA   0CEEH     0005H     UNIT         ?XD?_SETPRINTINGHEADVOLTAGETASK?MSGDECODEOHDB
            XDATA   0CF3H     0005H     UNIT         ?XD?_SETBUMPERPEGONOFFTASK?MSGDECODEOHDB
            XDATA   0CF8H     0005H     UNIT         ?XD?_SENSORS_SETHEADSVACUUMPARAMS?SENSORSOHDB
            XDATA   0CFDH     0005H     UNIT         ?XD?_OHDBEDENPROTOCOLDECODE?EDENPROTOCOLOHDB
            XDATA   0D02H     0005H     UNIT         ?XD?_A2D0READER_GETBLOCKREADINGS?HEADSVOLTAGEREADER
            XDATA   0D07H     0004H     UNIT         ?XD?_ROLLER_ENABLEDRIVER?ROLLER
            XDATA   0D0BH     0004H     UNIT         ?XD?_ROLLER_SETONOFF?ROLLER
            XDATA   0D0FH     0004H     UNIT         ?XD?_SCHEDULERINSTALLTASK?MINISCHEDULER
            XDATA   0D13H     0004H     UNIT         ?XD?_DIFFTIME?TIMERDRV
            XDATA   0D17H     0004H     UNIT         ?XD?_HEATERGETCURRENTTEMPERATURES?HEATERCONTROL
            XDATA   0D1BH     0004H     UNIT         ?XD?_HEATERSETHEATERSTATE?HEATERCONTROL
            XDATA   0D1FH     0004H     UNIT         ?XD?_HEATERSACTIVATIONTASK?HEATERCONTROL
            XDATA   0D23H     0004H     UNIT         ?XD?GETNORMALIZEDBLOCKHEATERSAVERAGE?HEATERCONTROL
            XDATA   0D27H     0004H     UNIT         ?XD?_PRINTDRV_SETRESULOTION?PRINTDRIVER
            XDATA   0D2BH     0004H     UNIT         ?XD?_PRINTDRV_SETCOMMDIRECTION?PRINTDRIVER
            XDATA   0D2FH     0004H     UNIT         ?XD?_PRINTDRV_ENABLEDISABLEBUMPERPEG?PRINTDRIVER
            XDATA   0D33H     0004H     UNIT         ?XD?_XILINXWATCHDOGTASK?WATCHDOG
BL51 BANKED LINKER/LOCATER V6.22                                                      04/28/2015  17:26:03  PAGE 5


            XDATA   0D37H     0004H     UNIT         ?XD?WATCHDOG
            XDATA   0D3BH     0004H     UNIT         ?XD?_XILINXWRITETASK?MSGDECODEOHDB
            XDATA   0D3FH     0004H     UNIT         ?XD?_POTENTIOMETERWRITETASK?MSGDECODEOHDB
            XDATA   0D43H     0004H     UNIT         ?XD?_E2PROMWRITETASK?MSGDECODEOHDB
            XDATA   0D47H     0004H     UNIT         ?XD?_SETROLLERONOFFTASK?MSGDECODEOHDB
            XDATA   0D4BH     0004H     UNIT         ?XD?_SETROLLERSPEEDTASK?MSGDECODEOHDB
            XDATA   0D4FH     0004H     UNIT         ?XD?_SETHEATERSSTANDBYTEMPTASK?MSGDECODEOHDB
            XDATA   0D53H     0004H     UNIT         ?XD?_SETBUMPERPARAMSTASK?MSGDECODEOHDB
            XDATA   0D57H     0004H     UNIT         ?XD?_SETHEATERSTEMPTASK?MSGDECODEOHDB
            XDATA   0D5BH     0004H     UNIT         ?XD?_SETHEATERSONOFFTASK?MSGDECODEOHDB
            XDATA   0D5FH     0004H     UNIT         ?XD?_GETVACUUMSENSORTASK?MSGDECODEOHDB
            XDATA   0D63H     0004H     UNIT         ?XD?_GETAMBIENTTEMPTASK?MSGDECODEOHDB
            XDATA   0D67H     0004H     UNIT         ?XD?_SETHEADSVACUUMTASK?MSGDECODEOHDB
            XDATA   0D6BH     0004H     UNIT         ?XD?_GETSOFTWAREVERSIONTASK?MSGDECODEOHDB
            XDATA   0D6FH     0004H     UNIT         ?XD?_OHDBGETA2DSWVERSIONTASK?MSGDECODEOHDB
            XDATA   0D73H     0004H     UNIT         ?XD?_SETMATERIALCOOLINGFANSTASK?MSGDECODEOHDB
            XDATA   0D77H     0004H     UNIT         ?XD?_GETFIREALLSTATUSTASK?MSGDECODEOHDB
            XDATA   0D7BH     0004H     UNIT         ?XD?_SETDEBUGMODETASK?MSGDECODEOHDB
            XDATA   0D7FH     0004H     UNIT         ?XD?_SETHEADDATANACKTASK?MSGDECODEOHDB
            XDATA   0D83H     0004H     UNIT         ?XD?_SETBUMPERIMPACTONOFFTASK?MSGDECODEOHDB
            XDATA   0D87H     0004H     UNIT         ?XD?_FANSACTIVATIONTASK?ACTUATORSOHDB
            XDATA   0D8BH     0004H     UNIT         ?XD?ACTUATORSOHDB
            XDATA   0D8FH     0004H     UNIT         ?XD?_OHDBPOTENMTRWRITEVALUE?POTENTIOMETEROHDB
            XDATA   0D93H     0004H     UNIT         ?XD?_HEADSVOLTAGEREADERTASK?HEADSVOLTAGEREADER
            XDATA   0D97H     0003H     UNIT         ?XD?_RINGBUFFGETELEMENTCOUNT?RINGBUFF
            XDATA   0D9AH     0003H     UNIT         ?XD?_RINGBUFFINIT?RINGBUFF
            XDATA   0D9DH     0003H     UNIT         ?XD?_RINGBUFFINSERT?RINGBUFF
            XDATA   0DA0H     0003H     UNIT         ?XD?_MSGRINGBUFFINIT?RINGBUFF
            XDATA   0DA3H     0003H     UNIT         ?XD?_GETAVAILABLEMSGHANDLE?RINGBUFF
            XDATA   0DA6H     0003H     UNIT         ?XD?_MARKMSGASREADY?RINGBUFF
            XDATA   0DA9H     0003H     UNIT         ?XD?_GETREADYMSGSNUMBER?RINGBUFF
            XDATA   0DACH     0003H     UNIT         ?XD?_GETREADYMSGHANDLE?RINGBUFF
            XDATA   0DAFH     0003H     UNIT         ?XD?_REMOVEMSG?RINGBUFF
            XDATA   0DB2H     0003H     UNIT         ?XD?_SCHEDULERTASKSLEEP?MINISCHEDULER
            XDATA   0DB5H     0003H     UNIT         ?XD?_SWAPSHORT?BYTEORDER
            XDATA   0DB8H     0003H     UNIT         ?XD?_SWAPLONG?BYTEORDER
            XDATA   0DBBH     0003H     UNIT         ?XD?_XILINXREAD?XILINXINTERFACE
            XDATA   0DBEH     0003H     UNIT         ?XD?_XILINXGETRECEIVEDDATA?XILINXINTERFACE
            XDATA   0DC1H     0003H     UNIT         ?XD?_A2D0_GETREADING?A2D
            XDATA   0DC4H     0003H     UNIT         ?XD?_A2D2_GETREADING?A2D
            XDATA   0DC7H     0003H     UNIT         ?XD?SPIA2D_GETVALUESBYSPI?SPI_A2D
            XDATA   0DCAH     0003H     UNIT         ?XD?_SPIA2D_GETREADING?SPI_A2D
            XDATA   0DCDH     0003H     UNIT         ?XD?_HEATERSETTEMPERATURE?HEATERCONTROL
            XDATA   0DD0H     0003H     UNIT         ?XD?_HEATERGETSTANDBYTEMPERATURES?HEATERCONTROL
            XDATA   0DD3H     0003H     UNIT         ?XD?PRINTDRV_INIT?PRINTDRIVER
            XDATA   0DD6H     0003H     UNIT         ?XD?PRINTDRV_RESETDRIVER?PRINTDRIVER
            XDATA   0DD9H     0003H     UNIT         ?XD?PRINTDRV_RESETSTATEMACHINE?PRINTDRIVER
            XDATA   0DDCH     0003H     UNIT         ?XD?PRINTDRV_ENABLEPRINTINGCIRCUITRY?PRINTDRIVER
            XDATA   0DDFH     0003H     UNIT         ?XD?PRINTDRV_DISBLEPRINTINGCIRCUITRY?PRINTDRIVER
            XDATA   0DE2H     0003H     UNIT         ?XD?_E2PROMWRITEENABLE?E2PROMINTERFACE
            XDATA   0DE5H     0003H     UNIT         ?XD?_BUMPER_IMPACTDETECTIONTASK?BUMPER
            XDATA   0DE8H     0003H     UNIT         ?XD?_ISHEADSVACUUMOKTASK?MSGDECODEOHDB
            XDATA   0DEBH     0003H     UNIT         ?XD?_GETHARDWAREVERSIONTASK?MSGDECODEOHDB
            XDATA   0DEEH     0003H     UNIT         ?XD?_SENSORS_GETMATERIALLEVELSENSORS?SENSORSOHDB
            XDATA   0DF1H     0003H     UNIT         ?XD?_SENSORS_GETVACUUMSENSOR?SENSORSOHDB
            XDATA   0DF4H     0003H     UNIT         ?XD?_SENSORS_GETPOWERSUPPLIESVOLTAGES?SENSORSOHDB
            XDATA   0DF7H     0003H     UNIT         ?XD?_A2D0READER_GETHEADSVOLTAGES?HEADSVOLTAGEREADER
BL51 BANKED LINKER/LOCATER V6.22                                                      04/28/2015  17:26:03  PAGE 6


            XDATA   0DFAH     0002H     UNIT         ?XD?_SCHEDULERRESUMETASK?MINISCHEDULER
            XDATA   0DFCH     0002H     UNIT         ?XD?SENDWAKEUPNOTIFICATION?OHDBMAIN
            XDATA   0DFEH     0002H     UNIT         ?XD?SYSCLKINIT?TIMERDRV
            XDATA   0E00H     0002H     UNIT         ?XD?TIMER0GETTIMERCOUNTER?TIMERDRV
            XDATA   0E02H     0002H     UNIT         ?XD?_SPISELECTSLAVE?SPIDRV
            XDATA   0E04H     0002H     UNIT         ?XD?SPIA2D_GETSWVERSIONBYSPI?SPI_A2D
            XDATA   0E06H     0002H     UNIT         ?XD?ARERETRIESNEEDED_GETSWVER?SPI_A2D
            XDATA   0E08H     0002H     UNIT         ?XD?_HEATERSETTASKSHANDLES?HEATERCONTROL
            XDATA   0E0AH     0002H     UNIT         ?XD?_HEATERSTATUSTASK?HEATERCONTROL
            XDATA   0E0CH     0002H     UNIT         ?XD?AREPERIMETERHEATERSREACHEDSETPOINT?HEATERCONTROL
            XDATA   0E0EH     0002H     UNIT         ?XD?_PRINTDRV_SETHEADVOLTAGE?PRINTDRIVER
            XDATA   0E10H     0002H     UNIT         ?XD?_PRINTDRV_ISSETVOLTAGEDONE?PRINTDRIVER
            XDATA   0E12H     0002H     UNIT         ?XD?_D2A0_WRITE?D2A
            XDATA   0E14H     0002H     UNIT         ?XD?_D2A1_WRITE?D2A
            XDATA   0E16H     0002H     UNIT         ?XD?_OHDBPINGTASK?MSGDECODEOHDB
            XDATA   0E18H     0002H     UNIT         ?XD?_SETMATERIALCOOLINGFANSONOFF?ACTUATORSOHDB
            XDATA   0E1AH     0002H     UNIT         ?XD?SENSORS_ISHEADSVACUUMOK?SENSORSOHDB
            XDATA   0E1CH     0002H     UNIT         ?XD?_EDENPROTOCOLDECODETASK?EDENPROTOCOLOHDB
            XDATA   0E1EH     0002H     UNIT         ?XD?SPIEXTA2D_SENDREQUEST?SPIEXTA2D
            XDATA   0E20H     0001H     UNIT         ?XD?_SCHEDULERSUSPENDTASK?MINISCHEDULER
            XDATA   0E21H     0001H     UNIT         ?XD?_SCHEDULERLEAVETASK?MINISCHEDULER
            XDATA   0E22H     0001H     UNIT         ?XD?SCHEDULERRUN?MINISCHEDULER
            XDATA   0E23H     0001H     UNIT         ?XD?_SCHEDULERGETTASKSTATE?MINISCHEDULER
            XDATA   0E24H     0001H     UNIT         ?XD?_SCHEDULERGETTASKARG?MINISCHEDULER
            XDATA   0E25H     0001H     UNIT         ?XD?_XILINXCALLBACK?XILINXINTERFACE
            XDATA   0E26H     0001H     UNIT         ?XD?_SPISETCOMMWITHA2D?SPIDRV
            XDATA   0E27H     0001H     UNIT         ?XD?_SPIA2D_TASK?SPI_A2D
            XDATA   0E28H     0001H     UNIT         ?XD?_SPIA2D_CALLBACK?SPI_A2D
            XDATA   0E29H     0001H     UNIT         ?XD?HEATERCONTROLINIT?HEATERCONTROL
            XDATA   0E2AH     0001H     UNIT         ?XD?_HEATERCONTROLSETONOFF?HEATERCONTROL
            XDATA   0E2BH     0001H     UNIT         ?XD?PRINTDRV_ISSETOPERATIONDONE?PRINTDRIVER
            XDATA   0E2CH     0001H     UNIT         ?XD?_E2PROMCALLBACK?E2PROMINTERFACE
            XDATA   0E2DH     0001H     UNIT         ?XD?_E2PROMGETWRITESTATUS?E2PROMINTERFACE
            XDATA   0E2EH     0001H     UNIT         ?XD?_COMMUNICATIONLOSSTASK?WATCHDOG
            XDATA   0E2FH     0001H     UNIT         ?XD?_ENABLEDISABLECOMMLOSSTASK?WATCHDOG
            XDATA   0E30H     0001H     UNIT         ?XD?_SETROLLEROFFTASK?WATCHDOG
            XDATA   0E31H     0001H     UNIT         ?XD?_BUMPER_SETONOFF?BUMPER
            XDATA   0E32H     0001H     UNIT         ?XD?_OHDBPOTENMTRCALLBACK?POTENTIOMETEROHDB
            XDATA   0E33H     0001H     UNIT         ?XD?_OHDBPOTENMTRGETWRITESTATUS?POTENTIOMETEROHDB
            XDATA   0E34H     0001H     UNIT         ?XD?_A2D0READER_GETREADING?HEADSVOLTAGEREADER
            XDATA   0E35H     0001H     UNIT         ?XD?_SPIEXTA2D_TASK?SPIEXTA2D
            XDATA   0E36H     0001H     UNIT         ?XD?_SPIEXTA2D_CALLBACK?SPIEXTA2D
            XDATA   0E37H     0001H     UNIT         ?XD?_SPIEXTA2D_GETREADING?SPIEXTA2D

            * * * * * * *   C O D E   M E M O R Y   * * * * * * *
            CODE    0000H     0003H     ABSOLUTE     
            CODE    0003H     0003H     ABSOLUTE     
            CODE    0006H     0005H     UNIT         ?PR?ROLLER_INIT?ROLLER
            CODE    000BH     0003H     ABSOLUTE     
            CODE    000EH     0005H     UNIT         ?PR?SETA2D0BUFFERREADINESS?A2D
            CODE    0013H     0003H     ABSOLUTE     
            CODE    0016H     0003H     UNIT         ?PR?SPIUNLOCK?SPIDRV
            CODE    0019H     0001H     UNIT         ?PR?DUMMY_INT_3?OHDBMAIN
            CODE    001AH     0001H     UNIT         ?PR?DUMMY_INT_5?OHDBMAIN
            CODE    001BH     0003H     ABSOLUTE     
            CODE    001EH     0003H     UNIT         ?PR?ISA2D0BUFFERREADY?A2D
            CODE    0021H     0001H     UNIT         ?PR?DUMMY_INT_7?OHDBMAIN
BL51 BANKED LINKER/LOCATER V6.22                                                      04/28/2015  17:26:03  PAGE 7


            CODE    0022H     0001H     UNIT         ?PR?DUMMY_INT_8?OHDBMAIN
            CODE    0023H     0003H     ABSOLUTE     
            CODE    0026H     0003H     UNIT         ?PR?PRINTDRV_GETBUMPERIMPACT?PRINTDRIVER
            CODE    0029H     0001H     UNIT         ?PR?DUMMY_INT_9?OHDBMAIN
            CODE    002AH     0001H     UNIT         ?PR?TIMER_4_ISR?TIMERDRV
            CODE    002BH     0003H     ABSOLUTE     
            CODE    002EH     0003H     UNIT         ?PR?DISABLEBUMPERINTERRUPT?BUMPER
            CODE    0031H     0001H     UNIT         ?PR?UART1ISR?UARTDRV
                    0032H     0001H                  *** GAP ***
            CODE    0033H     0003H     ABSOLUTE     
            CODE    0036H     0003H     UNIT         ?PR?ENABLEBUMPERINTERRUPT?BUMPER
                    0039H     0002H                  *** GAP ***
            CODE    003BH     0003H     ABSOLUTE     
                    003EH     0005H                  *** GAP ***
            CODE    0043H     0003H     ABSOLUTE     
                    0046H     0005H                  *** GAP ***
            CODE    004BH     0003H     ABSOLUTE     
            CODE    004EH     002DH     UNIT         ?PR?_PRINTDRV_SETRESULOTION?PRINTDRIVER
            CODE    007BH     0003H     ABSOLUTE     
                    007EH     0005H                  *** GAP ***
            CODE    0083H     0003H     ABSOLUTE     
            CODE    0086H     000CH     UNIT         ?PR?SCHEDULERINIT?MINISCHEDULER
                    0092H     0001H                  *** GAP ***
            CODE    0093H     0003H     ABSOLUTE     
            CODE    0096H     000CH     UNIT         ?PR?E2PROMINIT?E2PROMINTERFACE
                    00A2H     0001H                  *** GAP ***
            CODE    00A3H     0003H     ABSOLUTE     
            CODE    00A6H     12AEH     UNIT         ?PR?_MESSAGEDECODEOHDB?MSGDECODEOHDB
            CODE    1354H     0A13H     UNIT         ?C?LIB_CODE
            CODE    1D67H     0935H     UNIT         ?PR?_OHDBEDENPROTOCOLDECODE?EDENPROTOCOLOHDB
            CODE    269CH     04F0H     UNIT         ?PR?_PRINTDRV_FIREALLTASK?PRINTDRIVER
            CODE    2B8CH     03B1H     UNIT         ?PR?_HEADDATA_SETHEADDATATASK?HEADDATA
            CODE    2F3DH     0382H     UNIT         ?PR?_HEATERCONTROLTASK?HEATERCONTROL
            CODE    32BFH     0340H     UNIT         ?PR?_SETPRINTINGHEADSPARAMSTASK?MSGDECODEOHDB
            CODE    35FFH     02C4H     UNIT         ?PR?HEADDATA_READDATAFROMALLE2PROMS?HEADDATA
            CODE    38C3H     02A2H     UNIT         ?PR?HEATERCALCULATECURRENTTEMPEATURES?HEATERCONTROL
            CODE    3B65H     027BH     UNIT         ?PR?MESSAGEDECODEINITOHDB?MSGDECODEOHDB
            CODE    3DE0H     0221H     UNIT         ?PR?_OHDBEDENPROTOCOLSEND?EDENPROTOCOLOHDB
            CODE    4001H     01E3H     UNIT         ?PR?_SETPRINTINGPASSPARAMSTASK?MSGDECODEOHDB
            CODE    41E4H     01A3H     UNIT         ?PR?_HEATERISTEMPRATURESOK?HEATERCONTROL
            CODE    4387H     0187H     UNIT         ?PR?_E2PROMWRITEBLOCK?E2PROMINTERFACE
            CODE    450EH     0166H     UNIT         ?PR?_POW?POW
            CODE    4674H     015DH     UNIT         ?PR?_SWAPUNSIGNEDLONGARRAY?BYTEORDER
            CODE    47D1H     0155H     UNIT         ?PR?_CONVERTBLOCKREADINGSTOHEADREADINGS?HEATERCONTROL
            CODE    4926H     012EH     UNIT         ?PR?SCHEDULERRUN?MINISCHEDULER
            CODE    4A54H     0129H     UNIT         ?PR?HEATERCONTROLINIT?HEATERCONTROL
            CODE    4B7DH     0129H     UNIT         ?PR?LOG?LOG
            CODE    4CA6H     0128H     UNIT         ?PR?_XILINXREADTASK?MSGDECODEOHDB
            CODE    4DCEH     0126H     UNIT         ?PR?_HEATERSETTEMPERATURES?HEATERCONTROL
            CODE    4EF4H     011DH     UNIT         ?PR?SPIISR?SPIDRV
            CODE    5011H     0118H     UNIT         ?PR?_E2PROMREADBLOCK?E2PROMINTERFACE
            CODE    5129H     0107H     UNIT         ?PR?_RINGBUFFINSERT?RINGBUFF
            CODE    5230H     0104H     UNIT         ?PR?_RESETDRIVERCIRCUITTASK?MSGDECODEOHDB
            CODE    5334H     00F5H     UNIT         ?PR?_APPLYDEFAULTPARAMSTASK?MSGDECODEOHDB
            CODE    5429H     00F4H     UNIT         ?PR?MAIN?OHDBMAIN
            CODE    551DH     00EFH     UNIT         ?PR?_ENABLEPRINTINGCIRCUITRYTASK?MSGDECODEOHDB
            CODE    560CH     00EBH     UNIT         ?PR?_RINGBUFFREMOVE?RINGBUFF
BL51 BANKED LINKER/LOCATER V6.22                                                      04/28/2015  17:26:03  PAGE 8


            CODE    56F7H     00E9H     UNIT         ?PR?_SWAPUNSIGNEDSHORTARRAY?BYTEORDER
            CODE    57E0H     00E2H     UNIT         ?PR?_E2PROMWRITE?E2PROMINTERFACE
            CODE    58C2H     00E2H     UNIT         ?PR?_SETPRINTINGHEADVOLTAGETASK?MSGDECODEOHDB
            CODE    59A4H     00E0H     UNIT         ?PR?_UARTSEND?UARTDRV
            CODE    5A84H     00E0H     UNIT         ?PR?_E2PROMWRITETASK?MSGDECODEOHDB
            CODE    5B64H     00DCH     UNIT         ?PR?_HEATERSTATUSTASK?HEATERCONTROL
            CODE    5C40H     00DBH     UNIT         ?PR?_BUMPER_IMPACTDETECTIONTASK?BUMPER
            CODE    5D1BH     00D8H     UNIT         ?PR?_GETHEADDATATASK?MSGDECODEOHDB
            CODE    5DF3H     00D5H     UNIT         ?PR?_E2PROMREADBYTE?E2PROMINTERFACE
            CODE    5EC8H     00D4H     UNIT         ?PR?_XILINXWRITE?XILINXINTERFACE
            CODE    5F9CH     00D3H     UNIT         ?PR?_SETROLLERONOFFTASK?MSGDECODEOHDB
            CODE    606FH     00D2H     UNIT         ?PR?_SWAPUNSIGNEDLONG?BYTEORDER
            CODE    6141H     00C9H     UNIT         ?PR?_E2PROMREADTASK?MSGDECODEOHDB
            CODE    620AH     00C5H     UNIT         ?PR?SPIEXTA2D_GETVALUES?SPIEXTA2D
            CODE    62CFH     00C2H     UNIT         ?PR?_HEADSVOLTAGEREADERTASK?HEADSVOLTAGEREADER
            CODE    6391H     00BDH     UNIT         ?PR?_GETROLLERSTATUSTASK?MSGDECODEOHDB
            CODE    644EH     00BBH     UNIT         ?PR?_SCHEDULERTASKSLEEP?MINISCHEDULER
            CODE    6509H     00B0H     UNIT         ?PR?_SETBUMPERPEGONOFFTASK?MSGDECODEOHDB
            CODE    65B9H     00AFH     UNIT         ?PR?_RINGBUFFINIT?RINGBUFF
            CODE    6668H     00AFH     UNIT         ?C_INITSEG
            CODE    6717H     00AEH     UNIT         ?PR?_SENSORS_GETPOWERSUPPLIESVOLTAGES?SENSORSOHDB
            CODE    67C5H     00ABH     UNIT         ?PR?_DISABLEPRINTINGCIRCUITRYTASK?MSGDECODEOHDB
            CODE    6870H     00ABH     UNIT         ?PR?_RESETDRIVERSTATETASK?MSGDECODEOHDB
            CODE    691BH     00A6H     UNIT         ?PR?_FANSACTIVATIONTASK?ACTUATORSOHDB
            CODE    69C1H     00A2H     UNIT         ?PR?_POTENTIOMETERWRITETASK?MSGDECODEOHDB
            CODE    6A63H     009DH     UNIT         ?PR?_GETHARDWAREVERSIONTASK?MSGDECODEOHDB
            CODE    6B00H     009BH     UNIT         ?PR?GETNORMALIZEDBLOCKHEATERSAVERAGE?HEATERCONTROL
            CODE    6B9BH     009BH     UNIT         ?PR?_OHDBPOTENMTRWRITEVALUE?POTENTIOMETEROHDB
            CODE    6C36H     009AH     UNIT         ?PR?SPIA2D_GETVALUESBYSPI?SPI_A2D
            CODE    6CD0H     009AH     UNIT         ?PR?EXP?EXP
            CODE    6D6AH     0099H     UNIT         ?PR?_SETROLLERSPEEDTASK?MSGDECODEOHDB
            CODE    6E03H     0091H     UNIT         ?PR?_INSERTBYTE?RINGBUFF
            CODE    6E94H     0090H     UNIT         ?PR?_SPIA2D_TASK?SPI_A2D
            CODE    6F24H     008FH     UNIT         ?PR?_HEADDATA_SETHEADDATATASKPARAMS?HEADDATA
            CODE    6FB3H     008FH     UNIT         ?PR?_SENSORS_GETMATERIALLEVELSENSORS?SENSORSOHDB
            CODE    7042H     008EH     UNIT         ?PR?_SPIA2D_GETBLOCKREADINGS?SPI_A2D
            CODE    70D0H     008EH     UNIT         ?PR?_TEMEPARTUREERRNOTIFCATIONTASK?HEATERCONTROL
            CODE    715EH     008CH     UNIT         ?PR?_XILINXREAD?XILINXINTERFACE
            CODE    71EAH     008CH     UNIT         ?PR?A2D0_ISR?A2D
            CODE    7276H     008CH     UNIT         ?C_C51STARTUP
            CODE    7302H     0087H     UNIT         ?PR?_GETMSGPTRBYHANDLE?RINGBUFF
            CODE    7389H     0087H     UNIT         ?PR?UART0ISR?UARTDRV
            CODE    7410H     0087H     UNIT         ?PR?_XILINXWRITETASK?MSGDECODEOHDB
            CODE    7497H     0087H     UNIT         ?PR?SPIEXTA2D_SENDREQUEST?SPIEXTA2D
            CODE    751EH     0086H     UNIT         ?PR?SPIA2D_GETSWVERSIONBYSPI?SPI_A2D
            CODE    75A4H     0085H     UNIT         ?PR?_HEATERSETHEATERSTATE?HEATERCONTROL
            CODE    7629H     0085H     UNIT         ?PR?_E2PROMGETRECEIVEDDATA?E2PROMINTERFACE
            CODE    76AEH     0082H     UNIT         ?PR?PRINTDRV_INIT?PRINTDRIVER
            CODE    7730H     0082H     UNIT         ?PR?_OHDBGETA2DREADINGSTASK?MSGDECODEOHDB
            CODE    77B2H     0080H     UNIT         ?PR?_OHDBMESSAGEDECODETASK?MSGDECODEOHDB
            CODE    7832H     0080H     UNIT         ?PR?_ISHEADTEMPOKTASK?MSGDECODEOHDB
            CODE    78B2H     007FH     UNIT         ?PR?_REMOVEMSG?RINGBUFF
            CODE    7931H     007CH     UNIT         ?PR?_GETHEATERSSTATUSTASK?MSGDECODEOHDB
            CODE    79ADH     007CH     UNIT         ?PR?_GETHEATERSSTANDBYTEMPTASK?MSGDECODEOHDB
            CODE    7A29H     007CH     UNIT         ?PR?_GETMATERIALLEVELTASK?MSGDECODEOHDB
            CODE    7AA5H     007CH     UNIT         ?PR?_GETPRINTINGHEADVOLTAGETASK?MSGDECODEOHDB
            CODE    7B21H     007CH     UNIT         ?PR?_GETPOWERSUPPLIESTASK?MSGDECODEOHDB
BL51 BANKED LINKER/LOCATER V6.22                                                      04/28/2015  17:26:03  PAGE 9


            CODE    7B9DH     007AH     UNIT         ?PR?_A2D0READER_GETBLOCKREADINGS?HEADSVOLTAGEREADER
            CODE    7C17H     0078H     UNIT         ?PR?_HEADDATA_GETHEADDATA?HEADDATA
            CODE    7C8FH     0078H     UNIT         ?PR?_HEATERSETSTANDBYTEMPERATURES?HEATERCONTROL
            CODE    7D07H     0078H     UNIT         ?PR?_SETMATERIALCOOLINGFANSONOFF?ACTUATORSOHDB
            CODE    7D7FH     0076H     UNIT         ?PR?_MARKMSGASREADY?RINGBUFF
            CODE    7DF5H     0074H     UNIT         ?PR?_SWAPUNSIGNEDSHORT?BYTEORDER
            CODE    7E69H     0073H     UNIT         ?PR?_SPISEND?SPIDRV
            CODE    7EDCH     0072H     UNIT         ?PR?_E2PROMWRITEENABLE?E2PROMINTERFACE
            CODE    7F4EH     0071H     UNIT         ?PR?AREPERIMETERHEATERSREACHEDSETPOINT?HEATERCONTROL
            CODE    7FBFH     0070H     UNIT         ?PR?_MSGRINGBUFFINIT?RINGBUFF
            CODE    802FH     006DH     UNIT         ?PR?_PRINTDRV_SETFIREALLPARAMS?PRINTDRIVER
            CODE    809CH     006CH     UNIT         ?PR?_SCHEDULERINSTALLTASK?MINISCHEDULER
            CODE    8108H     006AH     UNIT         ?PR?_OHDBGETA2DSWVERSIONTASK?MSGDECODEOHDB
            CODE    8172H     0064H     UNIT         ?PR?_UTILS_CALCULATECHECKSUM?UTILS
            CODE    81D6H     005FH     UNIT         ?PR?_HEATERGETCURRENTTEMPERATURES?HEATERCONTROL
            CODE    8235H     005FH     UNIT         ?PR?_HEATERSACTIVATIONTASK?HEATERCONTROL
            CODE    8294H     005EH     UNIT         ?PR?_XILINXGETRECEIVEDDATA?XILINXINTERFACE
            CODE    82F2H     005DH     UNIT         ?PR?_DIFFTIME?TIMERDRV
            CODE    834FH     005BH     UNIT         ?PR?_XILINXWATCHDOGTASK?WATCHDOG
            CODE    83AAH     0058H     UNIT         ?PR?_GETAMBIENTTEMPTASK?MSGDECODEOHDB
            CODE    8402H     0057H     UNIT         ?PR?_SENSORS_SETHEADSVACUUMPARAMS?SENSORSOHDB
            CODE    8459H     0056H     UNIT         ?PR?_GETAVAILABLEMSGHANDLE?RINGBUFF
            CODE    84AFH     0056H     UNIT         ?PR?_TIMERHASTIMEOUTEXPIRED?TIMERDRV
            CODE    8505H     0056H     UNIT         ?PR?_GETVACUUMSENSORTASK?MSGDECODEOHDB
            CODE    855BH     0054H     UNIT         ?PR?_GETFIREALLSTATUSTASK?MSGDECODEOHDB
            CODE    85AFH     0050H     UNIT         ?PR?_GETSOFTWAREVERSIONTASK?MSGDECODEOHDB
            CODE    85FFH     0050H     UNIT         ?PR?_SETHEADDATANACKTASK?MSGDECODEOHDB
            CODE    864FH     004FH     UNIT         ?PR?SPIA2D_INIT?SPI_A2D
            CODE    869EH     004FH     UNIT         ?PR?ARERETRIESNEEDED_GETSWVER?SPI_A2D
            CODE    86EDH     004FH     UNIT         ?PR?_SETHEATERSSTANDBYTEMPTASK?MSGDECODEOHDB
            CODE    873CH     004FH     UNIT         ?PR?_SETBUMPERPARAMSTASK?MSGDECODEOHDB
            CODE    878BH     004FH     UNIT         ?PR?_SETHEATERSTEMPTASK?MSGDECODEOHDB
            CODE    87DAH     004FH     UNIT         ?PR?_SETHEATERSONOFFTASK?MSGDECODEOHDB
            CODE    8829H     004FH     UNIT         ?PR?_SETHEADSVACUUMTASK?MSGDECODEOHDB
            CODE    8878H     004FH     UNIT         ?PR?_SETMATERIALCOOLINGFANSTASK?MSGDECODEOHDB
            CODE    88C7H     004FH     UNIT         ?PR?_SETDEBUGMODETASK?MSGDECODEOHDB
            CODE    8916H     004FH     UNIT         ?PR?_SETBUMPERIMPACTONOFFTASK?MSGDECODEOHDB
            CODE    8965H     004CH     UNIT         ?PR?_SWAPSHORTARRAY?BYTEORDER
            CODE    89B1H     004CH     UNIT         ?PR?_SWAPLONGARRAY?BYTEORDER
            CODE    89FDH     004CH     UNIT         ?PR?_ISHEADSVACUUMOKTASK?MSGDECODEOHDB
            CODE    8A49H     0048H     UNIT         ?PR?_EDENPROTOCOLDECODETASK?EDENPROTOCOLOHDB
            CODE    8A91H     0047H     UNIT         ?PR?_TIMERSETTIMEOUT?TIMERDRV
            CODE    8AD8H     0047H     UNIT         ?PR?_SPIEXTA2D_TASK?SPIEXTA2D
            CODE    8B1FH     0046H     UNIT         ?PR?SPIA2D_GETVALUESCMDSTATUS?SPI_A2D
            CODE    8B65H     0046H     UNIT         ?PR?_BUMPER_SETPARAMETERS?BUMPER
            CODE    8BABH     0044H     UNIT         ?PR?_SETROLLEROFFTASK?WATCHDOG
            CODE    8BEFH     0044H     UNIT         ?PR?_OHDBPINGTASK?MSGDECODEOHDB
            CODE    8C33H     0044H     UNIT         ?C?LDIV
            CODE    8C77H     0042H     UNIT         ?PR?_ROLLER_SETONOFF?ROLLER
            CODE    8CB9H     0041H     UNIT         ?PR?_SPIA2D_GETREADING?SPI_A2D
            CODE    8CFAH     0041H     UNIT         ?PR?BUMPER_INIT?BUMPER
            CODE    8D3BH     0041H     UNIT         ?PR?SENSORS_ISHEADSVACUUMOK?SENSORSOHDB
            CODE    8D7CH     0040H     UNIT         ?PR?_GETREADYMSGHANDLE?RINGBUFF
            CODE    8DBCH     003FH     UNIT         ?PR?_ROLLER_ENABLEDRIVER?ROLLER
            CODE    8DFBH     003FH     UNIT         ?PR?_BUMPER_SETONOFF?BUMPER
            CODE    8E3AH     003FH     UNIT         ?PR?INITCOOLINGFANS?ACTUATORSOHDB
            CODE    8E79H     003DH     UNIT         ?PR?_SCHEDULERRESUMETASK?MINISCHEDULER
BL51 BANKED LINKER/LOCATER V6.22                                                      04/28/2015  17:26:03  PAGE 10


            CODE    8EB6H     003DH     UNIT         ?PR?_A2D2_GETREADING?A2D
            CODE    8EF3H     003CH     UNIT         ?PR?_SCHEDULERSUSPENDTASK?MINISCHEDULER
            CODE    8F2FH     003BH     UNIT         ?PR?SYSCLKINIT?TIMERDRV
            CODE    8F6AH     003BH     UNIT         ?PR?SPIA2D_GETVERSIONCMDSTATUS?SPI_A2D
            CODE    8FA5H     003AH     UNIT         ?PR?_ROLLER_ISGETOPERATIONDONE?ROLLER
            CODE    8FDFH     003AH     UNIT         ?PR?_SPIA2D_GETSW_VERSION?SPI_A2D
            CODE    9019H     003AH     UNIT         ?PR?_PRINTDRV_WRITETOREGISTER?PRINTDRIVER
            CODE    9053H     003AH     UNIT         ?PR?_PRINTDRV_ISGETOPERATIONDONE?PRINTDRIVER
            CODE    908DH     0039H     UNIT         ?PR?_SPISELECTSLAVE?SPIDRV
            CODE    90C6H     0039H     UNIT         ?PR?_PRINTDRV_ENABLEDISABLEBUMPERPEG?PRINTDRIVER
            CODE    90FFH     0038H     UNIT         ?PR?_SCHEDULERLEAVETASK?MINISCHEDULER
            CODE    9137H     0036H     UNIT         ?PR?_HEATERGETSTANDBYTEMPERATURES?HEATERCONTROL
            CODE    916DH     0035H     UNIT         ?PR?A2D2_ISR?A2D
            CODE    91A2H     0034H     UNIT         ?PR?SENDWAKEUPNOTIFICATION?OHDBMAIN
            CODE    91D6H     0034H     UNIT         ?PR?UART0INIT?UARTDRV
            CODE    920AH     0034H     UNIT         ?PR?A2D0_INIT?A2D
            CODE    923EH     0032H     UNIT         ?PR?_A2D0_GETREADING?A2D
            CODE    9270H     0031H     UNIT         ?PR?_ROLLER_SETSPEED?ROLLER
            CODE    92A1H     0031H     UNIT         ?PR?_PRINTDRV_SETSTARTPEG?PRINTDRIVER
            CODE    92D2H     0031H     UNIT         ?PR?_PRINTDRV_SETENDPEG?PRINTDRIVER
            CODE    9303H     0031H     UNIT         ?PR?_PRINTDRV_SETNUMOFFIRES?PRINTDRIVER
            CODE    9334H     0031H     UNIT         ?PR?_PRINTDRV_SETDIAGNOSTICS?PRINTDRIVER
            CODE    9365H     0031H     UNIT         ?PR?_PRINTDRV_SETBUMPERENDPEG?PRINTDRIVER
            CODE    9396H     0031H     UNIT         ?PR?_PRINTDRV_SETBUMPERSTARTPEG?PRINTDRIVER
            CODE    93C7H     002FH     UNIT         ?PR?A2D2_INIT?A2D
            CODE    93F6H     002EH     UNIT         ?PR?_HEATERSETTEMPERATURE?HEATERCONTROL
            CODE    9424H     002EH     UNIT         ?PR?_PRINTDRV_ISSETVOLTAGEDONE?PRINTDRIVER
            CODE    9452H     002EH     UNIT         ?PR?_E2PROMGETWRITESTATUS?E2PROMINTERFACE
            CODE    9480H     002EH     UNIT         ?PR?_ENABLEDISABLECOMMLOSSTASK?WATCHDOG
            CODE    94AEH     002DH     UNIT         ?PR?_PRINTDRV_SETCOMMDIRECTION?PRINTDRIVER
            CODE    94DBH     002CH     UNIT         ?PR?_D2A0_WRITE?D2A
            CODE    9507H     002CH     UNIT         ?PR?_D2A1_WRITE?D2A
            CODE    9533H     002BH     UNIT         ?PR?A2D2_SELECTNEXTINPUT?A2D
            CODE    955EH     0028H     UNIT         ?PR?XBR_INIT?OHDBMAIN
            CODE    9586H     0028H     UNIT         ?PR?SPIA2D_GETFREEBUFFER?SPI_A2D
            CODE    95AEH     0028H     UNIT         ?PR?HEADDATA_INIT?HEADDATA
            CODE    95D6H     0028H     UNIT         ?PR?_OHDBPOTENMTRGETWRITESTATUS?POTENTIOMETEROHDB
            CODE    95FEH     0028H     UNIT         ?PR?HEADSVOLTAGEREADERINIT?HEADSVOLTAGEREADER
            CODE    9626H     0028H     UNIT         ?PR?SPIEXTA2D_GETFREEBUFFER?SPIEXTA2D
            CODE    964EH     0027H     UNIT         ?PR?_TIMERDELAY?TIMERDRV
            CODE    9675H     0027H     UNIT         ?PR?EDENPROTOCOLINIT?EDENPROTOCOLOHDB
            CODE    969CH     0024H     UNIT         ?PR?A2D0_SELECTNEXTINPUT?A2D
            CODE    96C0H     0024H     UNIT         ?PR?PRINTDRV_ISSETOPERATIONDONE?PRINTDRIVER
            CODE    96E4H     0023H     UNIT         ?PR?_GETREADYMSGSNUMBER?RINGBUFF
            CODE    9707H     0023H     UNIT         ?PR?_XILINXCALLBACK?XILINXINTERFACE
            CODE    972AH     0023H     UNIT         ?PR?TIMER_0_ISR?TIMERDRV
            CODE    974DH     0023H     UNIT         ?PR?_SPIA2D_CALLBACK?SPI_A2D
            CODE    9770H     0023H     UNIT         ?PR?_E2PROMCALLBACK?E2PROMINTERFACE
            CODE    9793H     0023H     UNIT         ?PR?COMMUNICATIONLOSSTASKINIT?WATCHDOG
            CODE    97B6H     0023H     UNIT         ?PR?_OHDBPOTENMTRCALLBACK?POTENTIOMETEROHDB
            CODE    97D9H     0023H     UNIT         ?PR?_SPIEXTA2D_CALLBACK?SPIEXTA2D
            CODE    97FCH     0022H     UNIT         ?PR?PRINTDRV_RESETDRIVER?PRINTDRIVER
            CODE    981EH     0022H     UNIT         ?PR?PRINTDRV_RESETSTATEMACHINE?PRINTDRIVER
            CODE    9840H     0022H     UNIT         ?PR?PRINTDRV_ENABLEPRINTINGCIRCUITRY?PRINTDRIVER
            CODE    9862H     0022H     UNIT         ?PR?_SENSORS_GETVACUUMSENSOR?SENSORSOHDB
            CODE    9884H     0021H     UNIT         ?PR?_RINGBUFFGETELEMENTCOUNT?RINGBUFF
            CODE    98A5H     0021H     UNIT         ?PR?PRINTDRV_DISBLEPRINTINGCIRCUITRY?PRINTDRIVER
BL51 BANKED LINKER/LOCATER V6.22                                                      04/28/2015  17:26:03  PAGE 11


            CODE    98C6H     0020H     UNIT         ?PR?_PRINTDRV_SETHEADVOLTAGE?PRINTDRIVER
            CODE    98E6H     001FH     UNIT         ?PR?_HEATERSETTASKSHANDLES?HEATERCONTROL
            CODE    9905H     001FH     UNIT         ?PR?SPIEXTA2D_INIT?SPIEXTA2D
            CODE    9924H     001EH     UNIT         ?PR?XILINXGETWRITEACTIONSTATUS?XILINXINTERFACE
            CODE    9942H     001EH     UNIT         ?PR?TIMER_2_INIT?TIMERDRV
            CODE    9960H     001EH     UNIT         ?PR?TIMER_0_INIT?TIMERDRV
            CODE    997EH     001EH     UNIT         ?PR?_HEATERCONTROLSETONOFF?HEATERCONTROL
            CODE    999CH     001EH     UNIT         ?PR?_A2D0READER_GETHEADSVOLTAGES?HEADSVOLTAGEREADER
            CODE    99BAH     001DH     UNIT         ?PR?TIMER0GETTIMERCOUNTER?TIMERDRV
            CODE    99D7H     001DH     UNIT         ?PR?SPIINIT?SPIDRV
            CODE    99F4H     001DH     UNIT         ?PR?_COMMUNICATIONLOSSTASK?WATCHDOG
            CODE    9A11H     001CH     UNIT         ?PR?_SCHEDULERGETTASKSTATE?MINISCHEDULER
            CODE    9A2DH     001CH     UNIT         ?PR?_SCHEDULERGETTASKARG?MINISCHEDULER
            CODE    9A49H     001CH     UNIT         ?PR?_A2D0READER_GETREADING?HEADSVOLTAGEREADER
            CODE    9A65H     001CH     UNIT         ?PR?_SPIEXTA2D_GETREADING?SPIEXTA2D
            CODE    9A81H     001BH     UNIT         ?PR?TURNHEATERSONOFF?HEATERCONTROL
            CODE    9A9CH     001AH     UNIT         ?PR?_SWAPSHORT?BYTEORDER
            CODE    9AB6H     001AH     UNIT         ?PR?_SWAPLONG?BYTEORDER
            CODE    9AD0H     0019H     UNIT         ?PR?TIMER_4_INIT?TIMERDRV
            CODE    9AE9H     0019H     UNIT         ?PR?BUMPER0ISR?BUMPER
            CODE    9B02H     0019H     UNIT         ?PR?BUMPER1ISR?BUMPER
            CODE    9B1BH     0018H     UNIT         ?PR?TIMER_1_INIT?TIMERDRV
            CODE    9B33H     0016H     UNIT         ?PR?COMPARATOR0_INIT?COMPARATOR
            CODE    9B49H     0016H     UNIT         ?PR?COMPARATOR1_INIT?COMPARATOR
            CODE    9B5FH     0015H     UNIT         ?PR?RESETCOMMUNICATIONTIMEOUT?WATCHDOG
            CODE    9B74H     0013H     UNIT         ?PR?HEATERTURNALLHEADHEATEROFF?HEATERCONTROL
            CODE    9B87H     0010H     UNIT         ?PR?_SPISETCOMMWITHA2D?SPIDRV
            CODE    9B97H     0010H     UNIT         ?PR?D2A0_INIT?D2A
            CODE    9BA7H     0010H     UNIT         ?PR?D2A1_INIT?D2A
            CODE    9BB7H     000FH     UNIT         ?PR?XILINXWATCHDOGINIT?WATCHDOG
            CODE    9BC6H     000EH     UNIT         ?PR?ROLLER_GETSPEED?ROLLER
            CODE    9BD4H     000EH     UNIT         ?PR?ROLLER_ISSETOPERATIONDONE?ROLLER
            CODE    9BE2H     000EH     UNIT         ?PR?PRINTDRV_GETHEADPOSITION?PRINTDRIVER
            CODE    9BF0H     000CH     UNIT         ?PR?_ABS?ABS
            CODE    9BFCH     000BH     UNIT         ?PR?XILINXINIT?XILINXINTERFACE
            CODE    9C07H     000BH     UNIT         ?PR?SPILOCK?SPIDRV
            CODE    9C12H     000AH     UNIT         ?PR?A2D_INIT?A2D
            CODE    9C1CH     0007H     UNIT         ?PR?GETTIMERSTRUCTPTR?TIMERDRV
            CODE    9C23H     0007H     UNIT         ?PR?UARTGETRECEIVEBUFFER?UARTDRV
            CODE    9C2AH     0007H     UNIT         ?PR?SPIGETTXBUFFER?SPIDRV
            CODE    9C31H     0007H     UNIT         ?PR?OHDBPOTENMTRINIT?POTENTIOMETEROHDB
            CODE    9C38H     0007H     UNIT         ?PR?OHDBEDENPROTOCOLGETMSGBUFF?EDENPROTOCOLOHDB
            CODE    9C3FH     0006H     UNIT         ?PR?ROLLER_ISON?ROLLER
            CODE    9C45H     0006H     UNIT         ?PR?GETA2D0SELECTEDINPUT?A2D
            CODE    9C4BH     0006H     UNIT         ?PR?SPIA2D_ISDATAVALID?SPI_A2D
            CODE    9C51H     0006H     UNIT         ?PR?HEADDATA_GETHEADDATATASKHANDLE?HEADDATA
            CODE    9C57H     0006H     UNIT         ?PR?PRINTDRV_GETFIREALLSTATUS?PRINTDRIVER
            CODE    9C5DH     0006H     UNIT         ?PR?PRINTDRV_GETFIREALLCOUNTER?PRINTDRIVER
            CODE    9C63H     0006H     UNIT         ?PR?GETXILINXWATCHDOGTASKHANDLE?WATCHDOG
            CODE    9C69H     0006H     UNIT         ?PR?SENSORS_GETAMBIENTTEMPSENSOR?SENSORSOHDB



OVERLAY MAP OF MODULE:   .\Temp\OHDB2 (RINGBUFF)


SEGMENT                                             BIT_GROUP          XDATA_GROUP
BL51 BANKED LINKER/LOCATER V6.22                                                      04/28/2015  17:26:03  PAGE 12


  +--> CALLED SEGMENT                            START    LENGTH     START    LENGTH
------------------------------------------------------------------------------------
?PR?UART0ISR?UARTDRV                             -----    -----      -----    -----
  +--> ?PR?_RINGBUFFINSERT?RINGBUFF

*** NEW ROOT ***************************************************

?PR?A2D2_ISR?A2D                                 -----    -----      -----    -----
  +--> ?PR?A2D2_SELECTNEXTINPUT?A2D

*** NEW ROOT ***************************************************

?C_C51STARTUP                                    -----    -----      -----    -----
  +--> ?PR?MAIN?OHDBMAIN
  +--> ?C_INITSEG

?PR?MAIN?OHDBMAIN                                -----    -----      -----    -----
  +--> ?PR?XBR_INIT?OHDBMAIN
  +--> ?PR?SYSCLKINIT?TIMERDRV
  +--> ?PR?UART0INIT?UARTDRV
  +--> ?PR?TIMER_0_INIT?TIMERDRV
  +--> ?PR?SCHEDULERINIT?MINISCHEDULER
  +--> ?PR?INITCOOLINGFANS?ACTUATORSOHDB
  +--> ?PR?XILINXWATCHDOGINIT?WATCHDOG
  +--> ?PR?SPIA2D_INIT?SPI_A2D
  +--> ?PR?SPIEXTA2D_INIT?SPIEXTA2D
  +--> ?PR?A2D_INIT?A2D
  +--> ?PR?SPIINIT?SPIDRV
  +--> ?PR?E2PROMINIT?E2PROMINTERFACE
  +--> ?PR?XILINXINIT?XILINXINTERFACE
  +--> ?PR?OHDBPOTENMTRINIT?POTENTIOMETEROHDB
  +--> ?PR?ROLLER_INIT?ROLLER
  +--> ?PR?BUMPER_INIT?BUMPER
  +--> ?PR?COMMUNICATIONLOSSTASKINIT?WATCHDOG
  +--> ?PR?EDENPROTOCOLINIT?EDENPROTOCOLOHDB
  +--> ?PR?MESSAGEDECODEINITOHDB?MSGDECODEOHDB
  +--> ?PR?HEADDATA_INIT?HEADDATA
  +--> ?PR?HEADSVOLTAGEREADERINIT?HEADSVOLTA...
  +--> ?PR?HEATERCONTROLINIT?HEATERCONTROL
  +--> ?PR?PRINTDRV_INIT?PRINTDRIVER
  +--> ?PR?SENDWAKEUPNOTIFICATION?OHDBMAIN
  +--> ?PR?HEADDATA_READDATAFROMALLE2PROMS?H...
  +--> ?PR?_SPIA2D_TASK?SPI_A2D
  +--> ?PR?_SCHEDULERINSTALLTASK?MINISCHEDULER
  +--> ?PR?_SPIEXTA2D_TASK?SPIEXTA2D
  +--> ?PR?_EDENPROTOCOLDECODETASK?EDENPROTO...
  +--> ?PR?_OHDBMESSAGEDECODETASK?MSGDECODEOHDB
  +--> ?PR?_HEATERSTATUSTASK?HEATERCONTROL
  +--> ?PR?_HEATERCONTROLTASK?HEATERCONTROL
  +--> ?PR?_HEATERSETTASKSHANDLES?HEATERCONTROL
  +--> ?PR?GETXILINXWATCHDOGTASKHANDLE?WATCHDOG
  +--> ?PR?_SCHEDULERRESUMETASK?MINISCHEDULER
  +--> ?PR?SCHEDULERRUN?MINISCHEDULER

?PR?UART0INIT?UARTDRV                            -----    -----      -----    -----
  +--> ?PR?TIMER_4_INIT?TIMERDRV

BL51 BANKED LINKER/LOCATER V6.22                                                      04/28/2015  17:26:03  PAGE 13


?PR?INITCOOLINGFANS?ACTUATORSOHDB                -----    -----      -----    -----
  +--> ?PR?_FANSACTIVATIONTASK?ACTUATORSOHDB
  +--> ?PR?_SCHEDULERINSTALLTASK?MINISCHEDULER

?PR?_FANSACTIVATIONTASK?ACTUATORSOHDB            -----    -----      -----    -----
  +--> ?PR?_XILINXWRITE?XILINXINTERFACE
  +--> ?PR?_SCHEDULERLEAVETASK?MINISCHEDULER
  +--> ?PR?XILINXGETWRITEACTIONSTATUS?XILINX...
  +--> ?PR?_SCHEDULERSUSPENDTASK?MINISCHEDULER

?PR?_XILINXWRITE?XILINXINTERFACE                 -----    -----      -----    -----
  +--> ?PR?SPILOCK?SPIDRV
  +--> ?PR?_SPISELECTSLAVE?SPIDRV
  +--> ?PR?SPIGETTXBUFFER?SPIDRV
  +--> ?PR?_XILINXCALLBACK?XILINXINTERFACE
  +--> ?PR?_SPISEND?SPIDRV

?PR?XILINXGETWRITEACTIONSTATUS?XILINX...         -----    -----      -----    -----
  +--> ?PR?_SPISELECTSLAVE?SPIDRV
  +--> ?PR?SPIUNLOCK?SPIDRV

?PR?XILINXWATCHDOGINIT?WATCHDOG                  -----    -----      -----    -----
  +--> ?PR?_XILINXWATCHDOGTASK?WATCHDOG
  +--> ?PR?_SCHEDULERINSTALLTASK?MINISCHEDULER

?PR?_XILINXWATCHDOGTASK?WATCHDOG                 -----    -----      -----    -----
  +--> ?PR?_XILINXWRITE?XILINXINTERFACE
  +--> ?PR?_SCHEDULERLEAVETASK?MINISCHEDULER
  +--> ?PR?XILINXGETWRITEACTIONSTATUS?XILINX...
  +--> ?PR?_SCHEDULERTASKSLEEP?MINISCHEDULER

?PR?_SCHEDULERTASKSLEEP?MINISCHEDULER            -----    -----      -----    -----
  +--> ?PR?_TIMERSETTIMEOUT?TIMERDRV

?PR?_TIMERSETTIMEOUT?TIMERDRV                    -----    -----      -----    -----
  +--> ?PR?TIMER0GETTIMERCOUNTER?TIMERDRV

?PR?A2D_INIT?A2D                                 -----    -----      -----    -----
  +--> ?PR?TIMER_2_INIT?TIMERDRV
  +--> ?PR?A2D0_INIT?A2D
  +--> ?PR?A2D2_INIT?A2D

?PR?BUMPER_INIT?BUMPER                           -----    -----      -----    -----
  +--> ?PR?D2A0_INIT?D2A
  +--> ?PR?D2A1_INIT?D2A
  +--> ?PR?COMPARATOR0_INIT?COMPARATOR
  +--> ?PR?COMPARATOR1_INIT?COMPARATOR
  +--> ?PR?_BUMPER_IMPACTDETECTIONTASK?BUMPER
  +--> ?PR?_SCHEDULERINSTALLTASK?MINISCHEDULER

?PR?_BUMPER_IMPACTDETECTIONTASK?BUMPER           -----    -----      -----    -----
  +--> ?PR?DISABLEBUMPERINTERRUPT?BUMPER
  +--> ?PR?ENABLEBUMPERINTERRUPT?BUMPER
  +--> ?PR?_SCHEDULERLEAVETASK?MINISCHEDULER
  +--> ?PR?_OHDBEDENPROTOCOLSEND?EDENPROTOCO...
  +--> ?PR?_SCHEDULERTASKSLEEP?MINISCHEDULER

BL51 BANKED LINKER/LOCATER V6.22                                                      04/28/2015  17:26:03  PAGE 14


?PR?_OHDBEDENPROTOCOLSEND?EDENPROTOCO...         -----    -----      -----    -----
  +--> ?PR?_UARTSEND?UARTDRV

?PR?COMMUNICATIONLOSSTASKINIT?WATCHDOG           -----    -----      -----    -----
  +--> ?PR?_COMMUNICATIONLOSSTASK?WATCHDOG
  +--> ?PR?_SCHEDULERINSTALLTASK?MINISCHEDULER
  +--> ?PR?_SETROLLEROFFTASK?WATCHDOG

?PR?_COMMUNICATIONLOSSTASK?WATCHDOG              -----    -----      -----    -----
  +--> ?PR?HEATERTURNALLHEADHEATEROFF?HEATER...
  +--> ?PR?_HEATERCONTROLSETONOFF?HEATERCONTROL
  +--> ?PR?_SCHEDULERRESUMETASK?MINISCHEDULER
  +--> ?PR?_SCHEDULERSUSPENDTASK?MINISCHEDULER

?PR?HEATERTURNALLHEADHEATEROFF?HEATER...         -----    -----      -----    -----
  +--> ?PR?_SCHEDULERRESUMETASK?MINISCHEDULER

?PR?_SETROLLEROFFTASK?WATCHDOG                   -----    -----      -----    -----
  +--> ?PR?_ROLLER_SETONOFF?ROLLER
  +--> ?PR?_SCHEDULERLEAVETASK?MINISCHEDULER
  +--> ?PR?ROLLER_ISSETOPERATIONDONE?ROLLER
  +--> ?PR?_SCHEDULERSUSPENDTASK?MINISCHEDULER

?PR?_ROLLER_SETONOFF?ROLLER                      -----    -----      -----    -----
  +--> ?PR?_XILINXWRITE?XILINXINTERFACE

?PR?ROLLER_ISSETOPERATIONDONE?ROLLER             -----    -----      -----    -----
  +--> ?PR?XILINXGETWRITEACTIONSTATUS?XILINX...

?PR?EDENPROTOCOLINIT?EDENPROTOCOLOHDB            -----    -----      -----    -----
  +--> ?PR?UARTGETRECEIVEBUFFER?UARTDRV
  +--> ?PR?_RINGBUFFINIT?RINGBUFF

?PR?MESSAGEDECODEINITOHDB?MSGDECODEOHDB          -----    -----      -----    -----
  +--> ?PR?OHDBEDENPROTOCOLGETMSGBUFF?EDENPR...
  +--> ?PR?_MSGRINGBUFFINIT?RINGBUFF
  +--> ?PR?_ISHEADTEMPOKTASK?MSGDECODEOHDB
  +--> ?PR?_SCHEDULERINSTALLTASK?MINISCHEDULER
  +--> ?PR?_XILINXWRITETASK?MSGDECODEOHDB
  +--> ?PR?_POTENTIOMETERWRITETASK?MSGDECODE...
  +--> ?PR?_E2PROMWRITETASK?MSGDECODEOHDB
  +--> ?PR?_E2PROMREADTASK?MSGDECODEOHDB
  +--> ?PR?_XILINXREADTASK?MSGDECODEOHDB
  +--> ?PR?_OHDBGETA2DREADINGSTASK?MSGDECODE...
  +--> ?PR?_SETROLLERONOFFTASK?MSGDECODEOHDB
  +--> ?PR?_SETROLLERSPEEDTASK?MSGDECODEOHDB
  +--> ?PR?_GETROLLERSTATUSTASK?MSGDECODEOHDB
  +--> ?PR?_SETPRINTINGHEADSPARAMSTASK?MSGDE...
  +--> ?PR?_SETPRINTINGPASSPARAMSTASK?MSGDEC...
  +--> ?PR?_ENABLEPRINTINGCIRCUITRYTASK?MSGD...
  +--> ?PR?_DISABLEPRINTINGCIRCUITRYTASK?MSG...
  +--> ?PR?_GETHEATERSSTATUSTASK?MSGDECODEOHDB
  +--> ?PR?_SETHEATERSSTANDBYTEMPTASK?MSGDEC...
  +--> ?PR?_GETHEATERSSTANDBYTEMPTASK?MSGDEC...
  +--> ?PR?_SETBUMPERPARAMSTASK?MSGDECODEOHDB
  +--> ?PR?_SETHEATERSTEMPTASK?MSGDECODEOHDB
  +--> ?PR?_SETHEATERSONOFFTASK?MSGDECODEOHDB
BL51 BANKED LINKER/LOCATER V6.22                                                      04/28/2015  17:26:03  PAGE 15


  +--> ?PR?_GETMATERIALLEVELTASK?MSGDECODEOHDB
  +--> ?PR?_ISHEADSVACUUMOKTASK?MSGDECODEOHDB
  +--> ?PR?_GETVACUUMSENSORTASK?MSGDECODEOHDB
  +--> ?PR?_GETAMBIENTTEMPTASK?MSGDECODEOHDB
  +--> ?PR?_SETHEADSVACUUMTASK?MSGDECODEOHDB
  +--> ?PR?_RESETDRIVERCIRCUITTASK?MSGDECODE...
  +--> ?PR?_RESETDRIVERSTATETASK?MSGDECODEOHDB
  +--> ?PR?_APPLYDEFAULTPARAMSTASK?MSGDECODE...
  +--> ?PR?_PRINTDRV_FIREALLTASK?PRINTDRIVER
  +--> ?PR?_GETSOFTWAREVERSIONTASK?MSGDECODE...
  +--> ?PR?_OHDBGETA2DSWVERSIONTASK?MSGDECOD...
  +--> ?PR?_GETHARDWAREVERSIONTASK?MSGDECODE...
  +--> ?PR?_OHDBPINGTASK?MSGDECODEOHDB
  +--> ?PR?_SETPRINTINGHEADVOLTAGETASK?MSGDE...
  +--> ?PR?_GETPRINTINGHEADVOLTAGETASK?MSGDE...
  +--> ?PR?_GETPOWERSUPPLIESTASK?MSGDECODEOHDB
  +--> ?PR?_GETHEADDATATASK?MSGDECODEOHDB
  +--> ?PR?_SETMATERIALCOOLINGFANSTASK?MSGDE...
  +--> ?PR?_GETFIREALLSTATUSTASK?MSGDECODEOHDB
  +--> ?PR?_SETDEBUGMODETASK?MSGDECODEOHDB
  +--> ?PR?_SETHEADDATANACKTASK?MSGDECODEOHDB
  +--> ?PR?_SETBUMPERIMPACTONOFFTASK?MSGDECO...
  +--> ?PR?_SETBUMPERPEGONOFFTASK?MSGDECODEOHDB

?PR?_ISHEADTEMPOKTASK?MSGDECODEOHDB              -----    -----      -----    -----
  +--> ?PR?_HEATERISTEMPRATURESOK?HEATERCONTROL
  +--> ?PR?_OHDBEDENPROTOCOLSEND?EDENPROTOCO...
  +--> ?PR?_SCHEDULERSUSPENDTASK?MINISCHEDULER
  +--> ?PR?_SCHEDULERLEAVETASK?MINISCHEDULER

?PR?_HEATERISTEMPRATURESOK?HEATERCONTROL         -----    -----      -----    -----
  +--> ?PR?HEATERCALCULATECURRENTTEMPEATURES...

?PR?HEATERCALCULATECURRENTTEMPEATURES...         -----    -----      -----    -----
  +--> ?PR?SPIA2D_ISDATAVALID?SPI_A2D
  +--> ?PR?_SPIA2D_GETREADING?SPI_A2D
  +--> ?PR?_ABS?ABS
  +--> ?PR?_SCHEDULERGETTASKSTATE?MINISCHEDULER
  +--> ?PR?_SCHEDULERRESUMETASK?MINISCHEDULER

?PR?_XILINXWRITETASK?MSGDECODEOHDB               -----    -----      -----    -----
  +--> ?PR?_SCHEDULERLEAVETASK?MINISCHEDULER
  +--> ?PR?XILINXGETWRITEACTIONSTATUS?XILINX...
  +--> ?PR?_OHDBEDENPROTOCOLSEND?EDENPROTOCO...
  +--> ?PR?_SCHEDULERSUSPENDTASK?MINISCHEDULER

?PR?_POTENTIOMETERWRITETASK?MSGDECODE...         -----    -----      -----    -----
  +--> ?PR?_OHDBPOTENMTRWRITEVALUE?POTENTIOM...
  +--> ?PR?_SCHEDULERLEAVETASK?MINISCHEDULER
  +--> ?PR?_OHDBPOTENMTRGETWRITESTATUS?POTEN...
  +--> ?PR?_OHDBEDENPROTOCOLSEND?EDENPROTOCO...
  +--> ?PR?_SCHEDULERSUSPENDTASK?MINISCHEDULER

?PR?_OHDBPOTENMTRWRITEVALUE?POTENTIOM...         -----    -----      -----    -----
  +--> ?PR?SPILOCK?SPIDRV
  +--> ?PR?_SPISELECTSLAVE?SPIDRV
  +--> ?PR?SPIGETTXBUFFER?SPIDRV
BL51 BANKED LINKER/LOCATER V6.22                                                      04/28/2015  17:26:03  PAGE 16


  +--> ?PR?_OHDBPOTENMTRCALLBACK?POTENTIOMET...
  +--> ?PR?_SPISEND?SPIDRV

?PR?_OHDBPOTENMTRGETWRITESTATUS?POTEN...         -----    -----      -----    -----
  +--> ?PR?_SPISELECTSLAVE?SPIDRV
  +--> ?PR?SPIUNLOCK?SPIDRV

?PR?_E2PROMWRITETASK?MSGDECODEOHDB               -----    -----      -----    -----
  +--> ?PR?_E2PROMWRITEENABLE?E2PROMINTERFACE
  +--> ?PR?_SCHEDULERLEAVETASK?MINISCHEDULER
  +--> ?PR?_E2PROMGETWRITESTATUS?E2PROMINTER...
  +--> ?PR?_E2PROMWRITE?E2PROMINTERFACE
  +--> ?PR?_OHDBEDENPROTOCOLSEND?EDENPROTOCO...
  +--> ?PR?_SCHEDULERSUSPENDTASK?MINISCHEDULER

?PR?_E2PROMWRITEENABLE?E2PROMINTERFACE           -----    -----      -----    -----
  +--> ?PR?SPILOCK?SPIDRV
  +--> ?PR?SPIGETTXBUFFER?SPIDRV
  +--> ?PR?_SPISELECTSLAVE?SPIDRV
  +--> ?PR?_E2PROMCALLBACK?E2PROMINTERFACE
  +--> ?PR?_SPISEND?SPIDRV

?PR?_E2PROMGETWRITESTATUS?E2PROMINTER...         -----    -----      -----    -----
  +--> ?PR?_SPISELECTSLAVE?SPIDRV
  +--> ?PR?SPIUNLOCK?SPIDRV

?PR?_E2PROMWRITE?E2PROMINTERFACE                 -----    -----      -----    -----
  +--> ?PR?_SPISELECTSLAVE?SPIDRV
  +--> ?PR?SPIGETTXBUFFER?SPIDRV
  +--> ?PR?_E2PROMCALLBACK?E2PROMINTERFACE
  +--> ?PR?_SPISEND?SPIDRV

?PR?_E2PROMREADTASK?MSGDECODEOHDB                -----    -----      -----    -----
  +--> ?PR?_E2PROMREADBYTE?E2PROMINTERFACE
  +--> ?PR?_SCHEDULERLEAVETASK?MINISCHEDULER
  +--> ?PR?_E2PROMGETRECEIVEDDATA?E2PROMINTE...
  +--> ?PR?_SWAPUNSIGNEDSHORT?BYTEORDER
  +--> ?PR?_OHDBEDENPROTOCOLSEND?EDENPROTOCO...
  +--> ?PR?_SCHEDULERSUSPENDTASK?MINISCHEDULER

?PR?_E2PROMREADBYTE?E2PROMINTERFACE              -----    -----      -----    -----
  +--> ?PR?SPILOCK?SPIDRV
  +--> ?PR?SPIGETTXBUFFER?SPIDRV
  +--> ?PR?_SPISELECTSLAVE?SPIDRV
  +--> ?PR?_E2PROMCALLBACK?E2PROMINTERFACE
  +--> ?PR?_SPISEND?SPIDRV

?PR?_E2PROMGETRECEIVEDDATA?E2PROMINTE...         -----    -----      -----    -----
  +--> ?PR?_SPISELECTSLAVE?SPIDRV
  +--> ?PR?SPIUNLOCK?SPIDRV

?PR?_XILINXREADTASK?MSGDECODEOHDB                -----    -----      -----    -----
  +--> ?PR?_SCHEDULERLEAVETASK?MINISCHEDULER
  +--> ?PR?_XILINXGETRECEIVEDDATA?XILINXINTE...
  +--> ?PR?_SWAPUNSIGNEDSHORT?BYTEORDER
  +--> ?PR?_OHDBEDENPROTOCOLSEND?EDENPROTOCO...
  +--> ?PR?_SCHEDULERSUSPENDTASK?MINISCHEDULER
BL51 BANKED LINKER/LOCATER V6.22                                                      04/28/2015  17:26:03  PAGE 17



?PR?_XILINXGETRECEIVEDDATA?XILINXINTE...         -----    -----      -----    -----
  +--> ?PR?_SPISELECTSLAVE?SPIDRV
  +--> ?PR?SPIUNLOCK?SPIDRV

?PR?_OHDBGETA2DREADINGSTASK?MSGDECODE...         -----    -----      -----    -----
  +--> ?PR?_SPIA2D_GETBLOCKREADINGS?SPI_A2D
  +--> ?PR?_SWAPUNSIGNEDSHORTARRAY?BYTEORDER
  +--> ?PR?_OHDBEDENPROTOCOLSEND?EDENPROTOCO...
  +--> ?PR?_SCHEDULERSUSPENDTASK?MINISCHEDULER
  +--> ?PR?_SCHEDULERLEAVETASK?MINISCHEDULER

?PR?_SETROLLERONOFFTASK?MSGDECODEOHDB            -----    -----      -----    -----
  +--> ?PR?_SCHEDULERLEAVETASK?MINISCHEDULER
  +--> ?PR?_ROLLER_ENABLEDRIVER?ROLLER
  +--> ?PR?ROLLER_ISSETOPERATIONDONE?ROLLER
  +--> ?PR?_ROLLER_SETONOFF?ROLLER
  +--> ?PR?_OHDBEDENPROTOCOLSEND?EDENPROTOCO...
  +--> ?PR?_SCHEDULERSUSPENDTASK?MINISCHEDULER

?PR?_ROLLER_ENABLEDRIVER?ROLLER                  -----    -----      -----    -----
  +--> ?PR?_XILINXWRITE?XILINXINTERFACE

?PR?_SETROLLERSPEEDTASK?MSGDECODEOHDB            -----    -----      -----    -----
  +--> ?PR?_ROLLER_SETSPEED?ROLLER
  +--> ?PR?_SCHEDULERLEAVETASK?MINISCHEDULER
  +--> ?PR?ROLLER_ISSETOPERATIONDONE?ROLLER
  +--> ?PR?_OHDBEDENPROTOCOLSEND?EDENPROTOCO...
  +--> ?PR?_SCHEDULERSUSPENDTASK?MINISCHEDULER

?PR?_ROLLER_SETSPEED?ROLLER                      -----    -----      -----    -----
  +--> ?PR?_XILINXWRITE?XILINXINTERFACE

?PR?_GETROLLERSTATUSTASK?MSGDECODEOHDB           -----    -----      -----    -----
  +--> ?PR?ROLLER_GETSPEED?ROLLER
  +--> ?PR?_SCHEDULERLEAVETASK?MINISCHEDULER
  +--> ?PR?_ROLLER_ISGETOPERATIONDONE?ROLLER
  +--> ?PR?ROLLER_ISON?ROLLER
  +--> ?PR?_SWAPUNSIGNEDSHORT?BYTEORDER
  +--> ?PR?_OHDBEDENPROTOCOLSEND?EDENPROTOCO...
  +--> ?PR?_SCHEDULERSUSPENDTASK?MINISCHEDULER

?PR?ROLLER_GETSPEED?ROLLER                       -----    -----      -----    -----
  +--> ?PR?_XILINXREAD?XILINXINTERFACE

?PR?_XILINXREAD?XILINXINTERFACE                  -----    -----      -----    -----
  +--> ?PR?SPILOCK?SPIDRV
  +--> ?PR?_SPISELECTSLAVE?SPIDRV
  +--> ?PR?SPIGETTXBUFFER?SPIDRV
  +--> ?PR?_XILINXCALLBACK?XILINXINTERFACE
  +--> ?PR?_SPISEND?SPIDRV

?PR?_ROLLER_ISGETOPERATIONDONE?ROLLER            -----    -----      -----    -----
  +--> ?PR?_XILINXGETRECEIVEDDATA?XILINXINTE...

?PR?_SETPRINTINGHEADSPARAMSTASK?MSGDE...         -----    -----      -----    -----
  +--> ?PR?_PRINTDRV_WRITETOREGISTER?PRINTDR...
BL51 BANKED LINKER/LOCATER V6.22                                                      04/28/2015  17:26:03  PAGE 18


  +--> ?PR?_SCHEDULERLEAVETASK?MINISCHEDULER
  +--> ?PR?PRINTDRV_ISSETOPERATIONDONE?PRINT...
  +--> ?PR?_OHDBEDENPROTOCOLSEND?EDENPROTOCO...
  +--> ?PR?_SCHEDULERSUSPENDTASK?MINISCHEDULER

?PR?_PRINTDRV_WRITETOREGISTER?PRINTDR...         -----    -----      -----    -----
  +--> ?PR?_XILINXWRITE?XILINXINTERFACE

?PR?PRINTDRV_ISSETOPERATIONDONE?PRINT...         -----    -----      -----    -----
  +--> ?PR?XILINXGETWRITEACTIONSTATUS?XILINX...

?PR?_SETPRINTINGPASSPARAMSTASK?MSGDEC...         -----    -----      -----    -----
  +--> ?PR?_PRINTDRV_SETSTARTPEG?PRINTDRIVER
  +--> ?PR?_SCHEDULERLEAVETASK?MINISCHEDULER
  +--> ?PR?PRINTDRV_ISSETOPERATIONDONE?PRINT...
  +--> ?PR?_PRINTDRV_SETENDPEG?PRINTDRIVER
  +--> ?PR?_PRINTDRV_SETNUMOFFIRES?PRINTDRIVER
  +--> ?PR?_PRINTDRV_SETBUMPERSTARTPEG?PRINT...
  +--> ?PR?_PRINTDRV_SETBUMPERENDPEG?PRINTDR...
  +--> ?PR?_OHDBEDENPROTOCOLSEND?EDENPROTOCO...
  +--> ?PR?_SCHEDULERSUSPENDTASK?MINISCHEDULER

?PR?_PRINTDRV_SETSTARTPEG?PRINTDRIVER            -----    -----      -----    -----
  +--> ?PR?_XILINXWRITE?XILINXINTERFACE

?PR?_PRINTDRV_SETENDPEG?PRINTDRIVER              -----    -----      -----    -----
  +--> ?PR?_XILINXWRITE?XILINXINTERFACE

?PR?_PRINTDRV_SETNUMOFFIRES?PRINTDRIVER          -----    -----      -----    -----
  +--> ?PR?_XILINXWRITE?XILINXINTERFACE

?PR?_PRINTDRV_SETBUMPERSTARTPEG?PRINT...         -----    -----      -----    -----
  +--> ?PR?_XILINXWRITE?XILINXINTERFACE

?PR?_PRINTDRV_SETBUMPERENDPEG?PRINTDR...         -----    -----      -----    -----
  +--> ?PR?_XILINXWRITE?XILINXINTERFACE

?PR?_ENABLEPRINTINGCIRCUITRYTASK?MSGD...         -----    -----      -----    -----
  +--> ?PR?PRINTDRV_DISBLEPRINTINGCIRCUITRY?...
  +--> ?PR?_SCHEDULERLEAVETASK?MINISCHEDULER
  +--> ?PR?PRINTDRV_ISSETOPERATIONDONE?PRINT...
  +--> ?PR?PRINTDRV_ENABLEPRINTINGCIRCUITRY?...
  +--> ?PR?_OHDBEDENPROTOCOLSEND?EDENPROTOCO...
  +--> ?PR?_SCHEDULERSUSPENDTASK?MINISCHEDULER

?PR?PRINTDRV_DISBLEPRINTINGCIRCUITRY?...         -----    -----      -----    -----
  +--> ?PR?_XILINXWRITE?XILINXINTERFACE

?PR?PRINTDRV_ENABLEPRINTINGCIRCUITRY?...         -----    -----      -----    -----
  +--> ?PR?_XILINXWRITE?XILINXINTERFACE

?PR?_DISABLEPRINTINGCIRCUITRYTASK?MSG...         -----    -----      -----    -----
  +--> ?PR?PRINTDRV_DISBLEPRINTINGCIRCUITRY?...
  +--> ?PR?_SCHEDULERLEAVETASK?MINISCHEDULER
  +--> ?PR?PRINTDRV_ISSETOPERATIONDONE?PRINT...
  +--> ?PR?_OHDBEDENPROTOCOLSEND?EDENPROTOCO...
  +--> ?PR?_SCHEDULERSUSPENDTASK?MINISCHEDULER
BL51 BANKED LINKER/LOCATER V6.22                                                      04/28/2015  17:26:03  PAGE 19



?PR?_GETHEATERSSTATUSTASK?MSGDECODEOHDB          -----    -----      -----    -----
  +--> ?PR?_HEATERGETCURRENTTEMPERATURES?HEA...
  +--> ?PR?_SWAPUNSIGNEDSHORTARRAY?BYTEORDER
  +--> ?PR?_OHDBEDENPROTOCOLSEND?EDENPROTOCO...
  +--> ?PR?_SCHEDULERSUSPENDTASK?MINISCHEDULER
  +--> ?PR?_SCHEDULERLEAVETASK?MINISCHEDULER

?PR?_HEATERGETCURRENTTEMPERATURES?HEA...         -----    -----      -----    -----
  +--> ?PR?HEATERCALCULATECURRENTTEMPEATURES...

?PR?_SETHEATERSSTANDBYTEMPTASK?MSGDEC...         -----    -----      -----    -----
  +--> ?PR?_OHDBEDENPROTOCOLSEND?EDENPROTOCO...
  +--> ?PR?_SCHEDULERSUSPENDTASK?MINISCHEDULER
  +--> ?PR?_SCHEDULERLEAVETASK?MINISCHEDULER

?PR?_GETHEATERSSTANDBYTEMPTASK?MSGDEC...         -----    -----      -----    -----
  +--> ?PR?_HEATERGETSTANDBYTEMPERATURES?HEA...
  +--> ?PR?_SWAPUNSIGNEDSHORTARRAY?BYTEORDER
  +--> ?PR?_OHDBEDENPROTOCOLSEND?EDENPROTOCO...
  +--> ?PR?_SCHEDULERSUSPENDTASK?MINISCHEDULER
  +--> ?PR?_SCHEDULERLEAVETASK?MINISCHEDULER

?PR?_SETBUMPERPARAMSTASK?MSGDECODEOHDB           -----    -----      -----    -----
  +--> ?PR?_OHDBEDENPROTOCOLSEND?EDENPROTOCO...
  +--> ?PR?_SCHEDULERSUSPENDTASK?MINISCHEDULER
  +--> ?PR?_SCHEDULERLEAVETASK?MINISCHEDULER

?PR?_SETHEATERSTEMPTASK?MSGDECODEOHDB            -----    -----      -----    -----
  +--> ?PR?_OHDBEDENPROTOCOLSEND?EDENPROTOCO...
  +--> ?PR?_SCHEDULERSUSPENDTASK?MINISCHEDULER
  +--> ?PR?_SCHEDULERLEAVETASK?MINISCHEDULER

?PR?_SETHEATERSONOFFTASK?MSGDECODEOHDB           -----    -----      -----    -----
  +--> ?PR?_OHDBEDENPROTOCOLSEND?EDENPROTOCO...
  +--> ?PR?_SCHEDULERSUSPENDTASK?MINISCHEDULER
  +--> ?PR?_SCHEDULERLEAVETASK?MINISCHEDULER

?PR?_GETMATERIALLEVELTASK?MSGDECODEOHDB          -----    -----      -----    -----
  +--> ?PR?_SENSORS_GETMATERIALLEVELSENSORS?...
  +--> ?PR?_SWAPUNSIGNEDSHORTARRAY?BYTEORDER
  +--> ?PR?_OHDBEDENPROTOCOLSEND?EDENPROTOCO...
  +--> ?PR?_SCHEDULERSUSPENDTASK?MINISCHEDULER
  +--> ?PR?_SCHEDULERLEAVETASK?MINISCHEDULER

?PR?_SENSORS_GETMATERIALLEVELSENSORS?...         -----    -----      -----    -----
  +--> ?PR?_SPIA2D_GETREADING?SPI_A2D
  +--> ?PR?_SPIEXTA2D_GETREADING?SPIEXTA2D

?PR?_ISHEADSVACUUMOKTASK?MSGDECODEOHDB           -----    -----      -----    -----
  +--> ?PR?SENSORS_ISHEADSVACUUMOK?SENSORSOHDB
  +--> ?PR?_OHDBEDENPROTOCOLSEND?EDENPROTOCO...
  +--> ?PR?_SCHEDULERSUSPENDTASK?MINISCHEDULER
  +--> ?PR?_SCHEDULERLEAVETASK?MINISCHEDULER

?PR?SENSORS_ISHEADSVACUUMOK?SENSORSOHDB          -----    -----      -----    -----
  +--> ?PR?_SPIA2D_GETREADING?SPI_A2D
BL51 BANKED LINKER/LOCATER V6.22                                                      04/28/2015  17:26:03  PAGE 20



?PR?_GETVACUUMSENSORTASK?MSGDECODEOHDB           -----    -----      -----    -----
  +--> ?PR?_SENSORS_GETVACUUMSENSOR?SENSORSOHDB
  +--> ?PR?_SWAPUNSIGNEDSHORT?BYTEORDER
  +--> ?PR?_OHDBEDENPROTOCOLSEND?EDENPROTOCO...
  +--> ?PR?_SCHEDULERSUSPENDTASK?MINISCHEDULER
  +--> ?PR?_SCHEDULERLEAVETASK?MINISCHEDULER

?PR?_SENSORS_GETVACUUMSENSOR?SENSORSOHDB         -----    -----      -----    -----
  +--> ?PR?_SPIA2D_GETREADING?SPI_A2D

?PR?_GETAMBIENTTEMPTASK?MSGDECODEOHDB            -----    -----      -----    -----
  +--> ?PR?SENSORS_GETAMBIENTTEMPSENSOR?SENS...
  +--> ?PR?_SWAPUNSIGNEDSHORT?BYTEORDER
  +--> ?PR?_OHDBEDENPROTOCOLSEND?EDENPROTOCO...
  +--> ?PR?_SCHEDULERSUSPENDTASK?MINISCHEDULER
  +--> ?PR?_SCHEDULERLEAVETASK?MINISCHEDULER

?PR?SENSORS_GETAMBIENTTEMPSENSOR?SENS...         -----    -----      -----    -----
  +--> ?PR?_A2D0READER_GETREADING?HEADSVOLTA...

?PR?_SETHEADSVACUUMTASK?MSGDECODEOHDB            -----    -----      -----    -----
  +--> ?PR?_OHDBEDENPROTOCOLSEND?EDENPROTOCO...
  +--> ?PR?_SCHEDULERSUSPENDTASK?MINISCHEDULER
  +--> ?PR?_SCHEDULERLEAVETASK?MINISCHEDULER

?PR?_RESETDRIVERCIRCUITTASK?MSGDECODE...         -----    -----      -----    -----
  +--> ?PR?PRINTDRV_RESETDRIVER?PRINTDRIVER
  +--> ?PR?_SCHEDULERLEAVETASK?MINISCHEDULER
  +--> ?PR?PRINTDRV_ISSETOPERATIONDONE?PRINT...
  +--> ?PR?_XILINXWRITE?XILINXINTERFACE
  +--> ?PR?_OHDBEDENPROTOCOLSEND?EDENPROTOCO...
  +--> ?PR?_SCHEDULERSUSPENDTASK?MINISCHEDULER

?PR?PRINTDRV_RESETDRIVER?PRINTDRIVER             -----    -----      -----    -----
  +--> ?PR?_XILINXWRITE?XILINXINTERFACE

?PR?_RESETDRIVERSTATETASK?MSGDECODEOHDB          -----    -----      -----    -----
  +--> ?PR?PRINTDRV_RESETSTATEMACHINE?PRINTD...
  +--> ?PR?_SCHEDULERLEAVETASK?MINISCHEDULER
  +--> ?PR?PRINTDRV_ISSETOPERATIONDONE?PRINT...
  +--> ?PR?_OHDBEDENPROTOCOLSEND?EDENPROTOCO...
  +--> ?PR?_SCHEDULERSUSPENDTASK?MINISCHEDULER

?PR?PRINTDRV_RESETSTATEMACHINE?PRINTD...         -----    -----      -----    -----
  +--> ?PR?_XILINXWRITE?XILINXINTERFACE

?PR?_APPLYDEFAULTPARAMSTASK?MSGDECODE...         -----    -----      -----    -----
  +--> ?PR?_PRINTDRV_SETDIAGNOSTICS?PRINTDRIVER
  +--> ?PR?_SCHEDULERLEAVETASK?MINISCHEDULER
  +--> ?PR?PRINTDRV_ISSETOPERATIONDONE?PRINT...
  +--> ?PR?_PRINTDRV_SETCOMMDIRECTION?PRINTD...
  +--> ?PR?_OHDBEDENPROTOCOLSEND?EDENPROTOCO...
  +--> ?PR?_SCHEDULERSUSPENDTASK?MINISCHEDULER

?PR?_PRINTDRV_SETDIAGNOSTICS?PRINTDRIVER         -----    -----      -----    -----
  +--> ?PR?_XILINXWRITE?XILINXINTERFACE
BL51 BANKED LINKER/LOCATER V6.22                                                      04/28/2015  17:26:03  PAGE 21



?PR?_PRINTDRV_SETCOMMDIRECTION?PRINTD...         -----    -----      -----    -----
  +--> ?PR?_XILINXWRITE?XILINXINTERFACE

?PR?_PRINTDRV_FIREALLTASK?PRINTDRIVER            -----    -----      -----    -----
  +--> ?PR?_OHDBEDENPROTOCOLSEND?EDENPROTOCO...
  +--> ?PR?_SCHEDULERLEAVETASK?MINISCHEDULER
  +--> ?PR?PRINTDRV_RESETSTATEMACHINE?PRINTD...
  +--> ?PR?PRINTDRV_ISSETOPERATIONDONE?PRINT...
  +--> ?PR?PRINTDRV_DISBLEPRINTINGCIRCUITRY?...
  +--> ?PR?_XILINXWRITE?XILINXINTERFACE
  +--> ?PR?XILINXGETWRITEACTIONSTATUS?XILINX...
  +--> ?PR?PRINTDRV_ENABLEPRINTINGCIRCUITRY?...
  +--> ?PR?_SCHEDULERTASKSLEEP?MINISCHEDULER
  +--> ?PR?_XILINXREAD?XILINXINTERFACE
  +--> ?PR?_XILINXGETRECEIVEDDATA?XILINXINTE...
  +--> ?PR?_SCHEDULERSUSPENDTASK?MINISCHEDULER

?PR?_GETSOFTWAREVERSIONTASK?MSGDECODE...         -----    -----      -----    -----
  +--> ?PR?_OHDBEDENPROTOCOLSEND?EDENPROTOCO...
  +--> ?PR?_SCHEDULERSUSPENDTASK?MINISCHEDULER
  +--> ?PR?_SCHEDULERLEAVETASK?MINISCHEDULER

?PR?_OHDBGETA2DSWVERSIONTASK?MSGDECOD...         -----    -----      -----    -----
  +--> ?PR?_SPIA2D_GETSW_VERSION?SPI_A2D
  +--> ?PR?_OHDBEDENPROTOCOLSEND?EDENPROTOCO...
  +--> ?PR?_SCHEDULERSUSPENDTASK?MINISCHEDULER
  +--> ?PR?_SCHEDULERLEAVETASK?MINISCHEDULER

?PR?_GETHARDWAREVERSIONTASK?MSGDECODE...         -----    -----      -----    -----
  +--> ?PR?_XILINXREAD?XILINXINTERFACE
  +--> ?PR?_SCHEDULERLEAVETASK?MINISCHEDULER
  +--> ?PR?_XILINXGETRECEIVEDDATA?XILINXINTE...
  +--> ?PR?_OHDBEDENPROTOCOLSEND?EDENPROTOCO...
  +--> ?PR?_SCHEDULERSUSPENDTASK?MINISCHEDULER

?PR?_OHDBPINGTASK?MSGDECODEOHDB                  -----    -----      -----    -----
  +--> ?PR?_OHDBEDENPROTOCOLSEND?EDENPROTOCO...
  +--> ?PR?_SCHEDULERSUSPENDTASK?MINISCHEDULER
  +--> ?PR?_SCHEDULERLEAVETASK?MINISCHEDULER

?PR?_SETPRINTINGHEADVOLTAGETASK?MSGDE...         -----    -----      -----    -----
  +--> ?PR?_PRINTDRV_SETHEADVOLTAGE?PRINTDRIVER
  +--> ?PR?_SCHEDULERLEAVETASK?MINISCHEDULER
  +--> ?PR?_PRINTDRV_ISSETVOLTAGEDONE?PRINTD...
  +--> ?PR?_OHDBEDENPROTOCOLSEND?EDENPROTOCO...
  +--> ?PR?_SCHEDULERSUSPENDTASK?MINISCHEDULER

?PR?_PRINTDRV_SETHEADVOLTAGE?PRINTDRIVER         -----    -----      -----    -----
  +--> ?PR?_OHDBPOTENMTRWRITEVALUE?POTENTIOM...

?PR?_PRINTDRV_ISSETVOLTAGEDONE?PRINTD...         -----    -----      -----    -----
  +--> ?PR?_OHDBPOTENMTRGETWRITESTATUS?POTEN...

?PR?_GETPRINTINGHEADVOLTAGETASK?MSGDE...         -----    -----      -----    -----
  +--> ?PR?_A2D0READER_GETHEADSVOLTAGES?HEAD...
  +--> ?PR?_SWAPUNSIGNEDSHORTARRAY?BYTEORDER
BL51 BANKED LINKER/LOCATER V6.22                                                      04/28/2015  17:26:03  PAGE 22


  +--> ?PR?_OHDBEDENPROTOCOLSEND?EDENPROTOCO...
  +--> ?PR?_SCHEDULERSUSPENDTASK?MINISCHEDULER
  +--> ?PR?_SCHEDULERLEAVETASK?MINISCHEDULER

?PR?_A2D0READER_GETHEADSVOLTAGES?HEAD...         -----    -----      -----    -----
  +--> ?PR?_A2D0READER_GETBLOCKREADINGS?HEAD...

?PR?_GETPOWERSUPPLIESTASK?MSGDECODEOHDB          -----    -----      -----    -----
  +--> ?PR?_SENSORS_GETPOWERSUPPLIESVOLTAGES...
  +--> ?PR?_SWAPUNSIGNEDSHORTARRAY?BYTEORDER
  +--> ?PR?_OHDBEDENPROTOCOLSEND?EDENPROTOCO...
  +--> ?PR?_SCHEDULERSUSPENDTASK?MINISCHEDULER
  +--> ?PR?_SCHEDULERLEAVETASK?MINISCHEDULER

?PR?_SENSORS_GETPOWERSUPPLIESVOLTAGES...         -----    -----      -----    -----
  +--> ?PR?_A2D2_GETREADING?A2D

?PR?_GETHEADDATATASK?MSGDECODEOHDB               -----    -----      -----    -----
  +--> ?PR?_HEADDATA_GETHEADDATA?HEADDATA
  +--> ?PR?_SWAPUNSIGNEDSHORT?BYTEORDER
  +--> ?PR?_SWAPUNSIGNEDLONG?BYTEORDER
  +--> ?PR?_OHDBEDENPROTOCOLSEND?EDENPROTOCO...
  +--> ?PR?_SCHEDULERSUSPENDTASK?MINISCHEDULER
  +--> ?PR?_SCHEDULERLEAVETASK?MINISCHEDULER

?PR?_SETMATERIALCOOLINGFANSTASK?MSGDE...         -----    -----      -----    -----
  +--> ?PR?_OHDBEDENPROTOCOLSEND?EDENPROTOCO...
  +--> ?PR?_SCHEDULERSUSPENDTASK?MINISCHEDULER
  +--> ?PR?_SCHEDULERLEAVETASK?MINISCHEDULER

?PR?_GETFIREALLSTATUSTASK?MSGDECODEOHDB          -----    -----      -----    -----
  +--> ?PR?PRINTDRV_GETFIREALLSTATUS?PRINTDR...
  +--> ?PR?PRINTDRV_GETFIREALLCOUNTER?PRINTD...
  +--> ?PR?_OHDBEDENPROTOCOLSEND?EDENPROTOCO...
  +--> ?PR?_SCHEDULERSUSPENDTASK?MINISCHEDULER
  +--> ?PR?_SCHEDULERLEAVETASK?MINISCHEDULER

?PR?_SETDEBUGMODETASK?MSGDECODEOHDB              -----    -----      -----    -----
  +--> ?PR?_OHDBEDENPROTOCOLSEND?EDENPROTOCO...
  +--> ?PR?_SCHEDULERSUSPENDTASK?MINISCHEDULER
  +--> ?PR?_SCHEDULERLEAVETASK?MINISCHEDULER

?PR?_SETHEADDATANACKTASK?MSGDECODEOHDB           -----    -----      -----    -----
  +--> ?PR?_OHDBEDENPROTOCOLSEND?EDENPROTOCO...
  +--> ?PR?_SCHEDULERSUSPENDTASK?MINISCHEDULER
  +--> ?PR?_SCHEDULERLEAVETASK?MINISCHEDULER

?PR?_SETBUMPERIMPACTONOFFTASK?MSGDECO...         -----    -----      -----    -----
  +--> ?PR?_OHDBEDENPROTOCOLSEND?EDENPROTOCO...
  +--> ?PR?_SCHEDULERSUSPENDTASK?MINISCHEDULER
  +--> ?PR?_SCHEDULERLEAVETASK?MINISCHEDULER

?PR?_SETBUMPERPEGONOFFTASK?MSGDECODEOHDB         -----    -----      -----    -----
  +--> ?PR?_PRINTDRV_ENABLEDISABLEBUMPERPEG?...
  +--> ?PR?_SCHEDULERLEAVETASK?MINISCHEDULER
  +--> ?PR?PRINTDRV_ISSETOPERATIONDONE?PRINT...
  +--> ?PR?_OHDBEDENPROTOCOLSEND?EDENPROTOCO...
BL51 BANKED LINKER/LOCATER V6.22                                                      04/28/2015  17:26:03  PAGE 23


  +--> ?PR?_SCHEDULERSUSPENDTASK?MINISCHEDULER

?PR?_PRINTDRV_ENABLEDISABLEBUMPERPEG?...         -----    -----      -----    -----
  +--> ?PR?_XILINXWRITE?XILINXINTERFACE

?PR?HEADDATA_INIT?HEADDATA                       -----    -----      -----    -----
  +--> ?PR?_HEADDATA_SETHEADDATATASK?HEADDATA
  +--> ?PR?_SCHEDULERINSTALLTASK?MINISCHEDULER

?PR?_HEADDATA_SETHEADDATATASK?HEADDATA           -----    -----      -----    -----
  +--> ?PR?_E2PROMWRITEENABLE?E2PROMINTERFACE
  +--> ?PR?_SCHEDULERLEAVETASK?MINISCHEDULER
  +--> ?PR?_E2PROMGETWRITESTATUS?E2PROMINTER...
  +--> ?PR?_E2PROMWRITEBLOCK?E2PROMINTERFACE
  +--> ?PR?_TIMERDELAY?TIMERDRV
  +--> ?PR?_E2PROMREADBLOCK?E2PROMINTERFACE
  +--> ?PR?_E2PROMGETRECEIVEDDATA?E2PROMINTE...
  +--> ?PR?_UTILS_CALCULATECHECKSUM?UTILS
  +--> ?PR?_OHDBEDENPROTOCOLSEND?EDENPROTOCO...
  +--> ?PR?_SCHEDULERSUSPENDTASK?MINISCHEDULER

?PR?_E2PROMWRITEBLOCK?E2PROMINTERFACE            -----    -----      -----    -----
  +--> ?PR?_SPISELECTSLAVE?SPIDRV
  +--> ?PR?SPIGETTXBUFFER?SPIDRV
  +--> ?PR?_E2PROMCALLBACK?E2PROMINTERFACE
  +--> ?PR?_SPISEND?SPIDRV

?PR?_TIMERDELAY?TIMERDRV                         -----    -----      -----    -----
  +--> ?PR?_TIMERSETTIMEOUT?TIMERDRV
  +--> ?PR?_TIMERHASTIMEOUTEXPIRED?TIMERDRV

?PR?_TIMERHASTIMEOUTEXPIRED?TIMERDRV             -----    -----      -----    -----
  +--> ?PR?TIMER0GETTIMERCOUNTER?TIMERDRV
[...]
  C:22CFH         LINE#         358
  C:22CFH         LINE#         359
  C:22EAH         LINE#         360
  C:2305H         LINE#         361
  C:2307H         LINE#         363
  C:2322H         LINE#         365
  C:233DH         LINE#         366
  C:2358H         LINE#         370
  C:2378H         LINE#         374
  C:2393H         LINE#         375
  C:2394H         LINE#         377
  C:2394H         LINE#         380
  C:239DH         LINE#         381
  C:239DH         LINE#         382
  C:23B8H         LINE#         383
  C:23D3H         LINE#         384
  C:23D3H         LINE#         386
  C:23EEH         LINE#         390
  C:240EH         LINE#         394
  C:2429H         LINE#         395
  C:2444H         LINE#         399
  C:2480H         LINE#         400
  C:2480H         LINE#         403
  C:249BH         LINE#         404
  C:249BH         LINE#         405
BL51 BANKED LINKER/LOCATER V6.22                                                      04/28/2015  17:26:03  PAGE 140


  C:249CH         LINE#         407
  C:249CH         LINE#         410
  C:24C3H         LINE#         411
  C:24E0H         LINE#         413
  C:24E0H         LINE#         416
  C:24E9H         LINE#         421
  C:24E9H         LINE#         423
  C:2503H         LINE#         424
  C:2504H         LINE#         432
  C:2504H         LINE#         435
  C:2511H         LINE#         436
  C:2511H         LINE#         437
  C:255EH         LINE#         438
  C:257BH         LINE#         440
  C:25AFH         LINE#         444
  C:260FH         LINE#         447
  C:260FH         LINE#         450
  C:262AH         LINE#         453
  C:264AH         LINE#         454
  C:264AH         LINE#         455
  C:264CH         LINE#         457
  C:264CH         LINE#         461
  C:2655H         LINE#         462
  C:2672H         LINE#         466
  C:268CH         LINE#         467
  C:268CH         LINE#         468
  C:269BH         LINE#         469
  C:269BH         LINE#         470
  C:269BH         LINE#         471
  -------         ENDPROC       _OHDBEDENPROTOCOLDECODE
  -------         PROC          OHDBEDENPROTOCOLGETMSGBUFF
  C:9C38H         LINE#         486
  C:9C38H         LINE#         487
  C:9C38H         LINE#         488
  C:9C3EH         LINE#         489
  -------         ENDPROC       OHDBEDENPROTOCOLGETMSGBUFF
  -------         ENDMOD        EDENPROTOCOLOHDB

  -------         MODULE        HEADSVOLTAGEREADER
  C:0000H         SYMBOL        _ICE_DUMMY_
  C:9A49H         PUBLIC        _A2D0Reader_GetReading
  D:00B0H         PUBLIC        P3
  C:62CFH         PUBLIC        _HeadsVoltageReaderTask
  C:95FEH         PUBLIC        HeadsVoltageReaderInit
  X:0AB4H         PUBLIC        OrderedIndex
  C:7B9DH         PUBLIC        _A2D0Reader_GetBlockReadings
  B:0021H.3       PUBLIC        SwitchData
  C:999CH         PUBLIC        _A2D0Reader_GetHeadsVoltages
  X:0ABDH         SYMBOL        ReaderA2D0SamplesBuffer
  B:00E8H.4       PUBLIC        AD0BUSY
  X:0ACFH         PUBLIC        HeadsVoltageReaderTaskHandle
  -------         PROC          HEADSVOLTAGEREADERINIT
  C:95FEH         LINE#         39
  C:95FEH         LINE#         40
  C:95FEH         LINE#         41
  C:960DH         LINE#         43
  C:961BH         LINE#         44
BL51 BANKED LINKER/LOCATER V6.22                                                      04/28/2015  17:26:03  PAGE 141


  C:9625H         LINE#         45
  -------         ENDPROC       HEADSVOLTAGEREADERINIT
  -------         PROC          _HEADSVOLTAGEREADERTASK
  X:0D93H         SYMBOL        Arg
  -------         DO            
  D:0023H         SYMBOL        SelectedInput
  X:0D94H         SYMBOL        Msg
  -------         ENDDO         
  C:62CFH         LINE#         47
  C:62D4H         LINE#         48
  C:62D4H         LINE#         61
  C:62EDH         LINE#         62
  C:62EDH         LINE#         63
  C:62EDH         LINE#         64
  C:62EDH         LINE#         65
  C:62F2H         LINE#         68
  C:62F4H         LINE#         70
  C:62F9H         LINE#         71
  C:62F9H         LINE#         72
  C:62FAH         LINE#         74
  C:62FAH         LINE#         75
  C:62FAH         LINE#         76
  C:62FFH         LINE#         77
  C:62FFH         LINE#         78
  C:6304H         LINE#         82
  C:6328H         LINE#         85
  C:632BH         LINE#         87
  C:6336H         LINE#         88
  C:633CH         LINE#         90
  C:6341H         LINE#         91
  C:6342H         LINE#         93
  C:6342H         LINE#         94
  C:6347H         LINE#         95
  C:6347H         LINE#         96
  C:6347H         LINE#         97
  C:6348H         LINE#         99
  C:6348H         LINE#         100
  C:6348H         LINE#         101
  C:634EH         LINE#         102
  C:635CH         LINE#         104
  C:6368H         LINE#         105
  C:636EH         LINE#         107
  C:6373H         LINE#         108
  C:6373H         LINE#         109
  C:6374H         LINE#         111
  C:6374H         LINE#         112
  C:6374H         LINE#         113
  C:637CH         LINE#         114
  C:637CH         LINE#         115
  C:6385H         LINE#         117
  C:638AH         LINE#         118
  C:638BH         LINE#         120
  C:6390H         LINE#         121
  C:6390H         LINE#         122
  C:6390H         LINE#         124
  C:6390H         LINE#         125
  C:6390H         LINE#         126
BL51 BANKED LINKER/LOCATER V6.22                                                      04/28/2015  17:26:03  PAGE 142


  C:6390H         LINE#         127
  -------         ENDPROC       _HEADSVOLTAGEREADERTASK
  -------         PROC          _A2D0READER_GETREADING
  X:0E34H         SYMBOL        AnalogInNum
  C:9A49H         LINE#         129
  C:9A4EH         LINE#         130
  C:9A4EH         LINE#         131
  C:9A64H         LINE#         132
  -------         ENDPROC       _A2D0READER_GETREADING
  -------         PROC          _A2D0READER_GETBLOCKREADINGS
  X:0D02H         SYMBOL        FirstAnalogIn
  X:0D03H         SYMBOL        LastAnalogIn
  X:0D04H         SYMBOL        Buffer
  C:7B9DH         LINE#         134
  C:7BB2H         LINE#         135
  C:7BB2H         LINE#         136
  C:7C16H         LINE#         137
  -------         ENDPROC       _A2D0READER_GETBLOCKREADINGS
  -------         PROC          _A2D0READER_GETHEADSVOLTAGES
  X:0DF7H         SYMBOL        Voltages
  C:999CH         LINE#         139
  C:99A7H         LINE#         140
  C:99A7H         LINE#         141
  C:99B9H         LINE#         142
  -------         ENDPROC       _A2D0READER_GETHEADSVOLTAGES
  -------         ENDMOD        HEADSVOLTAGEREADER

  -------         MODULE        SPIEXTA2D
  C:0000H         SYMBOL        _ICE_DUMMY_
  C:9626H         PUBLIC        SpiExtA2D_GetFreeBuffer
  X:0A23H         PUBLIC        ExtA2DTransactionStatus
  C:8AD8H         PUBLIC        _SpiExtA2D_Task
  C:620AH         PUBLIC        SpiExtA2D_GetValues
  C:9905H         PUBLIC        SpiExtA2D_Init
  X:0A24H         PUBLIC        ExtA2DRxBuffer
  X:0A28H         PUBLIC        RxBufferNumber
  X:0A29H         PUBLIC        ExtA2DChannels
  X:0A31H         SYMBOL        ExtA2DSamplesBuffer
  C:9A65H         PUBLIC        _SpiExtA2D_GetReading
  C:97D9H         PUBLIC        _SpiExtA2D_CallBack
  X:0A41H         PUBLIC        SelectedChannel
  C:7497H         PUBLIC        SpiExtA2D_SendRequest
  -------         PROC          SPIEXTA2D_INIT
  C:9905H         LINE#         49
  C:9905H         LINE#         50
  C:9905H         LINE#         51
  C:990AH         LINE#         52
  C:990FH         LINE#         53
  C:9914H         LINE#         55
  C:9923H         LINE#         56
  -------         ENDPROC       SPIEXTA2D_INIT
  -------         PROC          _SPIEXTA2D_TASK
  X:0E35H         SYMBOL        Arg
  -------         DO            
  -------         ENDDO         
  C:8AD8H         LINE#         58
  C:8ADDH         LINE#         59
BL51 BANKED LINKER/LOCATER V6.22                                                      04/28/2015  17:26:03  PAGE 143


  C:8ADDH         LINE#         66
  C:8AF0H         LINE#         67
  C:8AF0H         LINE#         68
  C:8AF0H         LINE#         69
  C:8AF0H         LINE#         70
  C:8AF6H         LINE#         71
  C:8AFCH         LINE#         73
  C:8B01H         LINE#         74
  C:8B01H         LINE#         75
  C:8B02H         LINE#         77
  C:8B02H         LINE#         78
  C:8B02H         LINE#         79
  C:8B0AH         LINE#         80
  C:8B0AH         LINE#         81
  C:8B0FH         LINE#         82
  C:8B18H         LINE#         83
  C:8B19H         LINE#         85
  C:8B19H         LINE#         86
  C:8B1EH         LINE#         87
  C:8B1EH         LINE#         88
  C:8B1EH         LINE#         89
  C:8B1EH         LINE#         91
  C:8B1EH         LINE#         92
  C:8B1EH         LINE#         93
  C:8B1EH         LINE#         94
  -------         ENDPROC       _SPIEXTA2D_TASK
  -------         PROC          SPIEXTA2D_SENDREQUEST
  -------         DO            
  X:0E1EH         SYMBOL        Message
  -------         ENDDO         
  C:7497H         LINE#         97
  C:7497H         LINE#         98
  C:7497H         LINE#         102
  C:749EH         LINE#         103
  C:74A1H         LINE#         106
  C:74A7H         LINE#         109
  C:74B6H         LINE#         110
  C:74DEH         LINE#         111
  C:74EDH         LINE#         114
  C:74F4H         LINE#         117
  C:751BH         LINE#         119
  C:751DH         LINE#         120
  -------         ENDPROC       SPIEXTA2D_SENDREQUEST
  -------         PROC          SPIEXTA2D_GETVALUES
  -------         DO            
  I:0024H         SYMBOL        InputData
  I:0026H         SYMBOL        PrevChannel
  -------         ENDDO         
  C:620AH         LINE#         122
  C:620AH         LINE#         123
  C:620AH         LINE#         128
  C:6213H         LINE#         129
  C:6216H         LINE#         132
  C:621DH         LINE#         135
  C:6239H         LINE#         136
  C:624BH         LINE#         137
  C:6274H         LINE#         140
BL51 BANKED LINKER/LOCATER V6.22                                                      04/28/2015  17:26:03  PAGE 144


  C:628CH         LINE#         143
  C:62B6H         LINE#         146
  C:62C6H         LINE#         149
  C:62C9H         LINE#         151
  C:62CEH         LINE#         152
  -------         ENDPROC       SPIEXTA2D_GETVALUES
  -------         PROC          _SPIEXTA2D_CALLBACK
  X:0E36H         SYMBOL        Status
  C:97D9H         LINE#         154
  C:97E3H         LINE#         156
  C:97EBH         LINE#         157
  C:97F3H         LINE#         159
  C:97F9H         LINE#         160
  -------         ENDPROC       _SPIEXTA2D_CALLBACK
  -------         PROC          SPIEXTA2D_GETFREEBUFFER
  C:9626H         LINE#         162
  C:9626H         LINE#         163
  C:9626H         LINE#         164
  C:9635H         LINE#         165
  C:964DH         LINE#         166
  -------         ENDPROC       SPIEXTA2D_GETFREEBUFFER
  -------         PROC          _SPIEXTA2D_GETREADING
  X:0E37H         SYMBOL        ChannelIndex
  C:9A65H         LINE#         168
  C:9A6AH         LINE#         169
  C:9A6AH         LINE#         170
  C:9A80H         LINE#         171
  -------         ENDPROC       _SPIEXTA2D_GETREADING
  -------         ENDMOD        SPIEXTA2D

  -------         MODULE        ?C?FPADD
  C:135BH         PUBLIC        ?C?FPADD
  C:1357H         PUBLIC        ?C?FPSUB
  -------         ENDMOD        ?C?FPADD

  -------         MODULE        ?C?FPMUL
  C:144CH         PUBLIC        ?C?FPMUL
  -------         ENDMOD        ?C?FPMUL

  -------         MODULE        ?C?FPDIV
  C:1555H         PUBLIC        ?C?FPDIV
  -------         ENDMOD        ?C?FPDIV

  -------         MODULE        ?C?FCAST
  C:15FCH         PUBLIC        ?C?FCASTC
  C:15F7H         PUBLIC        ?C?FCASTI
  C:15F2H         PUBLIC        ?C?FCASTL
  -------         ENDMOD        ?C?FCAST

  -------         MODULE        ?C?CASTF
  C:1630H         PUBLIC        ?C?CASTF
  -------         ENDMOD        ?C?CASTF

  -------         MODULE        POW
  X:0B3AH         PUBLIC        ?_pow?BYTE
  C:450EH         PUBLIC        _pow
  -------         ENDMOD        POW
BL51 BANKED LINKER/LOCATER V6.22                                                      04/28/2015  17:26:03  PAGE 145



  -------         MODULE        ?C?CHKFLOAT
  C:16B1H         PUBLIC        ?C?CHKFLOAT
  -------         ENDMOD        ?C?CHKFLOAT

  -------         MODULE        ?C?FPCMP
  C:16CDH         PUBLIC        ?C?FPCMP
  C:16CBH         PUBLIC        ?C?FPCMP3
  -------         ENDMOD        ?C?FPCMP

  -------         MODULE        ?C?FPNEG
  C:1744H         PUBLIC        ?C?FPNEG
  -------         ENDMOD        ?C?FPNEG

  -------         MODULE        EXP
  C:6D08H         PUBLIC        _EXP
  -------         ENDMOD        EXP

  -------         MODULE        LOG
  C:4BB1H         PUBLIC        _LOG
  C:4BADH         PUBLIC        _LOG10
  -------         ENDMOD        LOG

  -------         MODULE        ?C?COPY
  C:1872H         PUBLIC        ?C?COPY
  -------         ENDMOD        ?C?COPY

  -------         MODULE        ?C?CLDPTR
  C:1898H         PUBLIC        ?C?CLDPTR
  -------         ENDMOD        ?C?CLDPTR

  -------         MODULE        ?C?CLDOPTR
  C:18B1H         PUBLIC        ?C?CLDOPTR
  -------         ENDMOD        ?C?CLDOPTR

  -------         MODULE        ?C?CILDPTR
  C:18DEH         PUBLIC        ?C?CILDPTR
  -------         ENDMOD        ?C?CILDPTR

  -------         MODULE        ?C?CILDOPTR
  C:1900H         PUBLIC        ?C?CILDOPTR
  -------         ENDMOD        ?C?CILDOPTR

  -------         MODULE        ?C?CSTPTR
  C:1933H         PUBLIC        ?C?CSTPTR
  -------         ENDMOD        ?C?CSTPTR

  -------         MODULE        ?C?CSTOPTR
  C:1945H         PUBLIC        ?C?CSTOPTR
  -------         ENDMOD        ?C?CSTOPTR

  -------         MODULE        ?C?IMUL
  C:1967H         PUBLIC        ?C?IMUL
  -------         ENDMOD        ?C?IMUL

  -------         MODULE        ?C?UIDIV
  C:1979H         PUBLIC        ?C?UIDIV
BL51 BANKED LINKER/LOCATER V6.22                                                      04/28/2015  17:26:03  PAGE 146


  -------         ENDMOD        ?C?UIDIV

  -------         MODULE        ?C?SIDIV
  C:19CEH         PUBLIC        ?C?SIDIV
  -------         ENDMOD        ?C?SIDIV

  -------         MODULE        ?C?IILDX
  C:1A04H         PUBLIC        ?C?IILDX
  -------         ENDMOD        ?C?IILDX

  -------         MODULE        ?C?ILDIX
  C:1A1AH         PUBLIC        ?C?ILDIX
  -------         ENDMOD        ?C?ILDIX

  -------         MODULE        ?C?ILDPTR
  C:1A30H         PUBLIC        ?C?ILDPTR
  -------         ENDMOD        ?C?ILDPTR

  -------         MODULE        ?C?ILDOPTR
  C:1A5BH         PUBLIC        ?C?ILDOPTR
  -------         ENDMOD        ?C?ILDOPTR

  -------         MODULE        ?C?ISTPTR
  C:1A93H         PUBLIC        ?C?ISTPTR
  -------         ENDMOD        ?C?ISTPTR

  -------         MODULE        ?C?ISTOPTR
  C:1AB2H         PUBLIC        ?C?ISTOPTR
  -------         ENDMOD        ?C?ISTOPTR

  -------         MODULE        ?C?LMUL
  C:1ADFH         PUBLIC        ?C?LMUL
  -------         ENDMOD        ?C?LMUL

  -------         MODULE        ?C?SLDIV
  C:8C33H         PUBLIC        ?C?SLDIV
  -------         ENDMOD        ?C?SLDIV

  -------         MODULE        ?C?LNEG
  C:1B2EH         PUBLIC        ?C?LNEG
  -------         ENDMOD        ?C?LNEG

  -------         MODULE        ?C?LLDOPTR
  C:1B3CH         PUBLIC        ?C?LLDOPTR
  -------         ENDMOD        ?C?LLDOPTR

  -------         MODULE        ?C?LSTOPTR
  C:1B6CH         PUBLIC        ?C?LSTOPTR
  -------         ENDMOD        ?C?LSTOPTR

  -------         MODULE        ?C?LLDCODE
  C:1B90H         PUBLIC        ?C?LLDCODE
  -------         ENDMOD        ?C?LLDCODE

  -------         MODULE        ?C?LLDXDATA0
  C:1BA0H         PUBLIC        ?C?LLDXDATA0
  -------         ENDMOD        ?C?LLDXDATA0
BL51 BANKED LINKER/LOCATER V6.22                                                      04/28/2015  17:26:03  PAGE 147



  -------         MODULE        ?C?LLDCODE0
  C:1BACH         PUBLIC        ?C?LLDCODE0
  -------         ENDMOD        ?C?LLDCODE0

  -------         MODULE        ?C?LSTXDATA
  C:1BBCH         PUBLIC        ?C?LSTXDATA
  -------         ENDMOD        ?C?LSTXDATA

  -------         MODULE        ?C?LSTKXDATA
  C:1BC8H         PUBLIC        ?C?LSTKXDATA
  -------         ENDMOD        ?C?LSTKXDATA

  -------         MODULE        ?C?OFFXADD
  C:1BF9H         PUBLIC        ?C?OFFXADD
  -------         ENDMOD        ?C?OFFXADD

  -------         MODULE        ?C?CCASE
  C:1C05H         PUBLIC        ?C?CCASE
  -------         ENDMOD        ?C?CCASE

  -------         MODULE        ?C?ICALL
  C:1C2BH         PUBLIC        ?C?ICALL
  C:1C2FH         PUBLIC        ?C?ICALL2
  -------         ENDMOD        ?C?ICALL

  -------         MODULE        ABS
  C:9BF0H         PUBLIC        _ABS
  -------         ENDMOD        ABS

  -------         MODULE        ?C?MEMSET
  C:1C31H         PUBLIC        ?C?MEMSET
  -------         ENDMOD        ?C?MEMSET

  -------         MODULE        ?C?ULDIV
  C:1C99H         PUBLIC        ?C?ULDIV
  -------         ENDMOD        ?C?ULDIV

  -------         MODULE        ?C?LLDIDATA
  C:1D2BH         PUBLIC        ?C?LLDIDATA
  -------         ENDMOD        ?C?LLDIDATA

  -------         MODULE        ?C?LLDXDATA
  C:1D37H         PUBLIC        ?C?LLDXDATA
  -------         ENDMOD        ?C?LLDXDATA

  -------         MODULE        ?C?LLDPDATA
  C:1D43H         PUBLIC        ?C?LLDPDATA
  -------         ENDMOD        ?C?LLDPDATA

  -------         MODULE        ?C?LSTIDATA
  C:1D4FH         PUBLIC        ?C?LSTIDATA
  -------         ENDMOD        ?C?LSTIDATA

  -------         MODULE        ?C?LSTPDATA
  C:1D5BH         PUBLIC        ?C?LSTPDATA
  -------         ENDMOD        ?C?LSTPDATA
BL51 BANKED LINKER/LOCATER V6.22                                                      04/28/2015  17:26:03  PAGE 148



*** WARNING L16: UNCALLED SEGMENT, IGNORED FOR OVERLAY PROCESS
    SEGMENT: ?PR?_RINGBUFFGETELEMENTCOUNT?RINGBUFF

*** WARNING L16: UNCALLED SEGMENT, IGNORED FOR OVERLAY PROCESS
    SEGMENT: ?PR?_GETREADYMSGSNUMBER?RINGBUFF

*** WARNING L16: UNCALLED SEGMENT, IGNORED FOR OVERLAY PROCESS
    SEGMENT: ?PR?_SWAPSHORT?BYTEORDER

*** WARNING L16: UNCALLED SEGMENT, IGNORED FOR OVERLAY PROCESS
    SEGMENT: ?PR?_SWAPLONG?BYTEORDER

*** WARNING L16: UNCALLED SEGMENT, IGNORED FOR OVERLAY PROCESS
    SEGMENT: ?PR?_SWAPSHORTARRAY?BYTEORDER

*** WARNING L16: UNCALLED SEGMENT, IGNORED FOR OVERLAY PROCESS
    SEGMENT: ?PR?_SWAPLONGARRAY?BYTEORDER

*** WARNING L16: UNCALLED SEGMENT, IGNORED FOR OVERLAY PROCESS
    SEGMENT: ?PR?TIMER_1_INIT?TIMERDRV

*** WARNING L16: UNCALLED SEGMENT, IGNORED FOR OVERLAY PROCESS
    SEGMENT: ?PR?GETTIMERSTRUCTPTR?TIMERDRV

*** WARNING L16: UNCALLED SEGMENT, IGNORED FOR OVERLAY PROCESS
    SEGMENT: ?PR?_HEATERSETTEMPERATURE?HEATERCONTROL

*** WARNING L16: UNCALLED SEGMENT, IGNORED FOR OVERLAY PROCESS
    SEGMENT: ?PR?PRINTDRV_GETHEADPOSITION?PRINTDRIVER

*** WARNING L16: UNCALLED SEGMENT, IGNORED FOR OVERLAY PROCESS
    SEGMENT: ?PR?_PRINTDRV_SETRESULOTION?PRINTDRIVER

*** WARNING L16: UNCALLED SEGMENT, IGNORED FOR OVERLAY PROCESS
    SEGMENT: ?PR?PRINTDRV_GETBUMPERIMPACT?PRINTDRIVER

*** WARNING L16: UNCALLED SEGMENT, IGNORED FOR OVERLAY PROCESS
    SEGMENT: ?PR?_PRINTDRV_ISGETOPERATIONDONE?PRINTDRIVER

Program Size: data=40.5 xdata=3640 code=40027
LINK/LOCATE RUN COMPLETE.  13 WARNING(S),  0 ERROR(S)
