***** External Functions *****
1    AddFontRegistrationToLog                           isrt.obl(Misc.obs)
2    AppSearch                                          isrt.obl(Driver.obs)
3    AskYesNo                                           isrt.obl(AskYesNo.obs)
4    CCPSearch                                          isrt.obl(Driver.obs)
5    ChangeDirectory                                    isrt.obl(Files.obs)
6    CloseFile                                          isrt.obl(Files.obs)
7    CmdGetHwndDlg                                      isrt.obl(CustomDialog.obs)
8    ComponentAddFileToLog                              isrt.obl(component.obs)
9    ComponentCompareSizeRequired                       isrt.obl(component.obs)
10   ComponentGetData                                   isrt.obl(component.obs)
11   ComponentGetTotalCost                              isrt.obl(component.obs)
12   ComponentIsItemSelected                            isrt.obl(component.obs)
13   ComponentListItems                                 isrt.obl(component.obs)
14   ComponentSelectItem                                isrt.obl(component.obs)
15   ComponentTreeInit                                  isrt.obl(Dialogs.obs)
16   CopyBytes                                          isrt.obl(Str.obs)
17   CreateDir                                          isrt.obl(Files.obs)
18   CreateFile                                         isrt.obl(Files.obs)
19   CreateInstallationInfo                             isrt.obl(Registry.obs)
20   CreateRegistrySet                                  isrt.obl(Feature.obs)
21   CtrlGetNotificationCode                            isrt.obl(CustomDialog.obs)
22   CtrlGetState                                       isrt.obl(CustomDialog.obs)
23   CtrlGetSubCommand                                  isrt.obl(CustomDialog.obs)
24   CtrlGetText                                        isrt.obl(CustomDialog.obs)
25   CtrlSelectText                                     isrt.obl(CustomDialog.obs)
26   CtrlSetMLEText                                     isrt.obl(CustomDialog.obs)
27   CtrlSetState                                       isrt.obl(CustomDialog.obs)
28   CtrlSetText                                        isrt.obl(CustomDialog.obs)
29   DIFxDriverPackageUninstall                         isrt.obl(ISDIFx.obs)
30   DRMINSTALLERPRO.DRMInstallPRO                      isrt.obl(Activation.obs)
31   DRMINSTALLERPRO.DRMUnInstallPRO                    isrt.obl(Activation.obs)
32   DefineDialog                                       isrt.obl(CustomDialog.obs)
33   Delay                                              isrt.obl(Misc.obs)
34   DeleteDir                                          isrt.obl(Files.obs)
35   DeleteFile                                         isrt.obl(Files.obs)
36   DeleteFolderIcon                                   isrt.obl(Shell.obs)
37   DeleteSingleFile                                   isrt.obl(Files.obs)
38   DialogSetDefaultFont                               isrt.obl(Dialogs.obs)
39   DialogSetFont                                      isrt.obl(Dialogs.obs)
40   DialogSetInfo                                      isrt.obl(Dialogs.obs)
41   Disable                                            isrt.obl(Enable.obs)
42   DllSizeOf                                          isrt.obl(Str.obs)
43   Do                                                 isrt.obl(Misc.obs)
44   Enable                                             isrt.obl(Enable.obs)
45   EndCurrentDialog                                   isrt.obl(Dialogs.obs)
46   EndDialog                                          isrt.obl(CustomDialog.obs)
47   EnterDisk                                          isrt.obl(EnterDisk.obs)
48   EnterPassword                                      isrt.obl(EnterPasswordDlg.obs)
49   ExistsDir                                          isrt.obl(Files.obs)
50   ExistsDisk                                         isrt.obl(Files.obs)
51   ExitInstall                                        isrt.obl(Driver.obs)
52   EzDefineDialog                                     isrt.obl(CustomDialog.obs)
53   FeatureAddFileToLog                                isrt.obl(Feature.obs)
54   FeatureCompareSizeRequired                         isrt.obl(Feature.obs)
55   FeatureErrorInfo                                   isrt.obl(Feature.obs)
56   FeatureFilterLanguage                              isrt.obl(Feature.obs)
57   FeatureFilterOS                                    isrt.obl(Feature.obs)
58   FeatureGetData                                     isrt.obl(Feature.obs)
59   FeatureGetTotalCost                                isrt.obl(Feature.obs)
60   FeatureIsItemSelected                              isrt.obl(Feature.obs)
61   FeatureListItems                                   isrt.obl(Feature.obs)
62   FeaturePatch                                       isrt.obl(Feature.obs)
63   FeatureReinstall                                   isrt.obl(Feature.obs)
64   FeatureRemoveAllInLogOnly                          isrt.obl(Feature.obs)
65   FeatureRemoveAllInMedia                            isrt.obl(Feature.obs)
66   FeatureRemoveAllInMediaAndLog                      isrt.obl(Feature.obs)
67   FeatureSaveTarget                                  isrt.obl(Feature.obs)
68   FeatureSelectItem                                  isrt.obl(Feature.obs)
69   FeatureSelectNew                                   isrt.obl(Feature.obs)
70   FeatureSetupTypeSet                                isrt.obl(Feature.obs)
71   FeatureStandardSetupTypeSet                        isrt.obl(Feature.obs)
72   FeatureTransferData                                isrt.obl(Feature.obs)
73   FeatureUpdate                                      isrt.obl(Feature.obs)
74   FeatureValidate                                    isrt.obl(Feature.obs)
75   FinalConstruct                                     ifx.obl(EventsPriv.obs)
76   FinalRelease                                       ifx.obl(EventsPriv.obs)
77   FindAllDirs                                        isrt.obl(Files.obs)
78   FindFile                                           isrt.obl(Files.obs)
79   FormatMessage                                      isrt.obl(Misc.obs)
80   GDI32.AddFontResource                              ifx.obl(EventsPriv.obs)
81   GDI32.CreateRectRgn                                ifx.obl(EventsPriv.obs)
82   GDI32.GetDeviceCaps                                ifx.obl(EventsPriv.obs)
83   GDI32.RemoveFontResource                           ifx.obl(EventsPriv.obs)
84   GetAddRemove                                       isrt.obl(SysVars.obs)
85   GetBillboard                                       isrt.obl(SysVars.obs)
86   GetCurrentDialogName                               isrt.obl(Dialogs.obs)
87   GetCurrentDir                                      isrt.obl(Files.obs)
88   GetDialogTitle                                     isrt.obl(Dialogs.obs)
89   GetDir                                             isrt.obl(Str.obs)
90   GetDisk                                            isrt.obl(Str.obs)
91   GetDiskSpace                                       isrt.obl(GSI.obs)
92   GetDiskSpaceEx                                     isrt.obl(GSI.obs)
93   GetEnabledIServices                                isrt.obl(SysVars.obs)
94   GetErrorMsg                                        isrt.obl(Dialogs.obs)
95   GetErrorTitle                                      isrt.obl(Dialogs.obs)
96   GetExtents                                         isrt.obl(GSI.obs)
97   GetFolderApplications                              isrt.obl(SysVars.obs)
98   GetFolderApplications64                            isrt.obl(SysVars.obs)
99   GetFolderDesktop                                   isrt.obl(SysVars.obs)
100  GetFolderDotNet10                                  isrt.obl(SysVars.obs)
101  GetFolderDotNet11                                  isrt.obl(SysVars.obs)
102  GetFolderDotNet20                                  isrt.obl(SysVars.obs)
103  GetFolderFonts                                     isrt.obl(SysVars.obs)
104  GetFolderPrograms                                  isrt.obl(SysVars.obs)
105  GetISRes                                           isrt.obl(SysVars.obs)
106  GetInstallScriptMSI                                isrt.obl(SysVars.obs)
107  GetInstanceGUID                                    isrt.obl(SysVars.obs)
108  GetKeyPathWinCurrVerAuto                           isrt.obl(SysVars.obs)
109  GetLine                                            isrt.obl(Files.obs)
110  GetLog                                             isrt.obl(SysVars.obs)
111  GetLogEx                                           isrt.obl(SysVars.obs)
112  GetMaintOption                                     isrt.obl(SysVars.obs)
113  GetMaintenance                                     isrt.obl(SysVars.obs)
114  GetMultiInstanceCount                              isrt.obl(SysVars.obs)
115  GetOpenFileMode                                    isrt.obl(Files.obs)
116  GetPackageLocation                                 isrt.obl(SysVars.obs)
117  GetProductGUID                                     isrt.obl(SysVars.obs)
118  GetProfSectionKeyCount                             isrt.obl(Profile.obs)
119  GetProfString                                      isrt.obl(Profile.obs)
120  GetProfStringList                                  isrt.obl(Profile.obs)
121  GetProgramFiles                                    isrt.obl(SysVars.obs)
122  GetReinstallMode                                   isrt.obl(SysVars.obs)
123  GetRemoveAllMode                                   isrt.obl(SysVars.obs)
124  GetRemoveOnly                                      isrt.obl(SysVars.obs)
125  GetSelectedLanguage                                isrt.obl(SysVars.obs)
126  GetSelectedTreeComponent                           isrt.obl(CmptView.obs)
127  GetShowPasswordDialog                              isrt.obl(SysVars.obs)
128  GetSupportDir                                      isrt.obl(SysVars.obs)
129  GetSystemInfo                                      isrt.obl(GSI.obs)
130  GetTempFolder                                      isrt.obl(SysVars.obs)
131  GetTrueTypeFontFileInfo                            isrt.obl(Misc.obs)
132  GetUserSelectableAuto                              isrt.obl(SysVars.obs)
133  GetWinDir                                          isrt.obl(SysVars.obs)
134  GetWinSysDir                                       isrt.obl(SysVars.obs)
135  GetWindowHandle                                    isrt.obl(Misc.obs)
136  HIBYTE                                             isrt.obl(Misc.obs)
137  HIWORD                                             isrt.obl(Misc.obs)
138  ISDeterminePlatform                                isrt.obl(OsInfo.obs)
139  ISMIF32.InstallStatusMIF                           isrt.obl(MIF.obs)
140  ISRT.ComponentViewSetInfoEx                        isrt.obl(Dialogs.obs)
141  ISRT.DeleteIcon                                    isrt.obl(Shell.obs)
142  ISRT.EnableHourGlass                               isrt.obl(Enable.obs)
143  ISRT.GetCPUType                                    isrt.obl(GSI.obs)
144  ISRT.GetFontSub                                    isrt.obl(Dialogs.obs)
145  ISRT.GetHandle                                     Setup.obs
146  ISRT.GetPorts                                      isrt.obl(GSI.obs)
147  ISRT.IsEmpty                                       Setup.obs
148  ISRT.IsNTAdmin                                     isrt.obl(Is.obs)
149  ISRT.IsObject                                      Setup.obs
150  ISRT.IsPowerUser                                   isrt.obl(Is.obs)
151  ISRT.LangLoadString                                isrt.obl(SDINT.obs)
152  ISRT.MessageBeepP                                  Setup.obs
153  ISRT.PathCompactPathPixel                          isrt.obl(CustomDialog.obs)
154  ISRT.PathGetDir                                    isrt.obl(Str.obs)
155  ISRT.PathGetDrive                                  isrt.obl(Str.obs)
156  ISRT.PathGetFile                                   isrt.obl(Files.obs)
157  ISRT.PathGetFileExt                                isrt.obl(Str.obs)
158  ISRT.PathGetFileName                               isrt.obl(Str.obs)
159  ISRT.PathGetLongFromShort                          isrt.obl(Str.obs)
160  ISRT.PathGetPath                                   isrt.obl(Str.obs)
161  ISRT.PathIsValidSyntax                             isrt.obl(Is.obs)
162  ISRT.VerGetFileVersion                             Setup.obs
163  ISRT._AppSearch                                    Setup.obs
164  ISRT._BrowseForFolder                              isrt.obl(SelectDir.obs)
165  ISRT._CCPSearch                                    Setup.obs
166  ISRT._CleanupInet                                  isrt.obl(MIO.obs)
167  ISRT._CloseFile                                    isrt.obl(Files.obs)
168  ISRT._CmdGetHwndDlg                                isrt.obl(CustomDialog.obs)
169  ISRT._CompareDWORD                                 isrt.obl(Extend.obs)
170  ISRT._ComponentCompareSizeRequired                 isrt.obl(Feature.obs)
171  ISRT._ComponentErrorInfo                           isrt.obl(Feature.obs)
172  ISRT._ComponentFilterLanguage                      isrt.obl(Feature.obs)
173  ISRT._ComponentFilterOS                            isrt.obl(Feature.obs)
174  ISRT._ComponentGetData                             isrt.obl(Feature.obs)
175  ISRT._ComponentGetTotalCost                        isrt.obl(Feature.obs)
176  ISRT._ComponentGetTotalCostEx                      isrt.obl(SdComponentTreeDlg.obs)
177  ISRT._ComponentIsItemSelected                      isrt.obl(Feature.obs)
178  ISRT._ComponentListItems                           isrt.obl(Feature.obs)
179  ISRT._ComponentPatch                               isrt.obl(Feature.obs)
180  ISRT._ComponentReinstall                           isrt.obl(Feature.obs)
181  ISRT._ComponentRemoveAll                           isrt.obl(Feature.obs)
182  ISRT._ComponentRemoveAllInLogOnly                  isrt.obl(Feature.obs)
183  ISRT._ComponentSaveTarget                          isrt.obl(Feature.obs)
184  ISRT._ComponentSelectItem                          isrt.obl(Feature.obs)
185  ISRT._ComponentSelectNew                           isrt.obl(Feature.obs)
186  ISRT._ComponentSetupTypeSet                        isrt.obl(Feature.obs)
187  ISRT._ComponentTransferData                        isrt.obl(Feature.obs)
188  ISRT._ComponentUpdate                              isrt.obl(Feature.obs)
189  ISRT._ComponentValidate                            isrt.obl(Feature.obs)
190  ISRT._CopyBytes                                    isrt.obl(Str.obs)
191  ISRT._CreateDir                                    isrt.obl(Files.obs)
192  ISRT._CreateRegistrySet                            isrt.obl(Feature.obs)
193  ISRT._CtrlGetNotificationCode                      isrt.obl(CustomDialog.obs)
194  ISRT._CtrlGetSubCommand                            isrt.obl(CustomDialog.obs)
195  ISRT._CtrlSetMLERichText                           isrt.obl(CustomDialog.obs)
196  ISRT._DIFxDriverPackageUninstall                   isrt.obl(ISDIFx.obs)
197  ISRT._DefineDialog                                 isrt.obl(CustomDialog.obs)
198  ISRT._DialogSetFont                                isrt.obl(Dialogs.obs)
199  ISRT._DisableStatus                                isrt.obl(Enable.obs)
200  ISRT._DoSprintf                                    isrt.obl(MsgBox.obs)
201  ISRT._EnableDialogCache                            isrt.obl(Enable.obs)
202  ISRT._EnablePrevDialog                             isrt.obl(AskDestPathDlg.obs)
203  ISRT._EnableSkins                                  isrt.obl(Enable.obs)
204  ISRT._EnableStatus                                 isrt.obl(Enable.obs)
205  ISRT._EnableWow64FsRedirection                     isrt.obl(Enable.obs)
206  ISRT._EndDialog                                    isrt.obl(CustomDialog.obs)
207  ISRT._ExistsDir                                    isrt.obl(Files.obs)
208  ISRT._ExistsDisk                                   isrt.obl(Files.obs)
209  ISRT._ExistsFile                                   isrt.obl(Files.obs)
210  ISRT._ExitInstall                                  Setup.obs
211  ISRT._FileCopy                                     isrt.obl(Files.obs)
212  ISRT._GetCurrentDialogName                         isrt.obl(Dialogs.obs)
213  ISRT._GetDiskSpaceEx                               isrt.obl(GSI.obs)
214  ISRT._GetDiskSpaceExEx                             isrt.obl(SdComponentTreeDlg.obs)
215  ISRT._GetGlobalMemorySize                          isrt.obl(GSI.obs)
216  ISRT._GetLine                                      isrt.obl(Files.obs)
217  ISRT._GetLineSize                                  isrt.obl(Files.obs)
218  ISRT._GetProcessorInfo                             isrt.obl(OsInfo.obs)
219  ISRT._GetRunningChildProcess                       isrt.obl(Extend.obs)
220  ISRT._GetSelectedTreeComponent                     isrt.obl(CmptView.obs)
221  ISRT._GetSupportDir                                isrt.obl(SysVars.obs)
222  ISRT._GetTrueTypeFontFileInfo                      isrt.obl(Misc.obs)
223  ISRT._InetEndofTransfer                            isrt.obl(iftw.obs)
224  ISRT._InetGetNextDisk                              isrt.obl(iftw.obs)
225  ISRT._InitInstall                                  Setup.obs
226  ISRT._IsFontTypefaceNameAvailable                  isrt.obl(Is.obs)
227  ISRT._IsInAdminGroup                               isrt.obl(Is.obs)
228  ISRT._IsSkinLoaded                                 isrt.obl(Is.obs)
229  ISRT._IsWindowsME                                  isrt.obl(GSI.obs)
230  ISRT._IsWow64                                      isrt.obl(OsInfo.obs)
231  ISRT._ListAddItem                                  isrt.obl(scrlist.obs)
232  ISRT._ListAddString                                isrt.obl(scrlist.obs)
233  ISRT._ListCount                                    isrt.obl(scrlist.obs)
234  ISRT._ListCreate                                   isrt.obl(scrlist.obs)
235  ISRT._ListCurrentString                            isrt.obl(scrlist.obs)
236  ISRT._ListDeleteItem                               isrt.obl(scrlist.obs)
237  ISRT._ListDeleteString                             isrt.obl(scrlist.obs)
238  ISRT._ListDestroy                                  isrt.obl(scrlist.obs)
239  ISRT._ListFindString                               isrt.obl(scrlist.obs)
240  ISRT._ListGetFirstItem                             isrt.obl(scrlist.obs)
241  ISRT._ListGetFirstString                           isrt.obl(scrlist.obs)
242  ISRT._ListGetNextItem                              isrt.obl(scrlist.obs)
243  ISRT._ListGetNextString                            isrt.obl(scrlist.obs)
244  ISRT._ListGetType                                  isrt.obl(scrlist.obs)
245  ISRT._ListReadFromFile                             isrt.obl(scrlist.obs)
246  ISRT._ListSetIndex                                 isrt.obl(scrlist.obs)
247  ISRT._MediaGetInfo                                 isrt.obl(Feature.obs)
248  ISRT._OnUninstPriv                                 Setup.obs
249  ISRT._OpenFile                                     isrt.obl(Files.obs)
250  ISRT._Preprogram                                   Setup.obs
251  ISRT._PrintFile                                    isrt.obl(Files.obs)
252  ISRT._Rebooted                                     Setup.obs
253  ISRT._RegCreateKey                                 isrt.obl(Registry.obs)
254  ISRT._RegDeleteValue                               isrt.obl(Registry.obs)
255  ISRT._RegEnableTextSubs                            isrt.obl(Enable.obs)
256  ISRT._RegEnum                                      isrt.obl(Registry.obs)
257  ISRT._RegGetOptions                                isrt.obl(SysVars.obs)
258  ISRT._RegIsRemoteRegConnected                      isrt.obl(Is.obs)
259  ISRT._RegQueryKeyBinaryValue                       isrt.obl(Registry.obs)
260  ISRT._RegQueryKeyValue                             isrt.obl(Registry.obs)
261  ISRT._RegSetKeyBinaryValue                         isrt.obl(Registry.obs)
262  ISRT._RegSetKeyValue                               isrt.obl(Registry.obs)
263  ISRT._RegSetOptions                                isrt.obl(SysVars.obs)
264  ISRT._ReleaseDialog                                isrt.obl(CustomDialog.obs)
265  ISRT._SdShowMsg                                    isrt.obl(SDSMSG.obs)
266  ISRT._SetAltMainImage                              isrt.obl(Dialogs.obs)
267  ISRT._SetDisplayEffect                             isrt.obl(ui.obs)
268  ISRT._SetPaletteFile                               isrt.obl(MIO.obs)
269  ISRT._SetSilentSdShowMsg                           isrt.obl(Enable.obs)
270  ISRT._SetTitle                                     isrt.obl(ui.obs)
271  ISRT._SetupInet                                    isrt.obl(MIO.obs)
272  ISRT._SetupTraceWrite                              isrt.obl(Misc.obs)
273  ISRT._ShowObjWizardPages                           isrt.obl(Objects.obs)
274  ISRT._ShowWizardPages                              Setup.obs
275  ISRT._StatusUpdate                                 isrt.obl(ui.obs)
276  ISRT._TreeViewCreate                               isrt.obl(CmptView.obs)
277  ISRT._WaitOnDialog                                 isrt.obl(CustomDialog.obs)
278  ISRT._WriteLine                                    isrt.obl(Files.obs)
279  ISRT.__CreateObjectContext                         isrt.obl(ISRTInit.obs)
280  ISRT.__GetCmdLineOptions                           isrt.obl(ISRTInit.obs)
281  ISRT.__GetContextGUID                              isrt.obl(ISRTInit.obs)
282  ISRT.__GetEnabledIServices                         isrt.obl(SysVars.obs)
283  ISRT.__GetFileRegistrar                            isrt.obl(ISRTInit.obs)
284  ISRT.__GetInfo                                     isrt.obl(ISRTInit.obs)
285  ISRT.__GetInstallGuid                              isrt.obl(SysVars.obs)
286  ISRT.__GetLog                                      isrt.obl(SysVars.obs)
287  ISRT.__GetLogDB                                    isrt.obl(ISRTInit.obs)
288  ISRT.__GetLogEx                                    isrt.obl(SysVars.obs)
289  ISRT.__GetMainWindow                               Setup.obs
290  ISRT.__GetMaintOption                              isrt.obl(SysVars.obs)
291  ISRT.__GetMaintenanceMode                          isrt.obl(SysVars.obs)
292  ISRT.__GetObjects                                  isrt.obl(ISRTInit.obs)
293  ISRT.__GetProductGuid                              isrt.obl(SysVars.obs)
294  ISRT.__GetProgress                                 Setup.obs
295  ISRT.__GetReboot                                   isrt.obl(ISRTInit.obs)
296  ISRT.__GetReinstallMode                            isrt.obl(SysVars.obs)
297  ISRT.__GetRemoveAllMode                            isrt.obl(SysVars.obs)
298  ISRT.__GetTextSub                                  isrt.obl(ISRTInit.obs)
299  ISRT.__GetUpdateMode                               isrt.obl(SysVars.obs)
300  ISRT.__GetUser                                     isrt.obl(MIO.obs)
301  ISRT.__ISRTGetPropertyBag                          ifx.obl(PersistPropertyBag.obs)
302  ISRT.__ISRTReleasePropertyBag                      ifx.obl(PersistPropertyBag.obs)
303  ISRT.__LoadString                                  isrt.obl(LoadStr.obs)
304  ISRT.__PutEnabledIServices                         isrt.obl(Enable.obs)
305  ISRT.__ReleaseObjectContext                        isrt.obl(ISRTInit.obs)
306  ISRT.__RestoreMainLog                              isrt.obl(ISRTInit.obs)
307  ISRT.__RestoreMainLogEx                            isrt.obl(ISRTInit.obs)
308  ISRT.__SetComponentLog                             isrt.obl(ISRTInit.obs)
309  ISRT.__SetUpdateMode                               isrt.obl(SysVars.obs)
310  ISRTHandleScriptException                          isrt.obl(Misc.obs)
311  ISRTOnUninstPriv                                   isrt.obl(Driver.obs)
312  ISRTPreprogram                                     isrt.obl(Driver.obs)
313  IfxFilterComponents                                ifx.obl(EventsSetupPriv.obs)
314  IfxFinalConstruct                                  ifx.obl(EventsSetupPriv.obs)
315  IfxFinalRelease                                    ifx.obl(EventsSetupPriv.obs)
316  IfxInitProperties                                  ifx.obl(PersistPropertyBag.obs)
317  IfxOnAbortInstall                                  ifx.obl(EventsPriv.obs)
318  IfxOnAppSearch                                     ifx.obl(EventsPriv.obs)
319  IfxOnCCPSearch                                     ifx.obl(EventsPriv.obs)
320  IfxOnCanceling                                     ifx.obl(EventsPriv.obs)
321  IfxOnDisk1Installed                                ifx.obl(EventsSetupPriv.obs)
322  IfxOnDisk1Installing                               ifx.obl(EventsSetupPriv.obs)
323  IfxOnExitInstall                                   ifx.obl(EventsSetupPriv.obs)
324  IfxOnFileError                                     ifx.obl(EventsSetupPriv.obs)
325  IfxOnFileLocked                                    ifx.obl(EventsSetupPriv.obs)
326  IfxOnFileReadOnly                                  ifx.obl(EventsSetupPriv.obs)
327  IfxOnGeneralScriptOp                               ifx.obl(EventsPriv.obs)
328  IfxOnHelp                                          ifx.obl(EventsPriv.obs)
329  IfxOnInitInstall                                   ifx.obl(EventsSetupPriv.obs)
330  IfxOnInternetError                                 ifx.obl(EventsSetupPriv.obs)
331  IfxOnMD5Error                                      ifx.obl(EventsSetupPriv.obs)
332  IfxOnNextDisk                                      ifx.obl(EventsSetupPriv.obs)
333  IfxOnRebooted                                      ifx.obl(EventsPriv.obs)
334  IfxOnRemovingSharedFile                            ifx.obl(EventsSetupPriv.obs)
335  IfxOnShowWizardPages                               ifx.obl(EventsSetupPriv.obs)
336  IfxOnTransferred                                   ifx.obl(EventsPriv.obs)
337  IfxOnTransferring                                  ifx.obl(EventsSetupPriv.obs)
338  IfxOnUnhandledException                            ifx.obl(EventsPriv.obs)
339  IfxOnUninst                                        ifx.obl(EventsSetupPriv.obs)
340  IfxOnUninstPriv                                    ifx.obl(EventsSetupPriv.obs)
341  IfxPostprogram                                     ifx.obl(EventsSetupPriv.obs)
342  IfxPreprogram                                      ifx.obl(EventsSetupPriv.obs)
343  IfxReadProperties                                  ifx.obl(PersistPropertyBag.obs)
344  IfxRunAfterReboot                                  ifx.obl(EventsSetupPriv.obs)
345  IfxWriteProperties                                 ifx.obl(PersistPropertyBag.obs)
346  InetEndofTransfer                                  isrt.obl(iftw.obs)
347  InetNextDisk                                       isrt.obl(iftw.obs)
348  InitInstall                                        isrt.obl(Driver.obs)
349  InitProperties                                     ifx.obl(PersistPropertyBag.obs)
350  Is                                                 isrt.obl(Is.obs)
351  IsInetInstall                                      isrt.obl(iftw.obs)
352  KERNEL.CloseHandle                                 Setup.obs
353  KERNEL.CreateToolhelp32Snapshot                    Setup.obs
354  KERNEL.GetModuleHandle                             Setup.obs
355  KERNEL.Process32First                              Setup.obs
356  KERNEL.Process32Next                               Setup.obs
357  KERNEL32.CloseHandle                               ifx.obl(EventsPriv.obs)
358  KERNEL32.CreateFileA                               ifx.obl(EventsPriv.obs)
359  KERNEL32.CreateProcess                             ifx.obl(EventsPriv.obs)
360  KERNEL32.DeleteFileA                               ifx.obl(EventsPriv.obs)
361  KERNEL32.FindClose                                 ifx.obl(EventsPriv.obs)
362  KERNEL32.FindFirstFileA                            ifx.obl(EventsPriv.obs)
363  KERNEL32.FindNextFileA                             ifx.obl(EventsPriv.obs)
364  KERNEL32.FormatMessageA                            ifx.obl(EventsPriv.obs)
365  KERNEL32.FreeLibrary                               ifx.obl(EventsPriv.obs)
366  KERNEL32.GetCurrentDirectoryA                      ifx.obl(EventsPriv.obs)
367  KERNEL32.GetDriveType                              ifx.obl(EventsPriv.obs)
368  KERNEL32.GetExitCodeProcess                        ifx.obl(EventsPriv.obs)
369  KERNEL32.GetFileAttributesA                        ifx.obl(EventsPriv.obs)
370  KERNEL32.GetLocalTime                              ifx.obl(EventsPriv.obs)
371  KERNEL32.GetLocaleInfo                             ifx.obl(EventsPriv.obs)
372  KERNEL32.GetPrivateProfileSectionA                 ifx.obl(EventsPriv.obs)
373  KERNEL32.GetPrivateProfileString                   ifx.obl(EventsPriv.obs)
374  KERNEL32.GetPrivateProfileStringA                  ifx.obl(EventsPriv.obs)
375  KERNEL32.GetProcAddress                            ifx.obl(EventsPriv.obs)
376  KERNEL32.GetProcessId                              ifx.obl(EventsPriv.obs)
377  KERNEL32.GetProfileStringA                         ifx.obl(EventsPriv.obs)
378  KERNEL32.GetSystemDefaultLCID                      ifx.obl(EventsPriv.obs)
379  KERNEL32.GetSystemDefaultLangID                    ifx.obl(EventsPriv.obs)
380  KERNEL32.GetSystemDefaultUILanguage                ifx.obl(EventsPriv.obs)
381  KERNEL32.GetTickCount                              ifx.obl(EventsPriv.obs)
382  KERNEL32.GetUserDefaultLangID                      ifx.obl(EventsPriv.obs)
383  KERNEL32.GetVersion                                ifx.obl(EventsPriv.obs)
384  KERNEL32.GetVersionEx                              ifx.obl(EventsPriv.obs)
385  KERNEL32.GetVersionExA                             Setup.obs
386  KERNEL32.GetVolumeInformation                      ifx.obl(EventsPriv.obs)
387  KERNEL32.GetWindowsDirectory                       ifx.obl(EventsPriv.obs)
388  KERNEL32.LoadLibraryA                              ifx.obl(EventsPriv.obs)
389  KERNEL32.RemoveDirectoryA                          ifx.obl(EventsPriv.obs)
390  KERNEL32.SetCurrentDirectoryA                      ifx.obl(EventsPriv.obs)
391  KERNEL32.SetFileAttributesA                        ifx.obl(EventsPriv.obs)
392  KERNEL32.Sleep                                     ifx.obl(EventsPriv.obs)
393  KERNEL32.WritePrivateProfileString                 ifx.obl(EventsPriv.obs)
394  KERNEL32.WritePrivateProfileStringA                ifx.obl(EventsPriv.obs)
395  KERNEL32.WriteProfileStringA                       ifx.obl(EventsPriv.obs)
396  KERNEL32.lstrlen                                   ifx.obl(EventsPriv.obs)
397  LOBYTE                                             isrt.obl(Misc.obs)
398  LOWORD                                             isrt.obl(Misc.obs)
399  LaunchAppAndWait                                   isrt.obl(Extend.obs)
400  LaunchAppAndWaitInitStartupInfo                    isrt.obl(Extend.obs)
401  LaunchApplication                                  isrt.obl(Extend.obs)
402  LaunchApplicationInit                              isrt.obl(Extend.obs)
403  ListAddItem                                        isrt.obl(scrlist.obs)
404  ListAddString                                      isrt.obl(scrlist.obs)
405  ListCount                                          isrt.obl(scrlist.obs)
406  ListCreate                                         isrt.obl(scrlist.obs)
407  ListCurrentString                                  isrt.obl(scrlist.obs)
408  ListDeleteItem                                     isrt.obl(scrlist.obs)
409  ListDeleteString                                   isrt.obl(scrlist.obs)
410  ListDestroy                                        isrt.obl(scrlist.obs)
411  ListFindString                                     isrt.obl(scrlist.obs)
412  ListGetFirstItem                                   isrt.obl(scrlist.obs)
413  ListGetFirstString                                 isrt.obl(scrlist.obs)
414  ListGetNextItem                                    isrt.obl(scrlist.obs)
415  ListGetNextString                                  isrt.obl(scrlist.obs)
416  ListGetType                                        isrt.obl(scrlist.obs)
417  ListReadFromFile                                   isrt.obl(scrlist.obs)
418  ListSetIndex                                       isrt.obl(scrlist.obs)
419  ListValid                                          isrt.obl(scrlist.obs)
420  ListValidType                                      isrt.obl(scrlist.obs)
421  LoadStringFromStringTable                          isrt.obl(Str.obs)
422  LogReadCustomString                                isrt.obl(Misc.obs)
423  LogReadCustomVariant                               isrt.obl(Misc.obs)
424  LogWriteCustomString                               isrt.obl(Misc.obs)
425  LogWriteCustomVariant                              isrt.obl(Misc.obs)
426  LongPathFromShortPath                              isrt.obl(Str.obs)
427  LongPathToQuote                                    isrt.obl(Str.obs)
428  MAKELONG                                           isrt.obl(Misc.obs)
429  MIFCreateMIFFile                                   isrt.obl(MIF.obs)
430  MIFDeleteMIFFile                                   isrt.obl(MIF.obs)
431  MIFInitialize                                      isrt.obl(MIF.obs)
432  MIFSetInformation                                  isrt.obl(MIF.obs)
433  MIFUnInitialize                                    isrt.obl(MIF.obs)
434  MIFWasSetInformationCalled                         isrt.obl(MIF.obs)
435  MIOShutdown                                        isrt.obl(MIO.obs)
436  MIOStartup                                         isrt.obl(MIO.obs)
437  MaintenanceStart                                   isrt.obl(Registry.obs)
438  MediaGetData                                       isrt.obl(Feature.obs)
439  MediaGetDataEx                                     isrt.obl(Feature.obs)
440  MessageBeep                                        isrt.obl(Misc.obs)
441  MessageBox                                         isrt.obl(MsgBox.obs)
442  MessageBoxEx                                       isrt.obl(MsgBox.obs)
443  OnAbort                                            ifx.obl(EventsSetup.obs)
444  OnAppSearch                                        Setup.obs
445  OnBegin                                            ifx.obl(EventsSetup.obs)
446  OnCCPSearch                                        ifx.obl(EventsSetup.obs)
447  OnCanceling                                        Setup.obs
448  OnCheckMediaPassword                               ifx.obl(EventsSetup.obs)
449  OnComponentError                                   ifx.obl(EventsSetup.obs)
450  OnCustomizeUninstInfo                              ifx.obl(EventsSetup.obs)
451  OnDIFxLogCallback                                  ifx.obl(EventsSetup.obs)
452  OnDIFxLogCallbackImpl                              isrt.obl(ISDIFx.obs)
453  OnEnd                                              Setup.obs
454  OnFileError                                        ifx.obl(EventsSetup.obs)
455  OnFileLocked                                       ifx.obl(EventsSetup.obs)
456  OnFileReadOnly                                     ifx.obl(EventsSetup.obs)
457  OnFilterComponents                                 ifx.obl(EventsSetup.obs)
458  OnFirstUIAfter                                     Setup.obs
459  OnFirstUIBefore                                    Setup.obs
460  OnHelp                                             ifx.obl(EventsSetup.obs)
461  OnIISAppPoolUninstalling                           ifx.obl(EventsPriv.obs)
462  OnIISCheckRequirements                             ifx.obl(EventsPriv.obs)
463  OnIISComponentInstalled                            ifx.obl(EventsPriv.obs)
464  OnIISInitialize                                    ifx.obl(EventsPriv.obs)
465  OnIISUninitialize                                  ifx.obl(EventsPriv.obs)
466  OnIISVRootUninstalling                             ifx.obl(EventsPriv.obs)
467  OnIISWebServiceExtensionUninstalling               ifx.obl(EventsPriv.obs)
468  OnInstallDRMService                                isrt.obl(Activation.obs)
469  OnInstalledFile                                    ifx.obl(EventsSetup.obs)
470  OnInstalledFontFile                                ifx.obl(EventsSetup.obs)
471  OnInstallingFile                                   ifx.obl(EventsSetup.obs)
472  OnInternetError                                    ifx.obl(EventsSetup.obs)
473  OnLaunchAppAndWaitCallback                         ifx.obl(EventsSetup.obs)
474  OnMD5Error                                         Setup.obs
475  OnMaintUIAfter                                     Setup.obs
476  OnMaintUIBefore                                    Setup.obs
477  OnMoveData                                         Setup.obs
478  OnMoved                                            ifx.obl(EventsSetup.obs)
479  OnMoving                                           Setup.obs
480  OnNetApiCreateUserAccount                          ifx.obl(EventsSetup.obs)
481  OnNetApiCreateUserAccountInternal                  isrt.obl(NetApiRT.obs)
482  OnNextDisk                                         ifx.obl(EventsSetup.obs)
483  OnRebooted                                         ifx.obl(EventsSetup.obs)
484  OnRemovingSharedFile                               ifx.obl(EventsSetup.obs)
485  OnSQLBatchScripts                                  ifx.obl(EventsPriv.obs)
486  OnSQLComponentInstalled                            ifx.obl(EventsPriv.obs)
487  OnSQLComponentUninstalled                          ifx.obl(EventsPriv.obs)
488  OnSQLServerInitialize                              ifx.obl(EventsPriv.obs)
489  OnSQLServerInitializeMaint                         ifx.obl(EventsPriv.obs)
490  OnSelfRegistrationError                            ifx.obl(EventsSetup.obs)
491  OnSetTARGETDIR                                     ifx.obl(EventsSetup.obs)
492  OnSetUpdateMode                                    Setup.obs
493  OnShowUI                                           ifx.obl(EventsSetup.obs)
494  OnUnInstallDRMService                              isrt.obl(Activation.obs)
495  OnUnhandledException                               ifx.obl(EventsPriv.obs)
496  OnUninstall                                        ifx.obl(EventsSetup.obs)
497  OnUninstalledFile                                  ifx.obl(EventsSetup.obs)
498  OnUninstallingDIFxDriverFile                       ifx.obl(EventsSetup.obs)
499  OnUninstallingFile                                 ifx.obl(EventsSetup.obs)
500  OnUninstallingFontFile                             ifx.obl(EventsSetup.obs)
501  OnUpdateUIAfter                                    Setup.obs
502  OnUpdateUIBefore                                   Setup.obs
503  OnXMLComponentInstalled                            ifx.obl(EventsPriv.obs)
504  OnXMLComponentUninstalling                         ifx.obl(EventsPriv.obs)
505  OnXMLInitialize                                    ifx.obl(EventsPriv.obs)
506  OnXMLUninitialize                                  ifx.obl(EventsPriv.obs)
507  OpenFile                                           isrt.obl(Files.obs)
508  OpenFileMode                                       isrt.obl(Files.obs)
509  PCRestoreInit                                      isrt.obl(PCRestore.obs)
510  PCRestoreOnAbort                                   isrt.obl(PCRestore.obs)
511  PCRestoreOnBegin                                   isrt.obl(PCRestore.obs)
512  PCRestoreOnExit                                    isrt.obl(PCRestore.obs)
513  ParsePath                                          isrt.obl(Str.obs)
514  Postprogram                                        ifx.obl(EventsSetupPriv.obs)
515  Preprogram                                         ifx.obl(EventsSetupPriv.obs)
516  PrintFile                                          isrt.obl(Files.obs)
517  ProgGetGroupType                                   isrt.obl(Shell.obs)
518  PthFixPath                                         isrt.obl(Pth.obs)
519  PthIsAbsPath                                       isrt.obl(Pth.obs)
520  PthIsRoot                                          isrt.obl(Pth.obs)
521  ReadProperties                                     ifx.obl(PersistPropertyBag.obs)
522  Rebooted                                           isrt.obl(Driver.obs)
523  RegDBDeleteItem                                    isrt.obl(Registry.obs)
524  RegDBDeleteValue                                   isrt.obl(Registry.obs)
525  RegDBDeleteValueEx                                 isrt.obl(Registry.obs)
526  RegDBDeleteValueEx32                               isrt.obl(Registry.obs)
527  RegDBGetDefaultRoot                                isrt.obl(SysVars.obs)
528  RegDBGetItem                                       isrt.obl(Registry.obs)
529  RegDBGetKeyValueEx                                 isrt.obl(Registry.obs)
530  RegDBQueryKey                                      isrt.obl(Registry.obs)
531  RegDBQueryKeyCount                                 isrt.obl(Registry.obs)
532  RegDBQueryStringMultiStringCount                   isrt.obl(Registry.obs)
533  RegDBQueryValue                                    isrt.obl(Registry.obs)
534  RegDBQueryValue32                                  isrt.obl(Registry.obs)
535  RegDBSetDefaultRoot                                isrt.obl(SysVars.obs)
536  RegDBSetItem                                       isrt.obl(Registry.obs)
537  RegDBSetKeyValueEx                                 isrt.obl(Registry.obs)
538  RegDBSetValue                                      isrt.obl(Registry.obs)
539  RegDBSetValue32                                    isrt.obl(Registry.obs)
540  RegDBSetVersion                                    isrt.obl(Registry.obs)
541  RegisterFontResource                               isrt.obl(Misc.obs)
542  ReleaseDialog                                      isrt.obl(CustomDialog.obs)
543  SdAskDestPath2                                     isrt.obl(SdAskDestPath2Dlg.obs)
544  SdCloseDlg                                         isrt.obl(SDINT.obs)
545  SdComponentDlgCheckSpace                           isrt.obl(SDINT.obs)
546  SdDlgToTop                                         isrt.obl(SDINT.obs)
547  SdDoStdButton                                      isrt.obl(SDINT.obs)
548  SdEnablement                                       isrt.obl(SDINT.obs)
549  SdError                                            isrt.obl(SDINT.obs)
550  SdExceptionsInit                                   isrt.obl(SdExceptions.obs)
551  SdFeatureTree                                      isrt.obl(SdComponentTreeDlg.obs)
552  SdFinish                                           isrt.obl(SdFinishDlg.obs)
553  SdFinishReboot                                     isrt.obl(SdFinishRebootDlg.obs)
554  SdGeneralInit                                      isrt.obl(SDINT.obs)
555  SdInit                                             isrt.obl(SDINT.obs)
556  SdIsStdButton                                      isrt.obl(SDINT.obs)
557  SdLicense2Rtf                                      isrt.obl(SdLicense2Dlg.obs)
558  SdLoadString                                       isrt.obl(SDINT.obs)
559  SdMakeName                                         isrt.obl(SDINT.obs)
560  SdOptionsButtons                                   isrt.obl(SdOptionsButtonsDlg.obs)
561  SdPlugInProductName                                isrt.obl(SDINT.obs)
562  SdProductName                                      isrt.obl(SDPRODCT.obs)
563  SdRegisterUser                                     isrt.obl(SdRegisterUserDlg.obs)
564  SdSetDlgTitle                                      isrt.obl(SDINT.obs)
565  SdSetStatic                                        isrt.obl(SDINT.obs)
566  SdShowInfoList                                     isrt.obl(SdShowInfoListDlg.obs)
567  SdShowMsg                                          isrt.obl(SDSMSG.obs)
568  SdStartCopy2                                       isrt.obl(SdStartCopy2Dlg.obs)
569  SdSubstituteProductInfo                            isrt.obl(SDINT.obs)
570  SdUnInit                                           isrt.obl(SDINT.obs)
571  SdWelcome                                          isrt.obl(SdWelcomeDlg.obs)
572  SelectDir                                          isrt.obl(SelectDir.obs)
573  SelectDirNoLog                                     isrt.obl(SelectDir.obs)
574  SendMessage                                        isrt.obl(Misc.obs)
575  ServiceInitParams                                  isrt.obl(Service.obs)
576  SetCmdLine                                         isrt.obl(SysVars.obs)
577  SetDialogTitle                                     isrt.obl(Dialogs.obs)
578  SetDisplayEffect                                   isrt.obl(ui.obs)
579  SetExtendedErrInfo                                 isrt.obl(IsUtil.obs)
580  SetStatus                                          ifx.obl(EventsSetupPriv.obs)
581  SetStatusEx                                        ifx.obl(EventsSetupPriv.obs)
582  SetStatusExStaticText                              isrt.obl(ui.obs)
583  SetStatusWindow                                    isrt.obl(ui.obs)
584  SetTitle                                           isrt.obl(ui.obs)
585  SetupTraceWrite                                    isrt.obl(Misc.obs)
586  SetupType2                                         isrt.obl(SetupType2Dlg.obs)
587  Shell32.ShellExecuteEx                             ifx.obl(EventsPriv.obs)
588  ShowObjWizardPages                                 isrt.obl(Objects.obs)
589  ShowWizardPages                                    isrt.obl(Driver.obs)
590  SilentCreateFile                                   isrt.obl(Silent.obs)
591  SilentDoGeneralInfo                                isrt.obl(Silent.obs)
592  SilentFailed                                       isrt.obl(Silent.obs)
593  SilentFinish                                       isrt.obl(Silent.obs)
594  SilentInit                                         isrt.obl(Silent.obs)
595  SilentLogWriteData                                 isrt.obl(Silent.obs)
596  SilentReadData                                     isrt.obl(Silent.obs)
597  SilentSetInfo                                      isrt.obl(Silent.obs)
598  SilentSetMode                                      isrt.obl(Silent.obs)
599  SilentWriteData                                    isrt.obl(Silent.obs)
600  Sprintf                                            isrt.obl(Str.obs)
601  SprintfBox                                         isrt.obl(MsgBox.obs)
602  StatusUpdate                                       isrt.obl(ui.obs)
603  StrAddLastSlash                                    isrt.obl(Str.obs)
604  StrFindEx                                          isrt.obl(Str.obs)
605  StrGetTokens                                       isrt.obl(Str.obs)
606  StrLength                                          isrt.obl(Str.obs)
607  StrRemoveLastSlash                                 isrt.obl(Str.obs)
608  StrRemoveSpaces                                    isrt.obl(Str.obs)
609  StrReplace                                         isrt.obl(Str.obs)
610  StrToNumHex                                        isrt.obl(Str.obs)
611  StrToUpper                                         isrt.obl(Str.obs)
612  SysVarsInit                                        isrt.obl(SysVars.obs)
613  SysVarsTrace                                       isrt.obl(SysVars.obs)
614  SysVarsUnInit                                      isrt.obl(SysVars.obs)
615  System                                             isrt.obl(Misc.obs)
616  TextSubGetValue                                    isrt.obl(TextSub.obs)
617  TextSubParseTextSub                                isrt.obl(TextSub.obs)
618  TextSubSetValue                                    isrt.obl(TextSub.obs)
619  TextSubSubstitute                                  isrt.obl(TextSub.obs)
620  TreeViewCreate                                     isrt.obl(CmptView.obs)
621  USER.EnableWindow                                  Setup.obs
622  USER.GetClassName                                  Setup.obs
623  USER.GetDC                                         Setup.obs
624  USER.GetDlgItem                                    Setup.obs
625  USER.GetFocus                                      Setup.obs
626  USER.GetWindowLong                                 Setup.obs
627  USER.IsIconic                                      Setup.obs
628  USER.IsWindow                                      Setup.obs
629  USER.IsWindowEnabled                               Setup.obs
630  USER.IsWindowVisible                               ifx.obl(EventsPriv.obs)
631  USER.PostMessage                                   Setup.obs
632  USER.ReleaseDC                                     Setup.obs
633  USER.SendMessageA                                  ifx.obl(EventsPriv.obs)
634  USER.SetFocus                                      Setup.obs
635  USER.SetForegroundWindow                           ifx.obl(EventsPriv.obs)
636  USER.SetWindowPos                                  Setup.obs
637  USER.SetWindowText                                 Setup.obs
638  USER.ShowWindow                                    Setup.obs
639  USER32.CharUpperBuffA                              ifx.obl(EventsPriv.obs)
640  USER32.DispatchMessage                             ifx.obl(EventsPriv.obs)
641  USER32.GetSystemMetrics                            ifx.obl(EventsPriv.obs)
642  USER32.GetWindowText                               ifx.obl(EventsPriv.obs)
643  USER32.GetWindowTextLength                         ifx.obl(EventsPriv.obs)
644  USER32.MessageBoxA                                 ifx.obl(EventsPriv.obs)
645  USER32.MsgWaitForMultipleObjects                   ifx.obl(EventsPriv.obs)
646  USER32.PeekMessageA                                ifx.obl(EventsPriv.obs)
647  USER32.SendMessageA                                ifx.obl(EventsPriv.obs)
648  USER32.SetWindowLong                               ifx.obl(EventsPriv.obs)
649  USER32.SetWindowRgn                                ifx.obl(EventsPriv.obs)
650  USER32.TranslateMessage                            ifx.obl(EventsPriv.obs)
651  USER32.WaitForInputIdle                            ifx.obl(EventsPriv.obs)
652  UpdateServiceEnableUpdateService                   isrt.obl(ISUpdateService.obs)
653  UpdateServiceOnEnabledStateChange                  isrt.obl(ISUpdateService.obs)
654  UpdateServiceRegisterAfterReboot                   isrt.obl(ISUpdateService.obs)
655  UpdateServiceRegisterProductEx                     isrt.obl(ISUpdateService.obs)
656  VarInit                                            isrt.obl(SysVars.obs)
657  VarRestore                                         isrt.obl(SysVars.obs)
658  VarRestoreISRT                                     isrt.obl(SysVars.obs)
659  VarSave                                            isrt.obl(SysVars.obs)
660  VarSaveISRT                                        isrt.obl(SysVars.obs)
661  VerCompare                                         isrt.obl(version.obs)
662  VerProductCompareVersions                          isrt.obl(version.obs)
663  VerProductGetInstalledVersion                      isrt.obl(version.obs)
664  VerProductIsVersionSupported                       isrt.obl(version.obs)
665  VerProductNumToStr                                 isrt.obl(version.obs)
666  VerProductStrToNum                                 isrt.obl(version.obs)
667  VerProductVerFromVerParts                          isrt.obl(version.obs)
668  VerProductVerPartsFromVer                          isrt.obl(version.obs)
669  WaitForApplication                                 isrt.obl(Extend.obs)
670  WaitOnDialog                                       isrt.obl(CustomDialog.obs)
671  WizardDirection                                    ifx.obl(EventsSetupPriv.obs)
672  WriteLine                                          isrt.obl(Files.obs)
673  WriteProfInt                                       isrt.obl(Profile.obs)
674  WriteProfString                                    isrt.obl(Profile.obs)
675  WriteProperties                                    ifx.obl(PersistPropertyBag.obs)
676  XCopyFile                                          isrt.obl(Files.obs)
677  __ISRTDoExit                                       isrt.obl(Misc.obs)
678  __ISRTInit                                         isrt.obl(ISRTInit.obs)
679  __ISRTRestoreMainLog                               isrt.obl(ISRTInit.obs)
680  __ISRTRestoreMainLogEx                             isrt.obl(ISRTInit.obs)
681  __ISRTSetComponentLog                              isrt.obl(ISRTInit.obs)
682  __ISRTUnInit                                       isrt.obl(ISRTInit.obs)
683  __LoadIScriptString                                isrt.obl(LoadStr.obs)
684  program                                            ifx.obl(EventsSetupPriv.obs)
685  sfc.SRSetRestorePoint                              Setup.obs


***** External Variables *****
1    ADDREMOVE                                          isrt.obl(DebugSymbols.obs)
2    ADDREMOVE_COMBINEDBUTTON                           Setup.obs
3    ADDREMOVE_HIDECHANGEOPTION                         Setup.obs
4    ADDREMOVE_HIDEREMOVEOPTION                         Setup.obs
5    ADDREMOVE_HIDEREPAIROPTION                         Setup.obs
6    ADDREMOVE_STRING_REMOVEONLY                        Setup.obs
7    ADDREMOVE_SYSTEMCOMPONENT                          Setup.obs
8    ADMINUSER                                          Setup.obs
9    ALLUSERS                                           Setup.obs
10   BASICMSI                                           isrt.obl(DebugSymbols.obs)
11   BATCH_INSTALL                                      Setup.obs
12   CMDLINE                                            isrt.obl(DebugSymbols.obs)
13   COMMONFILES                                        isrt.obl(DebugSymbols.obs)
14   COMMONFILES64                                      isrt.obl(DebugSymbols.obs)
15   DISABLE_ALLUSERBTN                                 Setup.obs
16   DISABLE_PERUSERBTN                                 Setup.obs
17   DISK1SETUPEXENAME                                  isrt.obl(DebugSymbols.obs)
18   DISK1TARGET                                        Setup.obs
19   ENABLED_ISERVICES                                  isrt.obl(DebugSymbols.obs)
20   ENGINECOMMONDIR                                    isrt.obl(DebugSymbols.obs)
21   ENGINEDIR                                          isrt.obl(DebugSymbols.obs)
22   ERRORFILENAME                                      Setup.obs
23   Err                                                Setup.obs
24   FILETIME                                           ifx.obl(EventsPriv.obs)
25   FIND_DATA                                          ifx.obl(EventsPriv.obs)
26   FOLDER_APPDATA                                     isrt.obl(DebugSymbols.obs)
27   FOLDER_COMMON_APPDATA                              isrt.obl(DebugSymbols.obs)
28   FOLDER_DESKTOP                                     isrt.obl(DebugSymbols.obs)
29   FOLDER_DOTNET_10                                   isrt.obl(DebugSymbols.obs)
30   FOLDER_DOTNET_11                                   isrt.obl(DebugSymbols.obs)
31   FOLDER_DOTNET_20                                   isrt.obl(DebugSymbols.obs)
32   FOLDER_DOTNET_30                                   isrt.obl(DebugSymbols.obs)
33   FOLDER_FONTS                                       isrt.obl(DebugSymbols.obs)
34   FOLDER_LOCAL_APPDATA                               isrt.obl(DebugSymbols.obs)
35   FOLDER_PERSONAL                                    isrt.obl(DebugSymbols.obs)
36   FOLDER_PROGRAMS                                    isrt.obl(DebugSymbols.obs)
37   FOLDER_STARTMENU                                   isrt.obl(DebugSymbols.obs)
38   FOLDER_STARTUP                                     isrt.obl(DebugSymbols.obs)
39   FOLDER_TEMP                                        isrt.obl(DebugSymbols.obs)
40   FileRegistrar                                      Setup.obs
41   HKEYCURRENTROOTKEY                                 Setup.obs
42   IFX_COMPANY_NAME                                   Setup.obs
43   IFX_DISK1INSTALLED                                 Setup.obs
44   IFX_INITIALIZED                                    Setup.obs
45   IFX_INSTALLED_DISPLAY_VERSION                      Setup.obs
46   IFX_INSTALLED_VERSION                              Setup.obs
47   IFX_KEYPATH_PRODUCT_INFO                           Setup.obs
48   IFX_MULTI_INSTANCE_SUFFIX                          Setup.obs
49   IFX_PRODUCT_COMMENTS                               Setup.obs
50   IFX_PRODUCT_DISPLAY_NAME                           Setup.obs
51   IFX_PRODUCT_DISPLAY_VERSION                        Setup.obs
52   IFX_PRODUCT_ICON                                   Setup.obs
53   IFX_PRODUCT_KEY                                    Setup.obs
54   IFX_PRODUCT_NAME                                   Setup.obs
55   IFX_PRODUCT_README                                 Setup.obs
56   IFX_PRODUCT_REGISTEREDCOMPANY                      Setup.obs
57   IFX_PRODUCT_REGISTEREDOWNER                        Setup.obs
58   IFX_PRODUCT_REGISTEREDSERIALNUM                    Setup.obs
59   IFX_PRODUCT_SUPPORT_CONTACT                        Setup.obs
60   IFX_PRODUCT_SUPPORT_PHONE                          Setup.obs
61   IFX_PRODUCT_SUPPORT_URL                            Setup.obs
62   IFX_PRODUCT_UPDATE_URL                             Setup.obs
63   IFX_PRODUCT_URL                                    Setup.obs
64   IFX_PRODUCT_VERSION                                Setup.obs
65   IFX_SETUP_TITLE                                    Setup.obs
66   IFX_SUPPORTED_VERSIONS                             Setup.obs
67   IISROOTFOLDER                                      isrt.obl(DebugSymbols.obs)
68   INSTALLSCRIPTMSI                                   isrt.obl(DebugSymbols.obs)
69   INSTANCE_GUID                                      isrt.obl(DebugSymbols.obs)
70   ISDIFXAPPID                                        Setup.obs
71   ISRES                                              isrt.obl(DebugSymbols.obs)
72   ISUSER                                             isrt.obl(DebugSymbols.obs)
73   ISUTIL_FUNCTION_ACTUAL_ERROR                       Setup.obs
74   ISUTIL_LINE_NUMBER                                 Setup.obs
75   ISUTIL_SCRIPT_FILE                                 Setup.obs
76   ISVERSION                                          isrt.obl(DebugSymbols.obs)
77   InetSRCDIR                                         Setup.obs
78   LAAW_PARAMETERS                                    Setup.obs
79   LAAW_PROCESS_INFORMATION                           Setup.obs
80   LAAW_SHELLEXECUTEINFO                              Setup.obs
81   LAAW_SHELLEXECUTEVERB                              Setup.obs
82   LAAW_STARTUPINFO                                   Setup.obs
83   LAST_RESULT                                        Setup.obs
84   LogDB                                              Setup.obs
85   MAINTENANCE                                        isrt.obl(DebugSymbols.obs)
86   MAINT_OPTION                                       isrt.obl(DebugSymbols.obs)
87   MEDIA                                              Setup.obs
88   MEDIA_INFO                                         isrt.obl(Feature.obs)
89   MODE                                               Setup.obs
90   MSG                                                ifx.obl(EventsPriv.obs)
91   MULTI_INSTANCE_COUNT                               isrt.obl(DebugSymbols.obs)
92   MainWindow                                         Setup.obs
93   NOTHING                                            Setup.obs
94   OSINFO_PLATFORM_INFO                               Setup.obs
95   OSINFO_PROCESSOR_INFO                              Setup.obs
96   OSVERSIONINFO                                      Setup.obs
97   OSVERSIONINFO2                                     ifx.obl(EventsPriv.obs)
98   OSVERSIONINFOEX                                    Setup.obs
99   OSVERSIONINFOEX2                                   ifx.obl(EventsPriv.obs)
100  Objects                                            Setup.obs
101  PACKAGE_LOCATION                                   isrt.obl(DebugSymbols.obs)
102  POINT                                              ifx.obl(EventsPriv.obs)
103  PRIVILEGED                                         Setup.obs
104  PROCESSENTRY32                                     Setup.obs
105  PROCESS_INFORMATION                                Setup.obs
106  PRODUCT_GUID                                       isrt.obl(DebugSymbols.obs)
107  PROGRAMFILES                                       isrt.obl(DebugSymbols.obs)
108  PROGRAMFILES64                                     isrt.obl(DebugSymbols.obs)
109  RECT                                               ifx.obl(EventsPriv.obs)
110  REGDB_OPTIONS                                      Setup.obs
111  REINSTALLMODE                                      isrt.obl(DebugSymbols.obs)
112  REMOVEALLMODE                                      isrt.obl(DebugSymbols.obs)
113  REMOVEONLY                                         isrt.obl(DebugSymbols.obs)
114  RUN_ONCE_PROGRAM                                   isrt.obl(DebugSymbols.obs)
115  Reboot                                             Setup.obs
116  SELECTED_LANGUAGE                                  isrt.obl(DebugSymbols.obs)
117  SERVICE_IS_PARAMS                                  Setup.obs
118  SETUPTYPE_STR_COMPACT                              Setup.obs
119  SETUPTYPE_STR_COMPLETE                             Setup.obs
120  SETUPTYPE_STR_CUSTOM                               Setup.obs
121  SETUPTYPE_STR_TYPICAL                              Setup.obs
122  SHELLEXECUTEINFO                                   Setup.obs
123  SHELL_OBJECT_FOLDER                                Setup.obs
124  SHOW_PASSWORD_DIALOG                               isrt.obl(DebugSymbols.obs)
125  SRCDIR                                             Setup.obs
126  SRCDISK                                            isrt.obl(DebugSymbols.obs)
127  STARTUPINFO                                        Setup.obs
128  SUPPORTDIR                                         isrt.obl(DebugSymbols.obs)
129  SYSTEMTIME                                         ifx.obl(EventsPriv.obs)
130  SetupInfo                                          Setup.obs
131  StatusDlg                                          Setup.obs
132  TARGETDIR                                          Setup.obs
133  TARGETDISK                                         isrt.obl(DebugSymbols.obs)
134  TextSub                                            Setup.obs
135  UNINST                                             Setup.obs
136  UNINSTALLKEY                                       Setup.obs
137  UNINSTALL_DISPLAYNAME                              Setup.obs
138  UNINSTALL_STRING                                   Setup.obs
139  UPDATEMODE                                         Setup.obs
140  WINDIR                                             isrt.obl(DebugSymbols.obs)
141  WINDISK                                            isrt.obl(DebugSymbols.obs)
142  WINSYSDIR                                          isrt.obl(DebugSymbols.obs)
143  WINSYSDIR64                                        isrt.obl(DebugSymbols.obs)
144  WINSYSDISK                                         isrt.obl(DebugSymbols.obs)
145  _FONTFILEINFO                                      Setup.obs
146  _INT64                                             Setup.obs
147  _ISDIFXINSTALLERINFO                               isrt.obl(ISDIFx.obs)
148  _LAAW_PARAMETERS                                   Setup.obs
149  _LAAW_TEMP_DATA                                    isrt.obl(Extend.obs)
150  _RESTOREINFO_                                      Setup.obs
151  _RESTOREPTINFO                                     Setup.obs
152  _SERVICE_IS_PARAMS                                 Setup.obs
153  _SMGRSTATUS                                        Setup.obs
154  _SMGSTATUS_                                        Setup.obs
155  _WIN9X                                             Setup.obs
156  _WINNT                                             Setup.obs
157  __SYSTEMINFORMATION                                Setup.obs
158  __SYSTEMPROCESSORINFORMATION                       Setup.obs
159  __hContext                                         isrt.obl(Activation.obs)
160  __objGlobalTextSub                                 Setup.obs
161  __szGUID                                           isrt.obl(ISRTInit.obs)
162  bBackButton                                        Setup.obs
163  bCancelButton                                      Setup.obs
164  bEnterDiskBeep                                     isrt.obl(AskDestPathDlg.obs)
165  bFinishButton                                      Setup.obs
166  bIFXLFNoToAll                                      Setup.obs
167  bIFXLFOnRebootToAll                                Setup.obs
168  bIFXLFYesToAll                                     Setup.obs
169  bIFXMD5IgnoreToAll                                 Setup.obs
170  bIFXRONoToAll                                      Setup.obs
171  bIFXROYesToAll                                     Setup.obs
172  bIFXSFNoToAll                                      Setup.obs
173  bIFXSFYesToAll                                     Setup.obs
174  bIfxPCHInitialized                                 Setup.obs
175  bIfxPCHOn                                          Setup.obs
176  bInstall16                                         Setup.obs
177  bNextButton                                        Setup.obs
178  bSdInit                                            Setup.obs
179  bViewCmptKunits                                    Setup.obs
180  bViewCmptUseDecimal                                Setup.obs
181  g_bSuppressMissingStringWarning                    isrt.obl(Enable.obs)
182  nIfxPCHType                                        Setup.obs
183  szAppKey                                           Setup.obs
184  szSdProduct                                        Setup.obs
185  szSdStr_NotEnoughSpace                             Setup.obs
