IsWeightTest={'base': 1, 'upDelta': 0, 'downDelta': 0, 'str': 0}
RunScript1={'base': 'ModesManager.EnterMode("High Quality Mode", "HighQualityModes")', 'upDelta': 0, 'downDelta': 0, 'str': 1, 'list': 0, 'no check': 0}
RunScript2={'base': 'ModesManager.EnterMode("~WT commands", "GeneralModes")', 'upDelta': 0, 'downDelta': 0, 'str': 1, 'list': 0, 'no check': 0}
RunScript3={'base': 'ModesManager.EnterMode("~WT commands HQ", "HighQualityModes")', 'upDelta': 0, 'downDelta': 0, 'str': 1, 'list': 0, 'no check': 0}
RunScript4={'base': 'MachineManager.LoadLocalPrintJob("CalibrationFiles\\\\Weight Test\\\\DJ - Weight Test (Model) 600.bmp","CalibrationFiles\\\\Weight Test\\\\DJ - Weight Test (Support) 600.bmp",600,"HQ",30)', 'upDelta': 0, 'downDelta': 0, 'str': 1, 'list': 0, 'no check': 0}
