RunScript1={'base': 'ModesManager.EnterMode("High Quality Mode", "HighQualityModes")', 'upDelta': 0, 'downDelta': 0, 'str': 1, 'list': 0, 'no check': 0}
RunScript2={'base': 'ModesManager.EnterMode("~WT commands", "GeneralModes")', 'upDelta': 0, 'downDelta': 0, 'str': 1, 'list': 0, 'no check': 0}
RunScript3={'base': 'ModesManager.EnterMode("~WT commands HQ", "HighQualityModes")', 'upDelta': 0, 'downDelta': 0, 'str': 1, 'list': 0, 'no check': 0}
RunScript4={'base': 'ModesManager.EnterMode("~HQ HSW Calibrate", "HighQualityModes")', 'upDelta': 0, 'downDelta': 0, 'str': 1, 'list': 0, 'no check': 0}
