<?xml version="1.0"?>
<link_info>
   <banner>TI ARM Linker PC v5.1.6</banner>
   <copyright>Copyright (c) 1996-2014 Texas Instruments Incorporated</copyright>
   <link_time>0x54662df7</link_time>
   <link_errors>0x0</link_errors>
   <output_file>ETHIIC.out</output_file>
   <entry_point>
      <name>_c_int00</name>
      <address>0x4b8dd</address>
   </entry_point>
   <input_file_list>
      <input_file id="fl-2">
         <path>.\</path>
         <kind>object</kind>
         <file>ETHIIC.obj</file>
         <name>ETHIIC.obj</name>
      </input_file>
      <input_file id="fl-3">
         <path>.\</path>
         <kind>object</kind>
         <file>cgifuncs.obj</file>
         <name>cgifuncs.obj</name>
      </input_file>
      <input_file id="fl-4">
         <path>.\</path>
         <kind>object</kind>
         <file>enet_fs.obj</file>
         <name>enet_fs.obj</name>
      </input_file>
      <input_file id="fl-5">
         <path>.\</path>
         <kind>object</kind>
         <file>io.obj</file>
         <name>io.obj</name>
      </input_file>
      <input_file id="fl-6">
         <path>.\</path>
         <kind>object</kind>
         <file>startup_ccs.obj</file>
         <name>startup_ccs.obj</name>
      </input_file>
      <input_file id="fl-7">
         <path>.\</path>
         <kind>object</kind>
         <file>swupdate.obj</file>
         <name>swupdate.obj</name>
      </input_file>
      <input_file id="fl-8">
         <path>.\utils\</path>
         <kind>object</kind>
         <file>locator.obj</file>
         <name>locator.obj</name>
      </input_file>
      <input_file id="fl-9">
         <path>.\utils\</path>
         <kind>object</kind>
         <file>lwiplib.obj</file>
         <name>lwiplib.obj</name>
      </input_file>
      <input_file id="fl-a">
         <path>.\utils\</path>
         <kind>object</kind>
         <file>uartstdio.obj</file>
         <name>uartstdio.obj</name>
      </input_file>
      <input_file id="fl-b">
         <path>.\utils\</path>
         <kind>object</kind>
         <file>ustdlib.obj</file>
         <name>ustdlib.obj</name>
      </input_file>
      <input_file id="fl-c">
         <path>.\third_party\lwip-1.4.1\apps\httpserver_raw\</path>
         <kind>object</kind>
         <file>httpd.obj</file>
         <name>httpd.obj</name>
      </input_file>
      <input_file id="fl-d">
         <path>.\third_party\fatfs\src\</path>
         <kind>object</kind>
         <file>ff.obj</file>
         <name>ff.obj</name>
      </input_file>
      <input_file id="fl-e">
         <path>.\third_party\fatfs\port\</path>
         <kind>object</kind>
         <file>mmc-ek-tm4c1294xl.obj</file>
         <name>mmc-ek-tm4c1294xl.obj</name>
      </input_file>
      <input_file id="fl-f">
         <path>.\drivers\</path>
         <kind>object</kind>
         <file>pinout.obj</file>
         <name>pinout.obj</name>
      </input_file>
      <input_file id="fl-13d">
         <path>c:\ti\ccsv6\tools\compiler\arm_5.1.6\lib\</path>
         <kind>archive</kind>
         <file>rtsv7M4_T_le_v4SPD16_eabi.lib</file>
         <name>boot.obj</name>
      </input_file>
      <input_file id="fl-13e">
         <path>c:\ti\ccsv6\tools\compiler\arm_5.1.6\lib\</path>
         <kind>archive</kind>
         <file>rtsv7M4_T_le_v4SPD16_eabi.lib</file>
         <name>copy_decompress_none.obj</name>
      </input_file>
      <input_file id="fl-13f">
         <path>c:\ti\ccsv6\tools\compiler\arm_5.1.6\lib\</path>
         <kind>archive</kind>
         <file>rtsv7M4_T_le_v4SPD16_eabi.lib</file>
         <name>copy_decompress_rle.obj</name>
      </input_file>
      <input_file id="fl-140">
         <path>c:\ti\ccsv6\tools\compiler\arm_5.1.6\lib\</path>
         <kind>archive</kind>
         <file>rtsv7M4_T_le_v4SPD16_eabi.lib</file>
         <name>copy_zero_init.obj</name>
      </input_file>
      <input_file id="fl-141">
         <path>c:\ti\ccsv6\tools\compiler\arm_5.1.6\lib\</path>
         <kind>archive</kind>
         <file>rtsv7M4_T_le_v4SPD16_eabi.lib</file>
         <name>exit.obj</name>
      </input_file>
      <input_file id="fl-142">
         <path>c:\ti\ccsv6\tools\compiler\arm_5.1.6\lib\</path>
         <kind>archive</kind>
         <file>rtsv7M4_T_le_v4SPD16_eabi.lib</file>
         <name>memcmp.obj</name>
      </input_file>
      <input_file id="fl-143">
         <path>c:\ti\ccsv6\tools\compiler\arm_5.1.6\lib\</path>
         <kind>archive</kind>
         <file>rtsv7M4_T_le_v4SPD16_eabi.lib</file>
         <name>memcpy_t2.obj</name>
      </input_file>
      <input_file id="fl-144">
         <path>c:\ti\ccsv6\tools\compiler\arm_5.1.6\lib\</path>
         <kind>archive</kind>
         <file>rtsv7M4_T_le_v4SPD16_eabi.lib</file>
         <name>memset_t2.obj</name>
      </input_file>
      <input_file id="fl-145">
         <path>c:\ti\ccsv6\tools\compiler\arm_5.1.6\lib\</path>
         <kind>archive</kind>
         <file>rtsv7M4_T_le_v4SPD16_eabi.lib</file>
         <name>stkdepth_vars.obj</name>
      </input_file>
      <input_file id="fl-146">
         <path>c:\ti\ccsv6\tools\compiler\arm_5.1.6\lib\</path>
         <kind>archive</kind>
         <file>rtsv7M4_T_le_v4SPD16_eabi.lib</file>
         <name>strchr.obj</name>
      </input_file>
      <input_file id="fl-147">
         <path>c:\ti\ccsv6\tools\compiler\arm_5.1.6\lib\</path>
         <kind>archive</kind>
         <file>rtsv7M4_T_le_v4SPD16_eabi.lib</file>
         <name>strcmp.obj</name>
      </input_file>
      <input_file id="fl-148">
         <path>c:\ti\ccsv6\tools\compiler\arm_5.1.6\lib\</path>
         <kind>archive</kind>
         <file>rtsv7M4_T_le_v4SPD16_eabi.lib</file>
         <name>strcpy.obj</name>
      </input_file>
      <input_file id="fl-149">
         <path>c:\ti\ccsv6\tools\compiler\arm_5.1.6\lib\</path>
         <kind>archive</kind>
         <file>rtsv7M4_T_le_v4SPD16_eabi.lib</file>
         <name>strlen.obj</name>
      </input_file>
      <input_file id="fl-14a">
         <path>c:\ti\ccsv6\tools\compiler\arm_5.1.6\lib\</path>
         <kind>archive</kind>
         <file>rtsv7M4_T_le_v4SPD16_eabi.lib</file>
         <name>strncmp.obj</name>
      </input_file>
      <input_file id="fl-14b">
         <path>c:\ti\ccsv6\tools\compiler\arm_5.1.6\lib\</path>
         <kind>archive</kind>
         <file>rtsv7M4_T_le_v4SPD16_eabi.lib</file>
         <name>strstr.obj</name>
      </input_file>
      <input_file id="fl-14c">
         <path>c:\ti\ccsv6\tools\compiler\arm_5.1.6\lib\</path>
         <kind>archive</kind>
         <file>rtsv7M4_T_le_v4SPD16_eabi.lib</file>
         <name>u_divt2.obj</name>
      </input_file>
      <input_file id="fl-14d">
         <path>c:\ti\ccsv6\tools\compiler\arm_5.1.6\lib\</path>
         <kind>archive</kind>
         <file>rtsv7M4_T_le_v4SPD16_eabi.lib</file>
         <name>_lock.obj</name>
      </input_file>
      <input_file id="fl-14e">
         <path>c:\ti\ccsv6\tools\compiler\arm_5.1.6\lib\</path>
         <kind>archive</kind>
         <file>rtsv7M4_T_le_v4SPD16_eabi.lib</file>
         <name>args_main.obj</name>
      </input_file>
      <input_file id="fl-14f">
         <path>c:\ti\ccsv6\tools\compiler\arm_5.1.6\lib\</path>
         <kind>archive</kind>
         <file>rtsv7M4_T_le_v4SPD16_eabi.lib</file>
         <name>auto_init.obj</name>
      </input_file>
      <input_file id="fl-150">
         <path>c:\ti\ccsv6\tools\compiler\arm_5.1.6\lib\</path>
         <kind>archive</kind>
         <file>rtsv7M4_T_le_v4SPD16_eabi.lib</file>
         <name>cpy_tbl.obj</name>
      </input_file>
      <input_file id="fl-151">
         <path>c:\ti\TivaWare_C_Series-2.1.0.12573\examples\boards\ek-tm4c1294xl\enet_lwip\ccs\..\..\..\..\..\driverlib\ccs\Debug\</path>
         <kind>archive</kind>
         <file>driverlib.lib</file>
         <name>systick.obj</name>
      </input_file>
      <input_file id="fl-152">
         <path>c:\ti\TivaWare_C_Series-2.1.0.12573\examples\boards\ek-tm4c1294xl\enet_lwip\ccs\..\..\..\..\..\driverlib\ccs\Debug\</path>
         <kind>archive</kind>
         <file>driverlib.lib</file>
         <name>sysctl.obj</name>
      </input_file>
      <input_file id="fl-153">
         <path>c:\ti\TivaWare_C_Series-2.1.0.12573\examples\boards\ek-tm4c1294xl\enet_lwip\ccs\..\..\..\..\..\driverlib\ccs\Debug\</path>
         <kind>archive</kind>
         <file>driverlib.lib</file>
         <name>interrupt.obj</name>
      </input_file>
      <input_file id="fl-154">
         <path>c:\ti\TivaWare_C_Series-2.1.0.12573\examples\boards\ek-tm4c1294xl\enet_lwip\ccs\..\..\..\..\..\driverlib\ccs\Debug\</path>
         <kind>archive</kind>
         <file>driverlib.lib</file>
         <name>i2c.obj</name>
      </input_file>
      <input_file id="fl-155">
         <path>c:\ti\TivaWare_C_Series-2.1.0.12573\examples\boards\ek-tm4c1294xl\enet_lwip\ccs\..\..\..\..\..\driverlib\ccs\Debug\</path>
         <kind>archive</kind>
         <file>driverlib.lib</file>
         <name>gpio.obj</name>
      </input_file>
      <input_file id="fl-156">
         <path>c:\ti\TivaWare_C_Series-2.1.0.12573\examples\boards\ek-tm4c1294xl\enet_lwip\ccs\..\..\..\..\..\driverlib\ccs\Debug\</path>
         <kind>archive</kind>
         <file>driverlib.lib</file>
         <name>flash.obj</name>
      </input_file>
      <input_file id="fl-157">
         <path>c:\ti\TivaWare_C_Series-2.1.0.12573\examples\boards\ek-tm4c1294xl\enet_lwip\ccs\..\..\..\..\..\driverlib\ccs\Debug\</path>
         <kind>archive</kind>
         <file>driverlib.lib</file>
         <name>emac.obj</name>
      </input_file>
      <input_file id="fl-158">
         <path>c:\ti\TivaWare_C_Series-2.1.0.12573\examples\boards\ek-tm4c1294xl\enet_lwip\ccs\..\..\..\..\..\driverlib\ccs\Debug\</path>
         <kind>archive</kind>
         <file>driverlib.lib</file>
         <name>cpu.obj</name>
      </input_file>
      <input_file id="fl-159">
         <path>c:\ti\TivaWare_C_Series-2.1.0.12573\examples\boards\ek-tm4c1294xl\enet_lwip\ccs\..\..\..\..\..\driverlib\ccs\Debug\</path>
         <kind>archive</kind>
         <file>driverlib.lib</file>
         <name>sw_crc.obj</name>
      </input_file>
   </input_file_list>
   <object_component_list>
      <object_component id="oc-e">
         <name>.intvecs</name>
         <load_address>0x0</load_address>
         <run_address>0x0</run_address>
         <size>0x200</size>
         <input_file_ref idref="fl-6"/>
      </object_component>
      <object_component id="oc-964">
         <name>.text:tcp_receive</name>
         <load_address>0x3ee10</load_address>
         <run_address>0x3ee10</run_address>
         <size>0xbcc</size>
         <input_file_ref idref="fl-9"/>
      </object_component>
      <object_component id="oc-90a">
         <name>.text:http_send_data</name>
         <load_address>0x3f9dc</load_address>
         <run_address>0x3f9dc</run_address>
         <size>0x852</size>
         <input_file_ref idref="fl-c"/>
      </object_component>
      <object_component id="oc-35">
         <name>.text:FaultISR</name>
         <load_address>0x4022e</load_address>
         <run_address>0x4022e</run_address>
         <size>0x2</size>
         <input_file_ref idref="fl-6"/>
      </object_component>
      <object_component id="oc-26a">
         <name>.text:udpReceiver</name>
         <load_address>0x40230</load_address>
         <run_address>0x40230</run_address>
         <size>0x7ec</size>
         <input_file_ref idref="fl-2"/>
      </object_component>
      <object_component id="oc-7d5">
         <name>.text:tcp_process</name>
         <load_address>0x40a1c</load_address>
         <run_address>0x40a1c</run_address>
         <size>0x60c</size>
         <input_file_ref idref="fl-9"/>
      </object_component>
      <object_component id="oc-648">
         <name>.text:tcp_input</name>
         <load_address>0x41028</load_address>
         <run_address>0x41028</run_address>
         <size>0x5a0</size>
         <input_file_ref idref="fl-9"/>
      </object_component>
      <object_component id="oc-af5">
         <name>.text:chk_mounted</name>
         <load_address>0x415c8</load_address>
         <run_address>0x415c8</run_address>
         <size>0x4d8</size>
         <input_file_ref idref="fl-d"/>
      </object_component>
      <object_component id="oc-259">
         <name>.text:SSIHandler</name>
         <load_address>0x41aa0</load_address>
         <run_address>0x41aa0</run_address>
         <size>0x4b4</size>
         <input_file_ref idref="fl-2"/>
      </object_component>
      <object_component id="oc-a85">
         <name>.text:tcp_write</name>
         <load_address>0x41f54</load_address>
         <run_address>0x41f54</run_address>
         <size>0x494</size>
         <input_file_ref idref="fl-9"/>
      </object_component>
      <object_component id="oc-315">
         <name>.text:tcp_slowtmr</name>
         <load_address>0x423e8</load_address>
         <run_address>0x423e8</run_address>
         <size>0x448</size>
         <input_file_ref idref="fl-9"/>
      </object_component>
      <object_component id="oc-5a8">
         <name>.text:uvsnprintf</name>
         <load_address>0x42830</load_address>
         <run_address>0x42830</run_address>
         <size>0x438</size>
         <input_file_ref idref="fl-b"/>
      </object_component>
      <object_component id="oc-bf">
         <name>.text:main</name>
         <load_address>0x42c68</load_address>
         <run_address>0x42c68</run_address>
         <size>0x3cc</size>
         <input_file_ref idref="fl-2"/>
      </object_component>
      <object_component id="oc-642">
         <name>.text:udp_input</name>
         <load_address>0x43034</load_address>
         <run_address>0x43034</run_address>
         <size>0x278</size>
         <input_file_ref idref="fl-9"/>
      </object_component>
      <object_component id="oc-146">
         <name>.text:tivaif_receive</name>
         <load_address>0x432ac</load_address>
         <run_address>0x432ac</run_address>
         <size>0x274</size>
         <input_file_ref idref="fl-9"/>
      </object_component>
      <object_component id="oc-47a">
         <name>.text:ip_input</name>
         <load_address>0x43520</load_address>
         <run_address>0x43520</run_address>
         <size>0x270</size>
         <input_file_ref idref="fl-9"/>
      </object_component>
      <object_component id="oc-1a6">
         <name>.text:PinoutSet</name>
         <load_address>0x43790</load_address>
         <run_address>0x43790</run_address>
         <size>0x26c</size>
         <input_file_ref idref="fl-f"/>
      </object_component>
      <object_component id="oc-a8d">
         <name>.text:f_read</name>
         <load_address>0x439fc</load_address>
         <run_address>0x439fc</run_address>
         <size>0x254</size>
         <input_file_ref idref="fl-d"/>
      </object_component>
      <object_component id="oc-4b0">
         <name>.text:tcp_output</name>
         <load_address>0x43c50</load_address>
         <run_address>0x43c50</run_address>
         <size>0x244</size>
         <input_file_ref idref="fl-9"/>
      </object_component>
      <object_component id="oc-992">
         <name>.text:tcp_close_shutdown</name>
         <load_address>0x43e94</load_address>
         <run_address>0x43e94</run_address>
         <size>0x23c</size>
         <input_file_ref idref="fl-9"/>
      </object_component>
      <object_component id="oc-bb5">
         <name>.text:create_name</name>
         <load_address>0x440d0</load_address>
         <run_address>0x440d0</run_address>
         <size>0x22b</size>
         <input_file_ref idref="fl-d"/>
      </object_component>
      <object_component id="oc-812">
         <name>.text:etharp_find_entry</name>
         <load_address>0x442fc</load_address>
         <run_address>0x442fc</run_address>
         <size>0x228</size>
         <input_file_ref idref="fl-9"/>
      </object_component>
      <object_component id="oc-aa7">
         <name>.text:f_open</name>
         <load_address>0x44524</load_address>
         <run_address>0x44524</run_address>
         <size>0x210</size>
         <input_file_ref idref="fl-d"/>
      </object_component>
      <object_component id="oc-2d9">
         <name>.text:pbuf_alloc</name>
         <load_address>0x44734</load_address>
         <run_address>0x44734</run_address>
         <size>0x20e</size>
         <input_file_ref idref="fl-9"/>
      </object_component>
      <object_component id="oc-3b">
         <name>.text:IntDefaultHandler</name>
         <load_address>0x44942</load_address>
         <run_address>0x44942</run_address>
         <size>0x2</size>
         <input_file_ref idref="fl-6"/>
      </object_component>
      <object_component id="oc-1a0">
         <name>.text:SysCtlClockFreqSet</name>
         <load_address>0x44944</load_address>
         <run_address>0x44944</run_address>
         <size>0x1fc</size>
         <input_file_ref idref="fl-152"/>
      </object_component>
      <object_component id="oc-64e">
         <name>.text:icmp_input</name>
         <load_address>0x44b40</load_address>
         <run_address>0x44b40</run_address>
         <size>0x1f8</size>
         <input_file_ref idref="fl-9"/>
      </object_component>
      <object_component id="oc-8bb">
         <name>.text:etharp_query</name>
         <load_address>0x44d38</load_address>
         <run_address>0x44d38</run_address>
         <size>0x1c4</size>
         <input_file_ref idref="fl-9"/>
      </object_component>
      <object_component id="oc-bd2">
         <name>.text:put_fat</name>
         <load_address>0x44efc</load_address>
         <run_address>0x44efc</run_address>
         <size>0x1c0</size>
         <input_file_ref idref="fl-d"/>
      </object_component>
      <object_component id="oc-6ff">
         <name>.text:tivaif_transmit</name>
         <load_address>0x450bc</load_address>
         <run_address>0x450bc</run_address>
         <size>0x1b8</size>
         <input_file_ref idref="fl-9"/>
      </object_component>
      <object_component id="oc-878">
         <name>.text:InitDMADescriptors</name>
         <load_address>0x45274</load_address>
         <run_address>0x45274</run_address>
         <size>0x1b0</size>
         <input_file_ref idref="fl-9"/>
      </object_component>
      <object_component id="oc-ba0">
         <name>.text:disk_initialize</name>
         <load_address>0x45424</load_address>
         <run_address>0x45424</run_address>
         <size>0x1ac</size>
         <input_file_ref idref="fl-e"/>
      </object_component>
      <object_component id="oc-7b5">
         <name>.text:mem_trim</name>
         <load_address>0x455d0</load_address>
         <run_address>0x455d0</run_address>
         <size>0x19c</size>
         <input_file_ref idref="fl-9"/>
      </object_component>
      <object_component id="oc-480">
         <name>.text:etharp_arp_input</name>
         <load_address>0x4576c</load_address>
         <run_address>0x4576c</run_address>
         <size>0x190</size>
         <input_file_ref idref="fl-9"/>
      </object_component>
      <object_component id="oc-6f9">
         <name>.text:etharp_output</name>
         <load_address>0x458fc</load_address>
         <run_address>0x458fc</run_address>
         <size>0x190</size>
         <input_file_ref idref="fl-9"/>
      </object_component>
      <object_component id="oc-48d">
         <name>.text:mem_malloc</name>
         <load_address>0x45a8c</load_address>
         <run_address>0x45a8c</run_address>
         <size>0x188</size>
         <input_file_ref idref="fl-9"/>
      </object_component>
      <object_component id="oc-c47">
         <name>.text:dir_next</name>
         <load_address>0x45c14</load_address>
         <run_address>0x45c14</run_address>
         <size>0x180</size>
         <input_file_ref idref="fl-d"/>
      </object_component>
      <object_component id="oc-9e5">
         <name>.text:http_find_file</name>
         <load_address>0x45d94</load_address>
         <run_address>0x45d94</run_address>
         <size>0x17c</size>
         <input_file_ref idref="fl-c"/>
      </object_component>
      <object_component id="oc-782">
         <name>.text:ip_output_if</name>
         <load_address>0x45f10</load_address>
         <run_address>0x45f10</run_address>
         <size>0x17c</size>
         <input_file_ref idref="fl-9"/>
      </object_component>
      <object_component id="oc-ab7">
         <name>.text:get_http_headers</name>
         <load_address>0x4608c</load_address>
         <run_address>0x4608c</run_address>
         <size>0x178</size>
         <input_file_ref idref="fl-c"/>
      </object_component>
      <object_component id="oc-94e">
         <name>.text:tcp_enqueue_flags</name>
         <load_address>0x46204</load_address>
         <run_address>0x46204</run_address>
         <size>0x178</size>
         <input_file_ref idref="fl-9"/>
      </object_component>
      <object_component id="oc-7cb">
         <name>.text:tcp_listen_input</name>
         <load_address>0x4637c</load_address>
         <run_address>0x4637c</run_address>
         <size>0x170</size>
         <input_file_ref idref="fl-9"/>
      </object_component>
      <object_component id="oc-5ca">
         <name>.text:udp_sendto_if</name>
         <load_address>0x464ec</load_address>
         <run_address>0x464ec</run_address>
         <size>0x164</size>
         <input_file_ref idref="fl-9"/>
      </object_component>
      <object_component id="oc-685">
         <name>.text:tcp_output_segment</name>
         <load_address>0x46650</load_address>
         <run_address>0x46650</run_address>
         <size>0x14c</size>
         <input_file_ref idref="fl-9"/>
      </object_component>
      <object_component id="oc-422">
         <name>.text:i2c0_read</name>
         <load_address>0x4679c</load_address>
         <run_address>0x4679c</run_address>
         <size>0x144</size>
         <input_file_ref idref="fl-2"/>
      </object_component>
      <object_component id="oc-42c">
         <name>.text:i2c0_write</name>
         <load_address>0x468e0</load_address>
         <run_address>0x468e0</run_address>
         <size>0x13c</size>
         <input_file_ref idref="fl-2"/>
      </object_component>
      <object_component id="oc-33c">
         <name>.text:GPIOPadConfigSet</name>
         <load_address>0x46a1c</load_address>
         <run_address>0x46a1c</run_address>
         <size>0x130</size>
         <input_file_ref idref="fl-155"/>
      </object_component>
      <object_component id="oc-706">
         <name>.text:tcp_alloc</name>
         <load_address>0x46b4c</load_address>
         <run_address>0x46b4c</run_address>
         <size>0x128</size>
         <input_file_ref idref="fl-9"/>
      </object_component>
      <object_component id="oc-ad3">
         <name>.text:get_fat</name>
         <load_address>0x46c74</load_address>
         <run_address>0x46c74</run_address>
         <size>0x124</size>
         <input_file_ref idref="fl-d"/>
      </object_component>
      <object_component id="oc-6a6">
         <name>.text:inet_chksum_pseudo</name>
         <load_address>0x46d98</load_address>
         <run_address>0x46d98</run_address>
         <size>0x11c</size>
         <input_file_ref idref="fl-9"/>
      </object_component>
      <object_component id="oc-802">
         <name>.text:pbuf_copy</name>
         <load_address>0x46eb4</load_address>
         <run_address>0x46eb4</run_address>
         <size>0x11c</size>
         <input_file_ref idref="fl-9"/>
      </object_component>
      <object_component id="oc-416">
         <name>.text:SysCtlClockGet</name>
         <load_address>0x46fd0</load_address>
         <run_address>0x46fd0</run_address>
         <size>0x118</size>
         <input_file_ref idref="fl-152"/>
      </object_component>
      <object_component id="oc-c1d">
         <name>.text:power_on</name>
         <load_address>0x470e8</load_address>
         <run_address>0x470e8</run_address>
         <size>0x108</size>
         <input_file_ref idref="fl-e"/>
      </object_component>
      <object_component id="oc-565">
         <name>.text:tcp_listen_with_backlog</name>
         <load_address>0x471f0</load_address>
         <run_address>0x471f0</run_address>
         <size>0x108</size>
         <input_file_ref idref="fl-9"/>
      </object_component>
      <object_component id="oc-c5e">
         <name>.text:create_chain</name>
         <load_address>0x472f8</load_address>
         <run_address>0x472f8</run_address>
         <size>0x104</size>
         <input_file_ref idref="fl-d"/>
      </object_component>
      <object_component id="oc-baf">
         <name>.text:dir_sdi</name>
         <load_address>0x473fc</load_address>
         <run_address>0x473fc</run_address>
         <size>0x104</size>
         <input_file_ref idref="fl-d"/>
      </object_component>
      <object_component id="oc-6cd">
         <name>.text:memp_init</name>
         <load_address>0x47500</load_address>
         <run_address>0x47500</run_address>
         <size>0x104</size>
         <input_file_ref idref="fl-9"/>
      </object_component>
      <object_component id="oc-948">
         <name>.text:tcp_parseopt</name>
         <load_address>0x47604</load_address>
         <run_address>0x47604</run_address>
         <size>0x104</size>
         <input_file_ref idref="fl-9"/>
      </object_component>
      <object_component id="oc-435">
         <name>.text:wakeupI2CBus</name>
         <load_address>0x47708</load_address>
         <run_address>0x47708</run_address>
         <size>0x104</size>
         <input_file_ref idref="fl-2"/>
      </object_component>
      <object_component id="oc-904">
         <name>.text:http_parse_request</name>
         <load_address>0x4780c</load_address>
         <run_address>0x4780c</run_address>
         <size>0xfe</size>
         <input_file_ref idref="fl-c"/>
      </object_component>
      <object_component id="oc-2f">
         <name>.text:NmiSR</name>
         <load_address>0x4790a</load_address>
         <run_address>0x4790a</run_address>
         <size>0x2</size>
         <input_file_ref idref="fl-6"/>
      </object_component>
      <object_component id="oc-660">
         <name>.text:etharp_update_arp_entry</name>
         <load_address>0x4790c</load_address>
         <run_address>0x4790c</run_address>
         <size>0xfc</size>
         <input_file_ref idref="fl-9"/>
      </object_component>
      <object_component id="oc-2d3">
         <name>.text:ethernet_input</name>
         <load_address>0x47a08</load_address>
         <run_address>0x47a08</run_address>
         <size>0xfc</size>
         <input_file_ref idref="fl-9"/>
      </object_component>
      <object_component id="oc-9fe">
         <name>.text:get_tag_insert</name>
         <load_address>0x47b04</load_address>
         <run_address>0x47b04</run_address>
         <size>0xf8</size>
         <input_file_ref idref="fl-c"/>
      </object_component>
      <object_component id="oc-a5b">
         <name>.text:fs_open</name>
         <load_address>0x47bfc</load_address>
         <run_address>0x47bfc</run_address>
         <size>0xf4</size>
         <input_file_ref idref="fl-4"/>
      </object_component>
      <object_component id="oc-1f1">
         <name>.text:lwIPInit</name>
         <load_address>0x47cf0</load_address>
         <run_address>0x47cf0</run_address>
         <size>0xf4</size>
         <input_file_ref idref="fl-9"/>
      </object_component>
      <object_component id="oc-4c0">
         <name>.text:tcp_zero_window_probe</name>
         <load_address>0x47de4</load_address>
         <run_address>0x47de4</run_address>
         <size>0xf0</size>
         <input_file_ref idref="fl-9"/>
      </object_component>
      <object_component id="oc-aeb">
         <name>.text:disk_write</name>
         <load_address>0x47ed4</load_address>
         <run_address>0x47ed4</run_address>
         <size>0xec</size>
         <input_file_ref idref="fl-e"/>
      </object_component>
      <object_component id="oc-60c">
         <name>.text:etharp_raw</name>
         <load_address>0x47fc0</load_address>
         <run_address>0x47fc0</run_address>
         <size>0xe8</size>
         <input_file_ref idref="fl-9"/>
      </object_component>
      <object_component id="oc-6a0">
         <name>.text:pbuf_copy_partial</name>
         <load_address>0x480a8</load_address>
         <run_address>0x480a8</run_address>
         <size>0xe8</size>
         <input_file_ref idref="fl-9"/>
      </object_component>
      <object_component id="oc-a11">
         <name>.text:tcp_create_segment</name>
         <load_address>0x48190</load_address>
         <run_address>0x48190</run_address>
         <size>0xe8</size>
         <input_file_ref idref="fl-9"/>
      </object_component>
      <object_component id="oc-474">
         <name>.text:pbuf_header</name>
         <load_address>0x48278</load_address>
         <run_address>0x48278</run_address>
         <size>0xdc</size>
         <input_file_ref idref="fl-9"/>
      </object_component>
      <object_component id="oc-55f">
         <name>.text:tcp_bind</name>
         <load_address>0x48354</load_address>
         <run_address>0x48354</run_address>
         <size>0xdc</size>
         <input_file_ref idref="fl-9"/>
      </object_component>
      <object_component id="oc-6f3">
         <name>.text:tivaif_hwinit</name>
         <load_address>0x48430</load_address>
         <run_address>0x48430</run_address>
         <size>0xdc</size>
         <input_file_ref idref="fl-9"/>
      </object_component>
      <object_component id="oc-a79">
         <name>.text:http_init_file</name>
         <load_address>0x4850c</load_address>
         <run_address>0x4850c</run_address>
         <size>0xd5</size>
         <input_file_ref idref="fl-c"/>
      </object_component>
      <object_component id="oc-6d3">
         <name>.text:netif_init</name>
         <load_address>0x485e2</load_address>
         <run_address>0x485e2</run_address>
         <size>0x2</size>
         <input_file_ref idref="fl-9"/>
      </object_component>
      <object_component id="oc-37c">
         <name>.text:LocatorReceive</name>
         <load_address>0x485e4</load_address>
         <run_address>0x485e4</run_address>
         <size>0xd4</size>
         <input_file_ref idref="fl-8"/>
      </object_component>
      <object_component id="oc-84b">
         <name>.text:sys_timeout</name>
         <load_address>0x486b8</load_address>
         <run_address>0x486b8</run_address>
         <size>0xd4</size>
         <input_file_ref idref="fl-9"/>
      </object_component>
      <object_component id="oc-4a3">
         <name>.text:SoftwareUpdateUDPReceive</name>
         <load_address>0x4878c</load_address>
         <run_address>0x4878c</run_address>
         <size>0xc4</size>
         <input_file_ref idref="fl-7"/>
      </object_component>
      <object_component id="oc-155">
         <name>.text:etharp_tmr</name>
         <load_address>0x48850</load_address>
         <run_address>0x48850</run_address>
         <size>0xc0</size>
         <input_file_ref idref="fl-9"/>
      </object_component>
      <object_component id="oc-afb">
         <name>.text:follow_path</name>
         <load_address>0x48910</load_address>
         <run_address>0x48910</run_address>
         <size>0xc0</size>
         <input_file_ref idref="fl-d"/>
      </object_component>
      <object_component id="oc-22d">
         <name>.text:udp_bind</name>
         <load_address>0x489d0</load_address>
         <run_address>0x489d0</run_address>
         <size>0xc0</size>
         <input_file_ref idref="fl-9"/>
      </object_component>
      <object_component id="oc-746">
         <name>.text:http_recv</name>
         <load_address>0x48a90</load_address>
         <run_address>0x48a90</run_address>
         <size>0xbe</size>
         <input_file_ref idref="fl-c"/>
      </object_component>
      <object_component id="oc-6c1">
         <name>.text:stats_init</name>
         <load_address>0x48b4e</load_address>
         <run_address>0x48b4e</run_address>
         <size>0x2</size>
         <input_file_ref idref="fl-9"/>
      </object_component>
      <object_component id="oc-954">
         <name>.text:tcp_abandon</name>
         <load_address>0x48b50</load_address>
         <run_address>0x48b50</run_address>
         <size>0xbc</size>
         <input_file_ref idref="fl-9"/>
      </object_component>
      <object_component id="oc-4b6">
         <name>.text:tcp_process_refused_data</name>
         <load_address>0x48c0c</load_address>
         <run_address>0x48c0c</run_address>
         <size>0xbc</size>
         <input_file_ref idref="fl-9"/>
      </object_component>
      <object_component id="oc-adf">
         <name>.text:disk_read</name>
         <load_address>0x48cc8</load_address>
         <run_address>0x48cc8</run_address>
         <size>0xb8</size>
         <input_file_ref idref="fl-e"/>
      </object_component>
      <object_component id="oc-630">
         <name>.text:pbuf_realloc</name>
         <load_address>0x48d80</load_address>
         <run_address>0x48d80</run_address>
         <size>0xb6</size>
         <input_file_ref idref="fl-9"/>
      </object_component>
      <object_component id="oc-a6d">
         <name>.text:extract_uri_parameters</name>
         <load_address>0x48e36</load_address>
         <run_address>0x48e36</run_address>
         <size>0xb4</size>
         <input_file_ref idref="fl-c"/>
      </object_component>
      <object_component id="oc-6d9">
         <name>.text:tcp_init</name>
         <load_address>0x48eea</load_address>
         <run_address>0x48eea</run_address>
         <size>0x2</size>
         <input_file_ref idref="fl-9"/>
      </object_component>
      <object_component id="oc-63c">
         <name>.text:raw_input</name>
         <load_address>0x48eec</load_address>
         <run_address>0x48eec</run_address>
         <size>0xb4</size>
         <input_file_ref idref="fl-9"/>
      </object_component>
      <object_component id="oc-a34">
         <name>.text:tcp_oos_insert_segment</name>
         <load_address>0x48fa0</load_address>
         <run_address>0x48fa0</run_address>
         <size>0xb4</size>
         <input_file_ref idref="fl-9"/>
      </object_component>
      <object_component id="oc-7ae">
         <name>.text:lwip_standard_chksum</name>
         <load_address>0x49054</load_address>
         <run_address>0x49054</run_address>
         <size>0xb2</size>
         <input_file_ref idref="fl-9"/>
      </object_component>
      <object_component id="oc-221">
         <name>.text:udp_init</name>
         <load_address>0x49106</load_address>
         <run_address>0x49106</run_address>
         <size>0x2</size>
         <input_file_ref idref="fl-9"/>
      </object_component>
      <object_component id="oc-85f">
         <name>.text:netif_set_ipaddr</name>
         <load_address>0x49108</load_address>
         <run_address>0x49108</run_address>
         <size>0xb0</size>
         <input_file_ref idref="fl-9"/>
      </object_component>
      <object_component id="oc-4e1">
         <name>.text:tcp_rst</name>
         <load_address>0x491b8</load_address>
         <run_address>0x491b8</run_address>
         <size>0xb0</size>
         <input_file_ref idref="fl-9"/>
      </object_component>
      <object_component id="oc-7c5">
         <name>.text:tcp_timewait_input</name>
         <load_address>0x49268</load_address>
         <run_address>0x49268</run_address>
         <size>0xb0</size>
         <input_file_ref idref="fl-9"/>
      </object_component>
      <object_component id="oc-617">
         <name>.text:plug_holes</name>
         <load_address>0x49318</load_address>
         <run_address>0x49318</run_address>
         <size>0xac</size>
         <input_file_ref idref="fl-9"/>
      </object_component>
      <object_component id="oc-69a">
         <name>.text:tcp_output_alloc_header</name>
         <load_address>0x493c4</load_address>
         <run_address>0x493c4</run_address>
         <size>0xac</size>
         <input_file_ref idref="fl-9"/>
      </object_component>
      <object_component id="oc-ac6">
         <name>.text:tcp_pbuf_prealloc</name>
         <load_address>0x49470</load_address>
         <run_address>0x49470</run_address>
         <size>0xaa</size>
         <input_file_ref idref="fl-9"/>
      </object_component>
      <object_component id="oc-ba6">
         <name>.text:check_fs</name>
         <load_address>0x4951c</load_address>
         <run_address>0x4951c</run_address>
         <size>0xa8</size>
         <input_file_ref idref="fl-d"/>
      </object_component>
      <object_component id="oc-39c">
         <name>.text:memp_malloc</name>
         <load_address>0x495c4</load_address>
         <run_address>0x495c4</run_address>
         <size>0xa8</size>
         <input_file_ref idref="fl-9"/>
      </object_component>
      <object_component id="oc-2c6">
         <name>.text:pbuf_free</name>
         <load_address>0x4966c</load_address>
         <run_address>0x4966c</run_address>
         <size>0xa8</size>
         <input_file_ref idref="fl-9"/>
      </object_component>
      <object_component id="oc-ac0">
         <name>.text:tcp_write_checks</name>
         <load_address>0x49714</load_address>
         <run_address>0x49714</run_address>
         <size>0xa8</size>
         <input_file_ref idref="fl-9"/>
      </object_component>
      <object_component id="oc-140">
         <name>.text:tivaif_process_transmit</name>
         <load_address>0x497bc</load_address>
         <run_address>0x497bc</run_address>
         <size>0xa8</size>
         <input_file_ref idref="fl-9"/>
      </object_component>
      <object_component id="oc-b6b">
         <name>.text:send_cmd</name>
         <load_address>0x49864</load_address>
         <run_address>0x49864</run_address>
         <size>0xa2</size>
         <input_file_ref idref="fl-e"/>
      </object_component>
      <object_component id="oc-1f7">
         <name>.text:LocatorInit</name>
         <load_address>0x49908</load_address>
         <run_address>0x49908</run_address>
         <size>0xa0</size>
         <input_file_ref idref="fl-8"/>
      </object_component>
      <object_component id="oc-80b">
         <name>.text:icmp_send_response</name>
         <load_address>0x499a8</load_address>
         <run_address>0x499a8</run_address>
         <size>0xa0</size>
         <input_file_ref idref="fl-9"/>
      </object_component>
      <object_component id="oc-7fc">
         <name>.text:inet_chksum_pbuf</name>
         <load_address>0x49a48</load_address>
         <run_address>0x49a48</run_address>
         <size>0xa0</size>
         <input_file_ref idref="fl-9"/>
      </object_component>
      <object_component id="oc-7db">
         <name>.text:tcp_pcb_remove</name>
         <load_address>0x49ae8</load_address>
         <run_address>0x49ae8</run_address>
         <size>0xa0</size>
         <input_file_ref idref="fl-9"/>
      </object_component>
      <object_component id="oc-13a">
         <name>.text:tivaif_process_phy_interrupt</name>
         <load_address>0x49b88</load_address>
         <run_address>0x49b88</run_address>
         <size>0xa0</size>
         <input_file_ref idref="fl-9"/>
      </object_component>
      <object_component id="oc-14f">
         <name>.text:lwIPHostTimerHandler</name>
         <load_address>0x49c28</load_address>
         <run_address>0x49c28</run_address>
         <size>0x9c</size>
         <input_file_ref idref="fl-2"/>
      </object_component>
      <object_component id="oc-65">
         <name>.text</name>
         <load_address>0x49cc4</load_address>
         <run_address>0x49cc4</run_address>
         <size>0x9c</size>
         <input_file_ref idref="fl-143"/>
      </object_component>
      <object_component id="oc-b19">
         <name>.text:remove_chain</name>
         <load_address>0x49d60</load_address>
         <run_address>0x49d60</run_address>
         <size>0x9a</size>
         <input_file_ref idref="fl-d"/>
      </object_component>
      <object_component id="oc-2ef">
         <name>.text:SoftwareUpdateInit</name>
         <load_address>0x49dfc</load_address>
         <run_address>0x49dfc</run_address>
         <size>0x98</size>
         <input_file_ref idref="fl-7"/>
      </object_component>
      <object_component id="oc-50">
         <name>.text</name>
         <load_address>0x49e94</load_address>
         <run_address>0x49e94</run_address>
         <size>0x94</size>
         <input_file_ref idref="fl-14f"/>
      </object_component>
      <object_component id="oc-70e">
         <name>.text:tcp_new_port</name>
         <load_address>0x49f28</load_address>
         <run_address>0x49f28</run_address>
         <size>0x94</size>
         <input_file_ref idref="fl-9"/>
      </object_component>
      <object_component id="oc-404">
         <name>.text:calcChecksum</name>
         <load_address>0x49fbc</load_address>
         <run_address>0x49fbc</run_address>
         <size>0x90</size>
         <input_file_ref idref="fl-2"/>
      </object_component>
      <object_component id="oc-a1c">
         <name>.text:tcp_rexmit_fast</name>
         <load_address>0x4a04c</load_address>
         <run_address>0x4a04c</run_address>
         <size>0x8e</size>
         <input_file_ref idref="fl-9"/>
      </object_component>
      <object_component id="oc-41c">
         <name>.text:z_I2CMasterInitExpClk</name>
         <load_address>0x4a0dc</load_address>
         <run_address>0x4a0dc</run_address>
         <size>0x8c</size>
         <input_file_ref idref="fl-2"/>
      </object_component>
      <object_component id="oc-9ec">
         <name>.text:http_write</name>
         <load_address>0x4a168</load_address>
         <run_address>0x4a168</run_address>
         <size>0x88</size>
         <input_file_ref idref="fl-c"/>
      </object_component>
      <object_component id="oc-466">
         <name>.text:mem_free</name>
         <load_address>0x4a1f0</load_address>
         <run_address>0x4a1f0</run_address>
         <size>0x88</size>
         <input_file_ref idref="fl-9"/>
      </object_component>
      <object_component id="oc-30f">
         <name>.text:tcp_fasttmr</name>
         <load_address>0x4a278</load_address>
         <run_address>0x4a278</run_address>
         <size>0x88</size>
         <input_file_ref idref="fl-9"/>
      </object_component>
      <object_component id="oc-5e6">
         <name>.text:waitIICBus</name>
         <load_address>0x4a300</load_address>
         <run_address>0x4a300</run_address>
         <size>0x88</size>
         <input_file_ref idref="fl-2"/>
      </object_component>
      <object_component id="oc-5c4">
         <name>.text:ip_route</name>
         <load_address>0x4a388</load_address>
         <run_address>0x4a388</run_address>
         <size>0x84</size>
         <input_file_ref idref="fl-9"/>
      </object_component>
      <object_component id="oc-36f">
         <name>.text:lwIPPrivateInit</name>
         <load_address>0x4a40c</load_address>
         <run_address>0x4a40c</run_address>
         <size>0x84</size>
         <input_file_ref idref="fl-9"/>
      </object_component>
      <object_component id="oc-8e2">
         <name>.text:tcp_kill_prio</name>
         <load_address>0x4a490</load_address>
         <run_address>0x4a490</run_address>
         <size>0x84</size>
         <input_file_ref idref="fl-9"/>
      </object_component>
      <object_component id="oc-9f8">
         <name>.text:fs_read</name>
         <load_address>0x4a514</load_address>
         <run_address>0x4a514</run_address>
         <size>0x82</size>
         <input_file_ref idref="fl-4"/>
      </object_component>
      <object_component id="oc-8b5">
         <name>.text:etharp_output_to_arp_index</name>
         <load_address>0x4a598</load_address>
         <run_address>0x4a598</run_address>
         <size>0x80</size>
         <input_file_ref idref="fl-9"/>
      </object_component>
      <object_component id="oc-bbb">
         <name>.text:dir_find</name>
         <load_address>0x4a618</load_address>
         <run_address>0x4a618</run_address>
         <size>0x7e</size>
         <input_file_ref idref="fl-d"/>
      </object_component>
      <object_component id="oc-bd9">
         <name>.text:sync_window</name>
         <load_address>0x4a696</load_address>
         <run_address>0x4a696</run_address>
         <size>0x7e</size>
         <input_file_ref idref="fl-d"/>
      </object_component>
      <object_component id="oc-67f">
         <name>.text:tcp_send_empty_ack</name>
         <load_address>0x4a714</load_address>
         <run_address>0x4a714</run_address>
         <size>0x7e</size>
         <input_file_ref idref="fl-9"/>
      </object_component>
      <object_component id="oc-6c7">
         <name>.text:mem_init</name>
         <load_address>0x4a794</load_address>
         <run_address>0x4a794</run_address>
         <size>0x7c</size>
         <input_file_ref idref="fl-9"/>
      </object_component>
      <object_component id="oc-96e">
         <name>.text:tcp_rexmit</name>
         <load_address>0x4a810</load_address>
         <run_address>0x4a810</run_address>
         <size>0x7c</size>
         <input_file_ref idref="fl-9"/>
      </object_component>
      <object_component id="oc-b96">
         <name>.text:xmit_datablock</name>
         <load_address>0x4a88c</load_address>
         <run_address>0x4a88c</run_address>
         <size>0x7a</size>
         <input_file_ref idref="fl-e"/>
      </object_component>
      <object_component id="oc-bc2">
         <name>.text:dir_alloc</name>
         <load_address>0x4a906</load_address>
         <run_address>0x4a906</run_address>
         <size>0x78</size>
         <input_file_ref idref="fl-d"/>
      </object_component>
      <object_component id="oc-532">
         <name>.text:netif_add</name>
         <load_address>0x4a980</load_address>
         <run_address>0x4a980</run_address>
         <size>0x78</size>
         <input_file_ref idref="fl-9"/>
      </object_component>
      <object_component id="oc-3a2">
         <name>.text</name>
         <load_address>0x4a9f8</load_address>
         <run_address>0x4a9f8</run_address>
         <size>0x78</size>
         <input_file_ref idref="fl-144"/>
      </object_component>
      <object_component id="oc-c23">
         <name>.text:send_initial_clock_train</name>
         <load_address>0x4aa70</load_address>
         <run_address>0x4aa70</run_address>
         <size>0x78</size>
         <input_file_ref idref="fl-e"/>
      </object_component>
      <object_component id="oc-1ac">
         <name>.text:UARTStdioConfig</name>
         <load_address>0x4aae8</load_address>
         <run_address>0x4aae8</run_address>
         <size>0x74</size>
         <input_file_ref idref="fl-a"/>
      </object_component>
      <object_component id="oc-98b">
         <name>.text:tcp_update_rcv_ann_wnd</name>
         <load_address>0x4ab5c</load_address>
         <run_address>0x4ab5c</run_address>
         <size>0x74</size>
         <input_file_ref idref="fl-9"/>
      </object_component>
      <object_component id="oc-4cc">
         <name>.text:tcp_keepalive</name>
         <load_address>0x4abd0</load_address>
         <run_address>0x4abd0</run_address>
         <size>0x70</size>
         <input_file_ref idref="fl-9"/>
      </object_component>
      <object_component id="oc-a61">
         <name>.text:http_get_404_file</name>
         <load_address>0x4ac40</load_address>
         <run_address>0x4ac40</run_address>
         <size>0x6f</size>
         <input_file_ref idref="fl-c"/>
      </object_component>
      <object_component id="oc-3f6">
         <name>.text:ControlCGIHandler</name>
         <load_address>0x4acb0</load_address>
         <run_address>0x4acb0</run_address>
         <size>0x6c</size>
         <input_file_ref idref="fl-2"/>
      </object_component>
      <object_component id="oc-577">
         <name>.text:http_accept</name>
         <load_address>0x4ad1c</load_address>
         <run_address>0x4ad1c</run_address>
         <size>0x6c</size>
         <input_file_ref idref="fl-c"/>
      </object_component>
      <object_component id="oc-636">
         <name>.text:ip4_addr_isbroadcast</name>
         <load_address>0x4ad88</load_address>
         <run_address>0x4ad88</run_address>
         <size>0x6c</size>
         <input_file_ref idref="fl-9"/>
      </object_component>
      <object_component id="oc-3a8">
         <name>.text:udp_new_port</name>
         <load_address>0x4adf4</load_address>
         <run_address>0x4adf4</run_address>
         <size>0x6c</size>
         <input_file_ref idref="fl-9"/>
      </object_component>
      <object_component id="oc-4d8">
         <name>.text:tcp_pcb_purge</name>
         <load_address>0x4ae60</load_address>
         <run_address>0x4ae60</run_address>
         <size>0x6a</size>
         <input_file_ref idref="fl-9"/>
      </object_component>
      <object_component id="oc-47">
         <name>.text:lwIPEthernetIntHandler</name>
         <load_address>0x4aecc</load_address>
         <run_address>0x4aecc</run_address>
         <size>0x68</size>
         <input_file_ref idref="fl-9"/>
      </object_component>
      <object_component id="oc-9f">
         <name>.text:lwIPServiceTimers</name>
         <load_address>0x4af34</load_address>
         <run_address>0x4af34</run_address>
         <size>0x68</size>
         <input_file_ref idref="fl-9"/>
      </object_component>
      <object_component id="oc-8c9">
         <name>.text:tivaif_check_pbuf</name>
         <load_address>0x4af9c</load_address>
         <run_address>0x4af9c</run_address>
         <size>0x68</size>
         <input_file_ref idref="fl-9"/>
      </object_component>
      <object_component id="oc-b77">
         <name>.text:send_cmd12</name>
         <load_address>0x4b004</load_address>
         <run_address>0x4b004</run_address>
         <size>0x64</size>
         <input_file_ref idref="fl-e"/>
      </object_component>
      <object_component id="oc-8a8">
         <name>.text:IntEnable</name>
         <load_address>0x4b068</load_address>
         <run_address>0x4b068</run_address>
         <size>0x60</size>
         <input_file_ref idref="fl-153"/>
      </object_component>
      <object_component id="oc-8fe">
         <name>.text:http_close_conn</name>
         <load_address>0x4b0c8</load_address>
         <run_address>0x4b0c8</run_address>
         <size>0x60</size>
         <input_file_ref idref="fl-c"/>
      </object_component>
      <object_component id="oc-c29">
         <name>.text:set_max_speed</name>
         <load_address>0x4b128</load_address>
         <run_address>0x4b128</run_address>
         <size>0x60</size>
         <input_file_ref idref="fl-e"/>
      </object_component>
      <object_component id="oc-9d9">
         <name>.text:strnstr</name>
         <load_address>0x4b188</load_address>
         <run_address>0x4b188</run_address>
         <size>0x60</size>
         <input_file_ref idref="fl-c"/>
      </object_component>
      <object_component id="oc-aa1">
         <name>.text:ustrncmp</name>
         <load_address>0x4b1e8</load_address>
         <run_address>0x4b1e8</run_address>
         <size>0x60</size>
         <input_file_ref idref="fl-b"/>
      </object_component>
      <object_component id="oc-752">
         <name>.text:http_poll</name>
         <load_address>0x4b248</load_address>
         <run_address>0x4b248</run_address>
         <size>0x5e</size>
         <input_file_ref idref="fl-c"/>
      </object_component>
      <object_component id="oc-78">
         <name>.text</name>
         <load_address>0x4b2a6</load_address>
         <run_address>0x4b2a6</run_address>
         <size>0x5e</size>
         <input_file_ref idref="fl-13f"/>
      </object_component>
      <object_component id="oc-23f">
         <name>.text:SoftwareUpdateBegin</name>
         <load_address>0x4b304</load_address>
         <run_address>0x4b304</run_address>
         <size>0x5c</size>
         <input_file_ref idref="fl-7"/>
      </object_component>
      <object_component id="oc-460">
         <name>.text:memp_free</name>
         <load_address>0x4b360</load_address>
         <run_address>0x4b360</run_address>
         <size>0x5c</size>
         <input_file_ref idref="fl-9"/>
      </object_component>
      <object_component id="oc-b71">
         <name>.text:rcvr_datablock</name>
         <load_address>0x4b3bc</load_address>
         <run_address>0x4b3bc</run_address>
         <size>0x5c</size>
         <input_file_ref idref="fl-e"/>
      </object_component>
      <object_component id="oc-a46">
         <name>.text:tcp_send_fin</name>
         <load_address>0x4b418</load_address>
         <run_address>0x4b418</run_address>
         <size>0x5c</size>
         <input_file_ref idref="fl-9"/>
      </object_component>
      <object_component id="oc-369">
         <name>.text:EMACPHYConfigSet</name>
         <load_address>0x4b474</load_address>
         <run_address>0x4b474</run_address>
         <size>0x58</size>
         <input_file_ref idref="fl-157"/>
      </object_component>
      <object_component id="oc-99">
         <name>.text:tivaif_interrupt</name>
         <load_address>0x4b4cc</load_address>
         <run_address>0x4b4cc</run_address>
         <size>0x58</size>
         <input_file_ref idref="fl-9"/>
      </object_component>
      <object_component id="oc-762">
         <name>.text:ustrncpy</name>
         <load_address>0x4b524</load_address>
         <run_address>0x4b524</run_address>
         <size>0x58</size>
         <input_file_ref idref="fl-b"/>
      </object_component>
      <object_component id="oc-203">
         <name>.text:LocatorAppTitleSet</name>
         <load_address>0x4b57c</load_address>
         <run_address>0x4b57c</run_address>
         <size>0x54</size>
         <input_file_ref idref="fl-8"/>
      </object_component>
      <object_component id="oc-1fd">
         <name>.text:LocatorMACAddrSet</name>
         <load_address>0x4b5d0</load_address>
         <run_address>0x4b5d0</run_address>
         <size>0x54</size>
         <input_file_ref idref="fl-8"/>
      </object_component>
      <object_component id="oc-b01">
         <name>.text:dir_register</name>
         <load_address>0x4b624</load_address>
         <run_address>0x4b624</run_address>
         <size>0x54</size>
         <input_file_ref idref="fl-d"/>
      </object_component>
      <object_component id="oc-8dc">
         <name>.text:tcp_kill_timewait</name>
         <load_address>0x4b678</load_address>
         <run_address>0x4b678</run_address>
         <size>0x54</size>
         <input_file_ref idref="fl-9"/>
      </object_component>
      <object_component id="oc-513">
         <name>.text:SysCtlPeripheralReset</name>
         <load_address>0x4b6cc</load_address>
         <run_address>0x4b6cc</run_address>
         <size>0x50</size>
         <input_file_ref idref="fl-152"/>
      </object_component>
      <object_component id="oc-4c6">
         <name>.text:tcp_rexmit_rto</name>
         <load_address>0x4b71c</load_address>
         <run_address>0x4b71c</run_address>
         <size>0x50</size>
         <input_file_ref idref="fl-9"/>
      </object_component>
      <object_component id="oc-6ac">
         <name>.text:ip_output</name>
         <load_address>0x4b76c</load_address>
         <run_address>0x4b76c</run_address>
         <size>0x4c</size>
         <input_file_ref idref="fl-9"/>
      </object_component>
      <object_component id="oc-822">
         <name>.text:tcp_eff_send_mss</name>
         <load_address>0x4b7b8</load_address>
         <run_address>0x4b7b8</run_address>
         <size>0x4a</size>
         <input_file_ref idref="fl-9"/>
      </object_component>
      <object_component id="oc-1b8">
         <name>.text:GPIOPinConfigure</name>
         <load_address>0x4b804</load_address>
         <run_address>0x4b804</run_address>
         <size>0x48</size>
         <input_file_ref idref="fl-155"/>
      </object_component>
      <object_component id="oc-32c">
         <name>.text:_SysCtlFrequencyGet</name>
         <load_address>0x4b84c</load_address>
         <run_address>0x4b84c</run_address>
         <size>0x48</size>
         <input_file_ref idref="fl-152"/>
      </object_component>
      <object_component id="oc-305">
         <name>.text:etharp_free_entry</name>
         <load_address>0x4b894</load_address>
         <run_address>0x4b894</run_address>
         <size>0x48</size>
         <input_file_ref idref="fl-9"/>
      </object_component>
      <object_component id="oc-11">
         <name>.text</name>
         <load_address>0x4b8dc</load_address>
         <run_address>0x4b8dc</run_address>
         <size>0x48</size>
         <input_file_ref idref="fl-13d"/>
      </object_component>
      <object_component id="oc-82b">
         <name>.text:tcp_recved</name>
         <load_address>0x4b924</load_address>
         <run_address>0x4b924</run_address>
         <size>0x48</size>
         <input_file_ref idref="fl-9"/>
      </object_component>
      <object_component id="oc-2cd">
         <name>.text:pbuf_cat</name>
         <load_address>0x4b96c</load_address>
         <run_address>0x4b96c</run_address>
         <size>0x46</size>
         <input_file_ref idref="fl-9"/>
      </object_component>
      <object_component id="oc-818">
         <name>.text:etharp_send_ip</name>
         <load_address>0x4b9b2</load_address>
         <run_address>0x4b9b2</run_address>
         <size>0x44</size>
         <input_file_ref idref="fl-9"/>
      </object_component>
      <object_component id="oc-b8">
         <name>.text</name>
         <load_address>0x4b9f8</load_address>
         <run_address>0x4b9f8</run_address>
         <size>0x44</size>
         <input_file_ref idref="fl-150"/>
      </object_component>
      <object_component id="oc-5b">
         <name>.text</name>
         <load_address>0x4ba3c</load_address>
         <run_address>0x4ba3c</run_address>
         <size>0x44</size>
         <input_file_ref idref="fl-141"/>
      </object_component>
      <object_component id="oc-547">
         <name>.text:tivaif_init</name>
         <load_address>0x4ba80</load_address>
         <run_address>0x4ba80</run_address>
         <size>0x44</size>
         <input_file_ref idref="fl-9"/>
      </object_component>
      <object_component id="oc-410">
         <name>.text:udp_sendto</name>
         <load_address>0x4bac4</load_address>
         <run_address>0x4bac4</run_address>
         <size>0x44</size>
         <input_file_ref idref="fl-9"/>
      </object_component>
      <object_component id="oc-5ba">
         <name>.text:FindCGIParameter</name>
         <load_address>0x4bb08</load_address>
         <run_address>0x4bb08</run_address>
         <size>0x42</size>
         <input_file_ref idref="fl-3"/>
      </object_component>
      <object_component id="oc-768">
         <name>.text</name>
         <load_address>0x4bb4a</load_address>
         <run_address>0x4bb4a</run_address>
         <size>0x42</size>
         <input_file_ref idref="fl-14c"/>
      </object_component>
      <object_component id="oc-acd">
         <name>.text:validate</name>
         <load_address>0x4bb8c</load_address>
         <run_address>0x4bb8c</run_address>
         <size>0x42</size>
         <input_file_ref idref="fl-d"/>
      </object_component>
      <object_component id="oc-2e9">
         <name>.text:DisplayIPAddress</name>
         <load_address>0x4bbd0</load_address>
         <run_address>0x4bbd0</run_address>
         <size>0x40</size>
         <input_file_ref idref="fl-2"/>
      </object_component>
      <object_component id="oc-386">
         <name>.text:httpd_init_addr</name>
         <load_address>0x4bc10</load_address>
         <run_address>0x4bc10</run_address>
         <size>0x40</size>
         <input_file_ref idref="fl-c"/>
      </object_component>
      <object_component id="oc-b0d">
         <name>.text:ld_clust</name>
         <load_address>0x4bc50</load_address>
         <run_address>0x4bc50</run_address>
         <size>0x3c</size>
         <input_file_ref idref="fl-d"/>
      </object_component>
      <object_component id="oc-b1f">
         <name>.text:move_window</name>
         <load_address>0x4bc8c</load_address>
         <run_address>0x4bc8c</run_address>
         <size>0x3c</size>
         <input_file_ref idref="fl-d"/>
      </object_component>
      <object_component id="oc-2ad">
         <name>.text:netif_set_link_up</name>
         <load_address>0x4bcc8</load_address>
         <run_address>0x4bcc8</run_address>
         <size>0x3c</size>
         <input_file_ref idref="fl-9"/>
      </object_component>
      <object_component id="oc-53e">
         <name>.text:netif_set_up</name>
         <load_address>0x4bd04</load_address>
         <run_address>0x4bd04</run_address>
         <size>0x3c</size>
         <input_file_ref idref="fl-9"/>
      </object_component>
      <object_component id="oc-8a2">
         <name>.text:EMACIntEnable</name>
         <load_address>0x4bd40</load_address>
         <run_address>0x4bd40</run_address>
         <size>0x3a</size>
         <input_file_ref idref="fl-157"/>
      </object_component>
      <object_component id="oc-c41">
         <name>.text:mem_cmp</name>
         <load_address>0x4bd7a</load_address>
         <run_address>0x4bd7a</run_address>
         <size>0x3a</size>
         <input_file_ref idref="fl-d"/>
      </object_component>
      <object_component id="oc-ae5">
         <name>.text:mem_cpy</name>
         <load_address>0x4bdb4</load_address>
         <run_address>0x4bdb4</run_address>
         <size>0x3a</size>
         <input_file_ref idref="fl-d"/>
      </object_component>
      <object_component id="oc-693">
         <name>.text:tcp_recv_null</name>
         <load_address>0x4bdee</load_address>
         <run_address>0x4bdee</run_address>
         <size>0x3a</size>
         <input_file_ref idref="fl-9"/>
      </object_component>
      <object_component id="oc-44a">
         <name>.text:etharp_request</name>
         <load_address>0x4be28</load_address>
         <run_address>0x4be28</run_address>
         <size>0x38</size>
         <input_file_ref idref="fl-9"/>
      </object_component>
      <object_component id="oc-911">
         <name>.text:http_state_free</name>
         <load_address>0x4be60</load_address>
         <run_address>0x4be60</run_address>
         <size>0x38</size>
         <input_file_ref idref="fl-c"/>
      </object_component>
      <object_component id="oc-714">
         <name>.text:tcp_timer_needed</name>
         <load_address>0x4be98</load_address>
         <run_address>0x4be98</run_address>
         <size>0x38</size>
         <input_file_ref idref="fl-9"/>
      </object_component>
      <object_component id="oc-8f1">
         <name>.text:tcpip_tcp_timer</name>
         <load_address>0x4bed0</load_address>
         <run_address>0x4bed0</run_address>
         <size>0x38</size>
         <input_file_ref idref="fl-9"/>
      </object_component>
      <object_component id="oc-2b9">
         <name>.text:EMACConfigGet</name>
         <load_address>0x4bf08</load_address>
         <run_address>0x4bf08</run_address>
         <size>0x34</size>
         <input_file_ref idref="fl-157"/>
      </object_component>
      <object_component id="oc-2bf">
         <name>.text:EMACConfigSet</name>
         <load_address>0x4bf3c</load_address>
         <run_address>0x4bf3c</run_address>
         <size>0x34</size>
         <input_file_ref idref="fl-157"/>
      </object_component>
      <object_component id="oc-890">
         <name>.text:EMACIntClear</name>
         <load_address>0x4bf70</load_address>
         <run_address>0x4bf70</run_address>
         <size>0x34</size>
         <input_file_ref idref="fl-157"/>
      </object_component>
      <object_component id="oc-1b2">
         <name>.text:SysCtlPeripheralEnable</name>
         <load_address>0x4bfa4</load_address>
         <run_address>0x4bfa4</run_address>
         <size>0x34</size>
         <input_file_ref idref="fl-152"/>
      </object_component>
      <object_component id="oc-519">
         <name>.text:SysCtlPeripheralReady</name>
         <load_address>0x4bfd8</load_address>
         <run_address>0x4bfd8</run_address>
         <size>0x34</size>
         <input_file_ref idref="fl-152"/>
      </object_component>
      <object_component id="oc-a73">
         <name>.text</name>
         <load_address>0x4c00c</load_address>
         <run_address>0x4c00c</run_address>
         <size>0x34</size>
         <input_file_ref idref="fl-14b"/>
      </object_component>
      <object_component id="oc-bc8">
         <name>.text:mem_set</name>
         <load_address>0x4c040</load_address>
         <run_address>0x4c040</run_address>
         <size>0x32</size>
         <input_file_ref idref="fl-d"/>
      </object_component>
      <object_component id="oc-3d0">
         <name>.text:usprintf</name>
         <load_address>0x4c072</load_address>
         <run_address>0x4c072</run_address>
         <size>0x32</size>
         <input_file_ref idref="fl-b"/>
      </object_component>
      <object_component id="oc-ad9">
         <name>.text:clust2sect</name>
         <load_address>0x4c0a4</load_address>
         <run_address>0x4c0a4</run_address>
         <size>0x30</size>
         <input_file_ref idref="fl-d"/>
      </object_component>
      <object_component id="oc-3ca">
         <name>.text:usnprintf</name>
         <load_address>0x4c0d4</load_address>
         <run_address>0x4c0d4</run_address>
         <size>0x30</size>
         <input_file_ref idref="fl-b"/>
      </object_component>
      <object_component id="oc-c00">
         <name>.text:wait_ready</name>
         <load_address>0x4c104</load_address>
         <run_address>0x4c104</run_address>
         <size>0x30</size>
         <input_file_ref idref="fl-e"/>
      </object_component>
      <object_component id="oc-c06">
         <name>.text:xmit_spi</name>
         <load_address>0x4c134</load_address>
         <run_address>0x4c134</run_address>
         <size>0x30</size>
         <input_file_ref idref="fl-e"/>
      </object_component>
      <object_component id="oc-758">
         <name>.text:http_sent</name>
         <load_address>0x4c164</load_address>
         <run_address>0x4c164</run_address>
         <size>0x2e</size>
         <input_file_ref idref="fl-c"/>
      </object_component>
      <object_component id="oc-8cf">
         <name>.text:pbuf_clen</name>
         <load_address>0x4c192</load_address>
         <run_address>0x4c192</run_address>
         <size>0x2e</size>
         <input_file_ref idref="fl-9"/>
      </object_component>
      <object_component id="oc-b13">
         <name>.text:st_clust</name>
         <load_address>0x4c1c0</load_address>
         <run_address>0x4c1c0</run_address>
         <size>0x2e</size>
         <input_file_ref idref="fl-d"/>
      </object_component>
      <object_component id="oc-88a">
         <name>.text:EMACIntStatus</name>
         <load_address>0x4c1ee</load_address>
         <run_address>0x4c1ee</run_address>
         <size>0x2c</size>
         <input_file_ref idref="fl-157"/>
      </object_component>
      <object_component id="oc-215">
         <name>.text:http_set_ssi_handler</name>
         <load_address>0x4c21c</load_address>
         <run_address>0x4c21c</run_address>
         <size>0x2c</size>
         <input_file_ref idref="fl-c"/>
      </object_component>
      <object_component id="oc-52c">
         <name>.text:lwip_htonl</name>
         <load_address>0x4c248</load_address>
         <run_address>0x4c248</run_address>
         <size>0x2c</size>
         <input_file_ref idref="fl-9"/>
      </object_component>
      <object_component id="oc-b83">
         <name>.text:rcvr_spi</name>
         <load_address>0x4c274</load_address>
         <run_address>0x4c274</run_address>
         <size>0x2c</size>
         <input_file_ref idref="fl-e"/>
      </object_component>
      <object_component id="oc-359">
         <name>.text:GPIODirModeSet</name>
         <load_address>0x4c2a0</load_address>
         <run_address>0x4c2a0</run_address>
         <size>0x2a</size>
         <input_file_ref idref="fl-155"/>
      </object_component>
      <object_component id="oc-9f2">
         <name>.text:fs_bytes_left</name>
         <load_address>0x4c2ca</load_address>
         <run_address>0x4c2ca</run_address>
         <size>0x2a</size>
         <input_file_ref idref="fl-4"/>
      </object_component>
      <object_component id="oc-6e7">
         <name>.text:netif_set_addr</name>
         <load_address>0x4c2f4</load_address>
         <run_address>0x4c2f4</run_address>
         <size>0x2a</size>
         <input_file_ref idref="fl-9"/>
      </object_component>
      <object_component id="oc-a2e">
         <name>.text:tcp_seg_copy</name>
         <load_address>0x4c31e</load_address>
         <run_address>0x4c31e</run_address>
         <size>0x2a</size>
         <input_file_ref idref="fl-9"/>
      </object_component>
      <object_component id="oc-c3a">
         <name>.text:chk_chr</name>
         <load_address>0x4c348</load_address>
         <run_address>0x4c348</run_address>
         <size>0x28</size>
         <input_file_ref idref="fl-d"/>
      </object_component>
      <object_component id="oc-728">
         <name>.text:http_state_alloc</name>
         <load_address>0x4c370</load_address>
         <run_address>0x4c370</run_address>
         <size>0x28</size>
         <input_file_ref idref="fl-c"/>
      </object_component>
      <object_component id="oc-89">
         <name>.text:lwIPTimer</name>
         <load_address>0x4c398</load_address>
         <run_address>0x4c398</run_address>
         <size>0x28</size>
         <input_file_ref idref="fl-9"/>
      </object_component>
      <object_component id="oc-604">
         <name>.text:sleepI2C</name>
         <load_address>0x4c3c0</load_address>
         <run_address>0x4c3c0</run_address>
         <size>0x28</size>
         <input_file_ref idref="fl-2"/>
      </object_component>
      <object_component id="oc-2a7">
         <name>.text:EMACPHYRead</name>
         <load_address>0x4c3e8</load_address>
         <run_address>0x4c3e8</run_address>
         <size>0x26</size>
         <input_file_ref idref="fl-157"/>
      </object_component>
      <object_component id="oc-87e">
         <name>.text:EMACPHYWrite</name>
         <load_address>0x4c40e</load_address>
         <run_address>0x4c40e</run_address>
         <size>0x26</size>
         <input_file_ref idref="fl-157"/>
      </object_component>
      <object_component id="oc-9df">
         <name>.text</name>
         <load_address>0x4c434</load_address>
         <run_address>0x4c434</run_address>
         <size>0x26</size>
         <input_file_ref idref="fl-14a"/>
      </object_component>
      <object_component id="oc-20f">
         <name>.text:IntPrioritySet</name>
         <load_address>0x4c45c</load_address>
         <run_address>0x4c45c</run_address>
         <size>0x24</size>
         <input_file_ref idref="fl-153"/>
      </object_component>
      <object_component id="oc-666">
         <name>.text:lwip_htons</name>
         <load_address>0x4c480</load_address>
         <run_address>0x4c480</run_address>
         <size>0x24</size>
         <input_file_ref idref="fl-9"/>
      </object_component>
      <object_component id="oc-239">
         <name>.text:sleep</name>
         <load_address>0x4c4a4</load_address>
         <run_address>0x4c4a4</run_address>
         <size>0x24</size>
         <input_file_ref idref="fl-2"/>
      </object_component>
      <object_component id="oc-2b3">
         <name>.text:netif_set_link_down</name>
         <load_address>0x4c4c8</load_address>
         <run_address>0x4c4c8</run_address>
         <size>0x22</size>
         <input_file_ref idref="fl-9"/>
      </object_component>
      <object_component id="oc-8c3">
         <name>.text:pbuf_ref</name>
         <load_address>0x4c4ea</load_address>
         <run_address>0x4c4ea</run_address>
         <size>0x22</size>
         <input_file_ref idref="fl-9"/>
      </object_component>
      <object_component id="oc-46e">
         <name>.text</name>
         <load_address>0x4c50c</load_address>
         <run_address>0x4c50c</run_address>
         <size>0x22</size>
         <input_file_ref idref="fl-142"/>
      </object_component>
      <object_component id="oc-73a">
         <name>.text:tcp_poll</name>
         <load_address>0x4c52e</load_address>
         <run_address>0x4c52e</run_address>
         <size>0x22</size>
         <input_file_ref idref="fl-9"/>
      </object_component>
      <object_component id="oc-227">
         <name>.text:udp_new</name>
         <load_address>0x4c550</load_address>
         <run_address>0x4c550</run_address>
         <size>0x22</size>
         <input_file_ref idref="fl-9"/>
      </object_component>
      <object_component id="oc-b5c">
         <name>.text:disk_status</name>
         <load_address>0x4c574</load_address>
         <run_address>0x4c574</run_address>
         <size>0x20</size>
         <input_file_ref idref="fl-e"/>
      </object_component>
      <object_component id="oc-21b">
         <name>.text:http_set_cgi_handlers</name>
         <load_address>0x4c594</load_address>
         <run_address>0x4c594</run_address>
         <size>0x20</size>
         <input_file_ref idref="fl-c"/>
      </object_component>
      <object_component id="oc-526">
         <name>.text:lwip_init</name>
         <load_address>0x4c5b4</load_address>
         <run_address>0x4c5b4</run_address>
         <size>0x20</size>
         <input_file_ref idref="fl-9"/>
      </object_component>
      <object_component id="oc-487">
         <name>.text:pbuf_pool_is_empty</name>
         <load_address>0x4c5d4</load_address>
         <run_address>0x4c5d4</run_address>
         <size>0x20</size>
         <input_file_ref idref="fl-9"/>
      </object_component>
      <object_component id="oc-6df">
         <name>.text:sys_timeouts_init</name>
         <load_address>0x4c5f4</load_address>
         <run_address>0x4c5f4</run_address>
         <size>0x20</size>
         <input_file_ref idref="fl-9"/>
      </object_component>
      <object_component id="oc-831">
         <name>.text:tcp_close</name>
         <load_address>0x4c614</load_address>
         <run_address>0x4c614</run_address>
         <size>0x20</size>
         <input_file_ref idref="fl-9"/>
      </object_component>
      <object_component id="oc-68b">
         <name>.text:tcp_seg_free</name>
         <load_address>0x4c634</load_address>
         <run_address>0x4c634</run_address>
         <size>0x20</size>
         <input_file_ref idref="fl-9"/>
      </object_component>
      <object_component id="oc-4d2">
         <name>.text:tcp_segs_free</name>
         <load_address>0x4c654</load_address>
         <run_address>0x4c654</run_address>
         <size>0x20</size>
         <input_file_ref idref="fl-9"/>
      </object_component>
      <object_component id="oc-15b">
         <name>.text:tcp_tmr</name>
         <load_address>0x4c674</load_address>
         <run_address>0x4c674</run_address>
         <size>0x20</size>
         <input_file_ref idref="fl-9"/>
      </object_component>
      <object_component id="oc-872">
         <name>.text:EMACAddrGet</name>
         <load_address>0x4c694</load_address>
         <run_address>0x4c694</run_address>
         <size>0x1e</size>
         <input_file_ref idref="fl-157"/>
      </object_component>
      <object_component id="oc-b7d">
         <name>.text:DESELECT</name>
         <load_address>0x4c6b4</load_address>
         <run_address>0x4c6b4</run_address>
         <size>0x1c</size>
         <input_file_ref idref="fl-e"/>
      </object_component>
      <object_component id="oc-b65">
         <name>.text:SELECT</name>
         <load_address>0x4c6d0</load_address>
         <run_address>0x4c6d0</run_address>
         <size>0x1c</size>
         <input_file_ref idref="fl-e"/>
      </object_component>
      <object_component id="oc-326">
         <name>.text:_SysCtlMemTimingGet</name>
         <load_address>0x4c6ec</load_address>
         <run_address>0x4c6ec</run_address>
         <size>0x1c</size>
         <input_file_ref idref="fl-152"/>
      </object_component>
      <object_component id="oc-857">
         <name>.text:arp_timer</name>
         <load_address>0x4c708</load_address>
         <run_address>0x4c708</run_address>
         <size>0x1c</size>
         <input_file_ref idref="fl-9"/>
      </object_component>
      <object_component id="oc-538">
         <name>.text:netif_set_default</name>
         <load_address>0x4c724</load_address>
         <run_address>0x4c724</run_address>
         <size>0x1c</size>
         <input_file_ref idref="fl-9"/>
      </object_component>
      <object_component id="oc-86b">
         <name>.text:netif_set_gw</name>
         <load_address>0x4c740</load_address>
         <run_address>0x4c740</run_address>
         <size>0x1c</size>
         <input_file_ref idref="fl-9"/>
      </object_component>
      <object_component id="oc-865">
         <name>.text:netif_set_netmask</name>
         <load_address>0x4c75c</load_address>
         <run_address>0x4c75c</run_address>
         <size>0x1c</size>
         <input_file_ref idref="fl-9"/>
      </object_component>
      <object_component id="oc-45a">
         <name>.text:sys_arch_unprotect</name>
         <load_address>0x4c778</load_address>
         <run_address>0x4c778</run_address>
         <size>0x1c</size>
         <input_file_ref idref="fl-9"/>
      </object_component>
      <object_component id="oc-8e8">
         <name>.text:tcp_next_iss</name>
         <load_address>0x4c794</load_address>
         <run_address>0x4c794</run_address>
         <size>0x1c</size>
         <input_file_ref idref="fl-9"/>
      </object_component>
      <object_component id="oc-a08">
         <name>.text:fs_close</name>
         <load_address>0x4c7b0</load_address>
         <run_address>0x4c7b0</run_address>
         <size>0x1a</size>
         <input_file_ref idref="fl-4"/>
      </object_component>
      <object_component id="oc-233">
         <name>.text:udp_recv</name>
         <load_address>0x4c7ca</load_address>
         <run_address>0x4c7ca</run_address>
         <size>0x1a</size>
         <input_file_ref idref="fl-9"/>
      </object_component>
      <object_component id="oc-1ca">
         <name>.text:GPIOPinTypeGPIOOutput</name>
         <load_address>0x4c7e4</load_address>
         <run_address>0x4c7e4</run_address>
         <size>0x18</size>
         <input_file_ref idref="fl-155"/>
      </object_component>
      <object_component id="oc-41">
         <name>.text:SysTickIntHandler</name>
         <load_address>0x4c7fc</load_address>
         <run_address>0x4c7fc</run_address>
         <size>0x18</size>
         <input_file_ref idref="fl-2"/>
      </object_component>
      <object_component id="oc-74c">
         <name>.text:http_err</name>
         <load_address>0x4c814</load_address>
         <run_address>0x4c814</run_address>
         <size>0x18</size>
         <input_file_ref idref="fl-c"/>
      </object_component>
      <object_component id="oc-62a">
         <name>.text:inet_chksum</name>
         <load_address>0x4c82c</load_address>
         <run_address>0x4c82c</run_address>
         <size>0x18</size>
         <input_file_ref idref="fl-9"/>
      </object_component>
      <object_component id="oc-55">
         <name>.text</name>
         <load_address>0x4c844</load_address>
         <run_address>0x4c844</run_address>
         <size>0x18</size>
         <input_file_ref idref="fl-14e"/>
      </object_component>
      <object_component id="oc-40a">
         <name>.text</name>
         <load_address>0x4c85c</load_address>
         <run_address>0x4c85c</run_address>
         <size>0x18</size>
         <input_file_ref idref="fl-147"/>
[...]
      </symbol>
      <symbol id="sm-1061">
         <name>mem_trim</name>
         <value>0x455d1</value>
         <object_component_ref idref="oc-7b5"/>
      </symbol>
      <symbol id="sm-1062">
         <name>tcp_setprio</name>
         <value>0x4c8f9</value>
         <object_component_ref idref="oc-559"/>
      </symbol>
      <symbol id="sm-1063">
         <name>lwip_stats</name>
         <value>0x20017c78</value>
         <object_component_ref idref="oc-2df"/>
      </symbol>
      <symbol id="sm-1093">
         <name>UARTStdioConfig</name>
         <value>0x4aae9</value>
         <object_component_ref idref="oc-1ac"/>
      </symbol>
      <symbol id="sm-110c">
         <name>uvsnprintf</name>
         <value>0x42831</value>
         <object_component_ref idref="oc-5a8"/>
      </symbol>
      <symbol id="sm-110d">
         <name>ustrncpy</name>
         <value>0x4b525</value>
         <object_component_ref idref="oc-762"/>
      </symbol>
      <symbol id="sm-110e">
         <name>usprintf</name>
         <value>0x4c073</value>
         <object_component_ref idref="oc-3d0"/>
      </symbol>
      <symbol id="sm-110f">
         <name>usnprintf</name>
         <value>0x4c0d5</value>
         <object_component_ref idref="oc-3ca"/>
      </symbol>
      <symbol id="sm-1110">
         <name>ustrncmp</name>
         <value>0x4b1e9</value>
         <object_component_ref idref="oc-aa1"/>
      </symbol>
      <symbol id="sm-1334">
         <name>g_pCGIs</name>
         <value>0x20018018</value>
      </symbol>
      <symbol id="sm-1335">
         <name>g_iNumCGIs</name>
         <value>0x20018014</value>
      </symbol>
      <symbol id="sm-1336">
         <name>g_iNumTags</name>
         <value>0x200189e0</value>
         <object_component_ref idref="oc-392"/>
      </symbol>
      <symbol id="sm-1337">
         <name>http_set_cgi_handlers</name>
         <value>0x4c595</value>
         <object_component_ref idref="oc-21b"/>
      </symbol>
      <symbol id="sm-1338">
         <name>g_pcSSIExtensions</name>
         <value>0x3edc0</value>
         <object_component_ref idref="oc-a04"/>
      </symbol>
      <symbol id="sm-1339">
         <name>httpd_init</name>
         <value>0x4ca89</value>
         <object_component_ref idref="oc-209"/>
      </symbol>
      <symbol id="sm-133a">
         <name>g_ppcTags</name>
         <value>0x200189e4</value>
         <object_component_ref idref="oc-392"/>
      </symbol>
      <symbol id="sm-133b">
         <name>g_pcTagLeadIn</name>
         <value>0x3edd0</value>
         <object_component_ref idref="oc-a04"/>
      </symbol>
      <symbol id="sm-133c">
         <name>g_pfnSSIHandler</name>
         <value>0x200189dc</value>
         <object_component_ref idref="oc-392"/>
      </symbol>
      <symbol id="sm-133d">
         <name>http_set_ssi_handler</name>
         <value>0x4c21d</value>
         <object_component_ref idref="oc-215"/>
      </symbol>
      <symbol id="sm-133e">
         <name>g_psDefaultFilenames</name>
         <value>0x3ed60</value>
         <object_component_ref idref="oc-a7f"/>
      </symbol>
      <symbol id="sm-133f">
         <name>g_pcTagLeadOut</name>
         <value>0x3edd4</value>
         <object_component_ref idref="oc-a04"/>
      </symbol>
      <symbol id="sm-1507">
         <name>f_read</name>
         <value>0x439fd</value>
         <object_component_ref idref="oc-a8d"/>
      </symbol>
      <symbol id="sm-1508">
         <name>clust2sect</name>
         <value>0x4c0a5</value>
         <object_component_ref idref="oc-ad9"/>
      </symbol>
      <symbol id="sm-1509">
         <name>put_fat</name>
         <value>0x44efd</value>
         <object_component_ref idref="oc-bd2"/>
      </symbol>
      <symbol id="sm-150a">
         <name>f_open</name>
         <value>0x44525</value>
         <object_component_ref idref="oc-aa7"/>
      </symbol>
      <symbol id="sm-150b">
         <name>get_fat</name>
         <value>0x46c75</value>
         <object_component_ref idref="oc-ad3"/>
      </symbol>
      <symbol id="sm-1642">
         <name>get_fattime</name>
         <value>0x4cb89</value>
         <object_component_ref idref="oc-b07"/>
      </symbol>
      <symbol id="sm-1643">
         <name>disk_status</name>
         <value>0x4c575</value>
         <object_component_ref idref="oc-b5c"/>
      </symbol>
      <symbol id="sm-1644">
         <name>disk_read</name>
         <value>0x48cc9</value>
         <object_component_ref idref="oc-adf"/>
      </symbol>
      <symbol id="sm-1645">
         <name>disk_initialize</name>
         <value>0x45425</value>
         <object_component_ref idref="oc-ba0"/>
      </symbol>
      <symbol id="sm-1646">
         <name>disk_write</name>
         <value>0x47ed5</value>
         <object_component_ref idref="oc-aeb"/>
      </symbol>
      <symbol id="sm-1672">
         <name>PinoutSet</name>
         <value>0x43791</value>
         <object_component_ref idref="oc-1a6"/>
      </symbol>
      <symbol id="sm-1682">
         <name>_c_int00</name>
         <value>0x4b8dd</value>
         <object_component_ref idref="oc-11"/>
      </symbol>
      <symbol id="sm-1683">
         <name>__stack</name>
         <value>0x200180ac</value>
         <object_component_ref idref="oc-28"/>
      </symbol>
      <symbol id="sm-169a">
         <name>__TI_decompress_none</name>
         <value>0x4cac9</value>
         <object_component_ref idref="oc-16"/>
      </symbol>
      <symbol id="sm-16be">
         <name>__TI_decompress_rle24</name>
         <value>0x4cbbb</value>
         <object_component_ref idref="oc-22"/>
      </symbol>
      <symbol id="sm-16d2">
         <name>__TI_zero_init</name>
         <value>0x4ca0f</value>
         <object_component_ref idref="oc-1c"/>
      </symbol>
      <symbol id="sm-16f1">
         <name>C$$EXIT</name>
         <value>0x4ba3d</value>
         <object_component_ref idref="oc-5b"/>
      </symbol>
      <symbol id="sm-16f2">
         <name>abort</name>
         <value>0x4ba41</value>
         <object_component_ref idref="oc-5b"/>
      </symbol>
      <symbol id="sm-16f3">
         <name>exit</name>
         <value>0x4ba49</value>
         <object_component_ref idref="oc-5b"/>
      </symbol>
      <symbol id="sm-16f4">
         <name>__TI_dtors_ptr</name>
         <value>0x200189f4</value>
         <object_component_ref idref="oc-ca"/>
      </symbol>
      <symbol id="sm-16f5">
         <name>__TI_cleanup_ptr</name>
         <value>0x200189f0</value>
         <object_component_ref idref="oc-ca"/>
      </symbol>
      <symbol id="sm-1705">
         <name>memcmp</name>
         <value>0x4c50d</value>
         <object_component_ref idref="oc-46e"/>
      </symbol>
      <symbol id="sm-1720">
         <name>memcpy</name>
         <value>0x49cc5</value>
         <object_component_ref idref="oc-65"/>
      </symbol>
      <symbol id="sm-1721">
         <name>__aeabi_memcpy</name>
         <value>0x49cc5</value>
         <object_component_ref idref="oc-65"/>
      </symbol>
      <symbol id="sm-1722">
         <name>__aeabi_memcpy8</name>
         <value>0x49cc5</value>
         <object_component_ref idref="oc-65"/>
      </symbol>
      <symbol id="sm-1723">
         <name>__aeabi_memcpy4</name>
         <value>0x49cc5</value>
         <object_component_ref idref="oc-65"/>
      </symbol>
      <symbol id="sm-1732">
         <name>__aeabi_memset</name>
         <value>0x4a9fb</value>
         <object_component_ref idref="oc-3a2"/>
      </symbol>
      <symbol id="sm-1733">
         <name>memset</name>
         <value>0x4aa01</value>
         <object_component_ref idref="oc-3a2"/>
      </symbol>
      <symbol id="sm-1734">
         <name>__aeabi_memset8</name>
         <value>0x4a9fb</value>
         <object_component_ref idref="oc-3a2"/>
      </symbol>
      <symbol id="sm-1735">
         <name>__aeabi_memset4</name>
         <value>0x4a9fb</value>
         <object_component_ref idref="oc-3a2"/>
      </symbol>
      <symbol id="sm-1736">
         <name>__aeabi_memclr8</name>
         <value>0x4a9f9</value>
         <object_component_ref idref="oc-3a2"/>
      </symbol>
      <symbol id="sm-1737">
         <name>__aeabi_memclr4</name>
         <value>0x4a9f9</value>
         <object_component_ref idref="oc-3a2"/>
      </symbol>
      <symbol id="sm-1738">
         <name>__aeabi_memclr</name>
         <value>0x4a9f9</value>
         <object_component_ref idref="oc-3a2"/>
      </symbol>
      <symbol id="sm-1740">
         <name>main_func_sp</name>
         <value>0x20018a08</value>
         <object_component_ref idref="oc-61"/>
      </symbol>
      <symbol id="sm-1750">
         <name>strchr</name>
         <value>0x4c8e3</value>
         <object_component_ref idref="oc-a67"/>
      </symbol>
      <symbol id="sm-175f">
         <name>strcmp</name>
         <value>0x4c85d</value>
         <object_component_ref idref="oc-40a"/>
      </symbol>
      <symbol id="sm-176d">
         <name>strcpy</name>
         <value>0x4caa9</value>
         <object_component_ref idref="oc-3c4"/>
      </symbol>
      <symbol id="sm-177b">
         <name>strlen</name>
         <value>0x4c989</value>
         <object_component_ref idref="oc-3eb"/>
      </symbol>
      <symbol id="sm-178b">
         <name>strncmp</name>
         <value>0x4c435</value>
         <object_component_ref idref="oc-9df"/>
      </symbol>
      <symbol id="sm-179e">
         <name>strstr</name>
         <value>0x4c00d</value>
         <object_component_ref idref="oc-a73"/>
      </symbol>
      <symbol id="sm-17ae">
         <name>__aeabi_uidivmod</name>
         <value>0x4bb4b</value>
         <object_component_ref idref="oc-768"/>
      </symbol>
      <symbol id="sm-17c7">
         <name>_nop</name>
         <value>0x4c983</value>
         <object_component_ref idref="oc-279"/>
      </symbol>
      <symbol id="sm-17c8">
         <name>_lock</name>
         <value>0x200189e8</value>
         <object_component_ref idref="oc-c7"/>
      </symbol>
      <symbol id="sm-17c9">
         <name>_unlock</name>
         <value>0x200189ec</value>
         <object_component_ref idref="oc-c7"/>
      </symbol>
      <symbol id="sm-17ca">
         <name>_register_lock</name>
         <value>0x4c97b</value>
         <object_component_ref idref="oc-279"/>
      </symbol>
      <symbol id="sm-17cb">
         <name>_register_unlock</name>
         <value>0x4c975</value>
         <object_component_ref idref="oc-279"/>
      </symbol>
      <symbol id="sm-17df">
         <name>_args_main</name>
         <value>0x4c845</value>
         <object_component_ref idref="oc-55"/>
      </symbol>
      <symbol id="sm-17fc">
         <name>__TI_auto_init</name>
         <value>0x49e95</value>
         <object_component_ref idref="oc-50"/>
      </symbol>
      <symbol id="sm-1815">
         <name>copy_in</name>
         <value>0x4b9f9</value>
         <object_component_ref idref="oc-b8"/>
      </symbol>
      <symbol id="sm-1856">
         <name>SysTickIntDisable</name>
         <value>0x4c94d</value>
         <object_component_ref idref="oc-3b3"/>
      </symbol>
      <symbol id="sm-1857">
         <name>SysTickEnable</name>
         <value>0x4c939</value>
         <object_component_ref idref="oc-1dc"/>
      </symbol>
      <symbol id="sm-1858">
         <name>SysTickIntEnable</name>
         <value>0x4c961</value>
         <object_component_ref idref="oc-1e2"/>
      </symbol>
      <symbol id="sm-1859">
         <name>SysTickPeriodSet</name>
         <value>0x4ca79</value>
         <object_component_ref idref="oc-1d6"/>
      </symbol>
      <symbol id="sm-185a">
         <name>SysTickDisable</name>
         <value>0x4c925</value>
         <object_component_ref idref="oc-3b9"/>
      </symbol>
      <symbol id="sm-1914">
         <name>SysCtlDelay</name>
         <value>0x4cbb5</value>
         <object_component_ref idref="oc-2fb"/>
      </symbol>
      <symbol id="sm-1915">
         <name>SysCtlMOSCConfigSet</name>
         <value>0x4cb01</value>
         <object_component_ref idref="oc-19a"/>
      </symbol>
      <symbol id="sm-1916">
         <name>SysCtlPeripheralEnable</name>
         <value>0x4bfa5</value>
         <object_component_ref idref="oc-1b2"/>
      </symbol>
      <symbol id="sm-1917">
         <name>SysCtlClockGet</name>
         <value>0x46fd1</value>
         <object_component_ref idref="oc-416"/>
      </symbol>
      <symbol id="sm-1918">
         <name>SysCtlPeripheralReady</name>
         <value>0x4bfd9</value>
         <object_component_ref idref="oc-519"/>
      </symbol>
      <symbol id="sm-1919">
         <name>SysCtlClockFreqSet</name>
         <value>0x44945</value>
         <object_component_ref idref="oc-1a0"/>
      </symbol>
      <symbol id="sm-191a">
         <name>SysCtlPeripheralReset</name>
         <value>0x4b6cd</value>
         <object_component_ref idref="oc-513"/>
      </symbol>
      <symbol id="sm-1959">
         <name>IntPrioritySet</name>
         <value>0x4c45d</value>
         <object_component_ref idref="oc-20f"/>
      </symbol>
      <symbol id="sm-195a">
         <name>IntEnable</name>
         <value>0x4b069</value>
         <object_component_ref idref="oc-8a8"/>
      </symbol>
      <symbol id="sm-195b">
         <name>IntMasterEnable</name>
         <value>0x4cb5b</value>
         <object_component_ref idref="oc-8ae"/>
      </symbol>
      <symbol id="sm-19a8">
         <name>I2CMasterDataPut</name>
         <value>0x4cbc9</value>
         <object_component_ref idref="oc-5f6"/>
      </symbol>
      <symbol id="sm-19a9">
         <name>I2CMasterIntClearEx</name>
         <value>0x4cbcd</value>
         <object_component_ref idref="oc-799"/>
      </symbol>
      <symbol id="sm-19aa">
         <name>I2CMasterSlaveAddrSet</name>
         <value>0x4cb7f</value>
         <object_component_ref idref="oc-5da"/>
      </symbol>
      <symbol id="sm-19ab">
         <name>I2CMasterDataGet</name>
         <value>0x4cbc5</value>
         <object_component_ref idref="oc-5ec"/>
      </symbol>
      <symbol id="sm-19ac">
         <name>I2CMasterControl</name>
         <value>0x4cbc1</value>
         <object_component_ref idref="oc-5e0"/>
      </symbol>
      <symbol id="sm-19ad">
         <name>I2CMasterBusy</name>
         <value>0x4cb77</value>
         <object_component_ref idref="oc-793"/>
      </symbol>
      <symbol id="sm-19ae">
         <name>I2CMasterEnable</name>
         <value>0x4cb47</value>
         <object_component_ref idref="oc-5d2"/>
      </symbol>
      <symbol id="sm-19af">
         <name>I2CMasterIntStatusEx</name>
         <value>0x4cb51</value>
         <object_component_ref idref="oc-78d"/>
      </symbol>
      <symbol id="sm-19b0">
         <name>I2CMasterDisable</name>
         <value>0x4cb3d</value>
         <object_component_ref idref="oc-5fe"/>
      </symbol>
      <symbol id="sm-1a10">
         <name>GPIOPinConfigure</name>
         <value>0x4b805</value>
         <object_component_ref idref="oc-1b8"/>
      </symbol>
      <symbol id="sm-1a11">
         <name>GPIOPinTypeI2CSCL</name>
         <value>0x4c9fd</value>
         <object_component_ref idref="oc-1c4"/>
      </symbol>
      <symbol id="sm-1a12">
         <name>GPIOPinTypeI2C</name>
         <value>0x4c9eb</value>
         <object_component_ref idref="oc-1be"/>
      </symbol>
      <symbol id="sm-1a13">
         <name>GPIOPinTypeGPIOOutput</name>
         <value>0x4c7e5</value>
         <object_component_ref idref="oc-1ca"/>
      </symbol>
      <symbol id="sm-1a14">
         <name>GPIOPinRead</name>
         <value>0x4cba3</value>
         <object_component_ref idref="oc-2f5"/>
      </symbol>
      <symbol id="sm-1a15">
         <name>GPIODirModeSet</name>
         <value>0x4c2a1</value>
         <object_component_ref idref="oc-359"/>
      </symbol>
      <symbol id="sm-1a16">
         <name>GPIOPinWrite</name>
         <value>0x4cba9</value>
         <object_component_ref idref="oc-1d0"/>
      </symbol>
      <symbol id="sm-1a17">
         <name>GPIOPadConfigSet</name>
         <value>0x46a1d</value>
         <object_component_ref idref="oc-33c"/>
      </symbol>
      <symbol id="sm-1a18">
         <name>GPIOPinTypeEthernetLED</name>
         <value>0x4c9d9</value>
         <object_component_ref idref="oc-342"/>
      </symbol>
      <symbol id="sm-1a27">
         <name>FlashUserGet</name>
         <value>0x4c911</value>
         <object_component_ref idref="oc-1e8"/>
      </symbol>
      <symbol id="sm-1ae1">
         <name>EMACConfigSet</name>
         <value>0x4bf3d</value>
         <object_component_ref idref="oc-2bf"/>
      </symbol>
      <symbol id="sm-1ae2">
         <name>EMACTxEnable</name>
         <value>0x4c8a1</value>
         <object_component_ref idref="oc-896"/>
      </symbol>
      <symbol id="sm-1ae3">
         <name>EMACRxDMADescriptorListSet</name>
         <value>0x4cb91</value>
         <object_component_ref idref="oc-9a7"/>
      </symbol>
      <symbol id="sm-1ae4">
         <name>EMACPHYConfigSet</name>
         <value>0x4b475</value>
         <object_component_ref idref="oc-369"/>
      </symbol>
      <symbol id="sm-1ae5">
         <name>EMACPHYRead</name>
         <value>0x4c3e9</value>
         <object_component_ref idref="oc-2a7"/>
      </symbol>
      <symbol id="sm-1ae6">
         <name>EMACTimestampIntStatus</name>
         <value>0x4cb97</value>
         <object_component_ref idref="oc-93"/>
      </symbol>
      <symbol id="sm-1ae7">
         <name>EMACRxEnable</name>
         <value>0x4c88b</value>
         <object_component_ref idref="oc-89c"/>
      </symbol>
      <symbol id="sm-1ae8">
         <name>EMACIntClear</name>
         <value>0x4bf71</value>
         <object_component_ref idref="oc-890"/>
      </symbol>
      <symbol id="sm-1ae9">
         <name>EMACConfigGet</name>
         <value>0x4bf09</value>
         <object_component_ref idref="oc-2b9"/>
      </symbol>
      <symbol id="sm-1aea">
         <name>EMACIntEnable</name>
         <value>0x4bd41</value>
         <object_component_ref idref="oc-8a2"/>
      </symbol>
      <symbol id="sm-1aeb">
         <name>EMACPHYWrite</name>
         <value>0x4c40f</value>
         <object_component_ref idref="oc-87e"/>
      </symbol>
      <symbol id="sm-1aec">
         <name>EMACReset</name>
         <value>0x4c875</value>
         <object_component_ref idref="oc-51f"/>
      </symbol>
      <symbol id="sm-1aed">
         <name>EMACFrameFilterSet</name>
         <value>0x4ca59</value>
         <object_component_ref idref="oc-884"/>
      </symbol>
      <symbol id="sm-1aee">
         <name>EMACTxDMAPollDemand</name>
         <value>0x4cb6f</value>
         <object_component_ref idref="oc-8d5"/>
      </symbol>
      <symbol id="sm-1aef">
         <name>EMACAddrGet</name>
         <value>0x4c695</value>
         <object_component_ref idref="oc-872"/>
      </symbol>
      <symbol id="sm-1af0">
         <name>EMACTxDMADescriptorListSet</name>
         <value>0x4cb9d</value>
         <object_component_ref idref="oc-9ad"/>
      </symbol>
      <symbol id="sm-1af1">
         <name>EMACIntStatus</name>
         <value>0x4c1ef</value>
         <object_component_ref idref="oc-88a"/>
      </symbol>
      <symbol id="sm-1afb">
         <name>CPUcpsie</name>
         <value>0x4caf3</value>
         <object_component_ref idref="oc-9bf"/>
      </symbol>
      <symbol id="sm-1afd">
         <name>__TI_static_base__</name>
         <value>0x0</value>
      </symbol>
      <symbol id="sm-1afe">
         <name>__TI_args_main</name>
         <value>0x1</value>
      </symbol>
      <symbol id="sm-1aff">
         <name>SHT$$INIT_ARRAY$$Limit</name>
         <value>0x0</value>
      </symbol>
      <symbol id="sm-1b00">
         <name>SHT$$INIT_ARRAY$$Base</name>
         <value>0x0</value>
      </symbol>
   </symbol_table>
   <title>Link successful</title>
</link_info>
